MSBuild version 17.8.27+3ab07f0cf for .NET
  Determining projects to restore...
  All projects are up-to-date for restore.
/home/ooples/AiDotNet/src/Interfaces/IInterpretableModel.cs(15,88): error CS0246: The type or namespace name 'ModelMetadata<>' could not be found (are you missing a using directive or an assembly reference?) [/home/ooples/AiDotNet/src/AiDotNet.csproj::TargetFramework=net462]
/home/ooples/AiDotNet/src/Ensemble/VotingEnsemble.cs(416,21): error CS0246: The type or namespace name 'ModelMetadata<>' could not be found (are you missing a using directive or an assembly reference?) [/home/ooples/AiDotNet/src/AiDotNet.csproj::TargetFramework=net462]
/home/ooples/AiDotNet/src/Ensemble/VotingEnsemble.cs(454,43): error CS0246: The type or namespace name 'ModelMetadata<>' could not be found (are you missing a using directive or an assembly reference?) [/home/ooples/AiDotNet/src/AiDotNet.csproj::TargetFramework=net462]
/home/ooples/AiDotNet/src/Ensemble/VotingEnsemble.cs(1340,63): error CS0246: The type or namespace name 'ModelMetadata<>' could not be found (are you missing a using directive or an assembly reference?) [/home/ooples/AiDotNet/src/AiDotNet.csproj::TargetFramework=net462]
/home/ooples/AiDotNet/src/Ensemble/VotingEnsemble.cs(36,14): error CS0534: 'VotingEnsemble<T, TInput, TOutput>' does not implement inherited abstract member 'InterpretableModelBase<T, TInput, TOutput>.SetModelMetaData(ModelMetaData<T>)' [/home/ooples/AiDotNet/src/AiDotNet.csproj::TargetFramework=net462]
/home/ooples/AiDotNet/src/Compression/Hardware/InferenceOptimizer.cs(239,57): error CS0104: 'IQuantizedModel<,,>' is an ambiguous reference between 'AiDotNet.Interfaces.IQuantizedModel<T, TInput, TOutput>' and 'AiDotNet.Compression.Quantization.IQuantizedModel<T, TInput, TOutput>' [/home/ooples/AiDotNet/src/AiDotNet.csproj::TargetFramework=net462]
/home/ooples/AiDotNet/src/Compression/Hardware/InferenceOptimizer.cs(304,54): error CS0104: 'IPrunedModel<,,>' is an ambiguous reference between 'AiDotNet.Interfaces.IPrunedModel<T, TInput, TOutput>' and 'AiDotNet.Compression.Pruning.IPrunedModel<T, TInput, TOutput>' [/home/ooples/AiDotNet/src/AiDotNet.csproj::TargetFramework=net462]
/home/ooples/AiDotNet/src/Compression/Hardware/InferenceOptimizer.cs(640,53): error CS0104: 'IPrunedModel<,,>' is an ambiguous reference between 'AiDotNet.Interfaces.IPrunedModel<T, TInput, TOutput>' and 'AiDotNet.Compression.Pruning.IPrunedModel<T, TInput, TOutput>' [/home/ooples/AiDotNet/src/AiDotNet.csproj::TargetFramework=net462]
/home/ooples/AiDotNet/src/Interfaces/IInterpretableModel.cs(104,51): error CS0246: The type or namespace name 'ModelMetadata<>' could not be found (are you missing a using directive or an assembly reference?) [/home/ooples/AiDotNet/src/AiDotNet.csproj::TargetFramework=net462]
/home/ooples/AiDotNet/src/Deployment/CachedModel.cs(28,16): error CS0246: The type or namespace name 'ModelMetadata<>' could not be found (are you missing a using directive or an assembly reference?) [/home/ooples/AiDotNet/src/AiDotNet.csproj::TargetFramework=net462]
/home/ooples/AiDotNet/src/Interpretability/InterpretableModelBase.cs(18,72): error CS0535: 'InterpretableModelBase<T, TInput, TOutput>' does not implement interface member 'IInterpretableModel<T, TInput, TOutput>.SetBaseModel(IModel<TInput, TOutput, ModelMetadata<T>>)' [/home/ooples/AiDotNet/src/AiDotNet.csproj::TargetFramework=net462]
/home/ooples/AiDotNet/src/Interpretability/InterpretableModelBase.cs(18,72): error CS0738: 'InterpretableModelBase<T, TInput, TOutput>' does not implement interface member 'IModel<TInput, TOutput, ModelMetadata<T>>.GetModelMetaData()'. 'InterpretableModelBase<T, TInput, TOutput>.GetModelMetaData()' cannot implement 'IModel<TInput, TOutput, ModelMetadata<T>>.GetModelMetaData()' because it does not have the matching return type of 'ModelMetadata<T>'. [/home/ooples/AiDotNet/src/AiDotNet.csproj::TargetFramework=net462]
/home/ooples/AiDotNet/src/Deployment/CachedModel.cs(129,25): error CS0246: The type or namespace name 'ModelMetadata<>' could not be found (are you missing a using directive or an assembly reference?) [/home/ooples/AiDotNet/src/AiDotNet.csproj::TargetFramework=net462]
/home/ooples/AiDotNet/src/Ensemble/EnsembleModelBase.cs(26,107): error CS0738: 'EnsembleModelBase<T, TInput, TOutput>' does not implement interface member 'IModel<TInput, TOutput, ModelMetadata<T>>.GetModelMetaData()'. 'EnsembleModelBase<T, TInput, TOutput>.GetModelMetaData()' cannot implement 'IModel<TInput, TOutput, ModelMetadata<T>>.GetModelMetaData()' because it does not have the matching return type of 'ModelMetadata<T>'. [/home/ooples/AiDotNet/src/AiDotNet.csproj::TargetFramework=net462]
/home/ooples/AiDotNet/src/FoundationModels/FoundationModelAdapter.cs(21,112): error CS0738: 'FoundationModelAdapter<T>' does not implement interface member 'IModel<Matrix<T>, Vector<T>, ModelMetadata<T>>.GetModelMetaData()'. 'FoundationModelAdapter<T>.GetModelMetaData()' cannot implement 'IModel<Matrix<T>, Vector<T>, ModelMetadata<T>>.GetModelMetaData()' because it does not have the matching return type of 'ModelMetadata<T>'. [/home/ooples/AiDotNet/src/AiDotNet.csproj::TargetFramework=net462]
/home/ooples/AiDotNet/src/Deployment/CachedModel.cs(134,47): error CS0246: The type or namespace name 'ModelMetadata<>' could not be found (are you missing a using directive or an assembly reference?) [/home/ooples/AiDotNet/src/AiDotNet.csproj::TargetFramework=net462]
/home/ooples/AiDotNet/src/Interpretability/InterpretableModelBase.cs(21,43): error CS0246: The type or namespace name 'ModelMetadata<>' could not be found (are you missing a using directive or an assembly reference?) [/home/ooples/AiDotNet/src/AiDotNet.csproj::TargetFramework=net462]
/home/ooples/AiDotNet/src/Deployment/CachedModel.cs(241,72): error CS0246: The type or namespace name 'ModelMetadata<>' could not be found (are you missing a using directive or an assembly reference?) [/home/ooples/AiDotNet/src/AiDotNet.csproj::TargetFramework=net462]
/home/ooples/AiDotNet/src/Deployment/CachedModel.cs(129,42): error CS0115: 'CachedModel<T>.GetModelMetadata()': no suitable method found to override [/home/ooples/AiDotNet/src/AiDotNet.csproj::TargetFramework=net462]
/home/ooples/AiDotNet/src/Deployment/CachedModel.cs(15,20): error CS0534: 'CachedModel<T>' does not implement inherited abstract member 'InterpretableModelBase<T, Tensor<T>, Tensor<T>>.GetModelMetaData()' [/home/ooples/AiDotNet/src/AiDotNet.csproj::TargetFramework=net462]
/home/ooples/AiDotNet/src/Deployment/CachedModel.cs(15,20): error CS0534: 'CachedModel<T>' does not implement inherited abstract member 'InterpretableModelBase<T, Tensor<T>, Tensor<T>>.SetModelMetaData(ModelMetaData<T>)' [/home/ooples/AiDotNet/src/AiDotNet.csproj::TargetFramework=net462]
/home/ooples/AiDotNet/src/Deployment/CachedModel.cs(15,86): error CS0738: 'CachedModel<T>' does not implement interface member 'IModel<Tensor<T>, Tensor<T>, ModelMetadata<T>>.GetModelMetaData()'. 'InterpretableModelBase<T, Tensor<T>, Tensor<T>>.GetModelMetaData()' cannot implement 'IModel<Tensor<T>, Tensor<T>, ModelMetadata<T>>.GetModelMetaData()' because it does not have the matching return type of 'ModelMetadata<T>'. [/home/ooples/AiDotNet/src/AiDotNet.csproj::TargetFramework=net462]
/home/ooples/AiDotNet/src/FoundationModels/FoundationModelBase.cs(23,108): error CS0738: 'FoundationModelBase<T>' does not implement interface member 'IModel<string, string, ModelMetadata<T>>.GetModelMetaData()'. 'FoundationModelBase<T>.GetModelMetaData()' cannot implement 'IModel<string, string, ModelMetadata<T>>.GetModelMetaData()' because it does not have the matching return type of 'ModelMetadata<T>'. [/home/ooples/AiDotNet/src/AiDotNet.csproj::TargetFramework=net462]
/home/ooples/AiDotNet/src/Genetics/ModelIndividual.cs(33,5): error CS0738: 'ModelIndividual<T, TInput, TOutput, TGene>' does not implement interface member 'IModel<TInput, TOutput, ModelMetadata<T>>.GetModelMetaData()'. 'ModelIndividual<T, TInput, TOutput, TGene>.GetModelMetaData()' cannot implement 'IModel<TInput, TOutput, ModelMetadata<T>>.GetModelMetaData()' because it does not have the matching return type of 'ModelMetadata<T>'. [/home/ooples/AiDotNet/src/AiDotNet.csproj::TargetFramework=net462]
/home/ooples/AiDotNet/src/MultimodalAI/MultimodalModelBase.cs(21,52): error CS0535: 'MultimodalModelBase<T>' does not implement interface member 'IInterpretableModel<T, Dictionary<string, object>, Vector<T>>.SetBaseModel(IModel<Dictionary<string, object>, Vector<T>, ModelMetadata<T>>)' [/home/ooples/AiDotNet/src/AiDotNet.csproj::TargetFramework=net462]
/home/ooples/AiDotNet/src/MultimodalAI/MultimodalModelBase.cs(21,52): error CS0738: 'MultimodalModelBase<T>' does not implement interface member 'IModel<Dictionary<string, object>, Vector<T>, ModelMetadata<T>>.GetModelMetaData()'. 'MultimodalModelBase<T>.GetModelMetaData()' cannot implement 'IModel<Dictionary<string, object>, Vector<T>, ModelMetadata<T>>.GetModelMetaData()' because it does not have the matching return type of 'ModelMetadata<T>'. [/home/ooples/AiDotNet/src/AiDotNet.csproj::TargetFramework=net462]
/home/ooples/AiDotNet/src/AutoML/AutoMLModelBase.cs(21,65): error CS0535: 'AutoMLModelBase<T, TInput, TOutput>' does not implement interface member 'IInterpretableModel<T, TInput, TOutput>.SetBaseModel(IModel<TInput, TOutput, ModelMetadata<T>>)' [/home/ooples/AiDotNet/src/AiDotNet.csproj::TargetFramework=net462]
/home/ooples/AiDotNet/src/AutoML/AutoMLModelBase.cs(21,65): error CS0738: 'AutoMLModelBase<T, TInput, TOutput>' does not implement interface member 'IModel<TInput, TOutput, ModelMetadata<T>>.GetModelMetaData()'. 'AutoMLModelBase<T, TInput, TOutput>.GetModelMetaData()' cannot implement 'IModel<TInput, TOutput, ModelMetadata<T>>.GetModelMetaData()' because it does not have the matching return type of 'ModelMetadata<T>'. [/home/ooples/AiDotNet/src/AiDotNet.csproj::TargetFramework=net462]
/home/ooples/AiDotNet/src/LinearAlgebra/ExpressionTree.cs(15,51): error CS0535: 'ExpressionTree<T, TInput, TOutput>' does not implement interface member 'IInterpretableModel<T, TInput, TOutput>.SetBaseModel(IModel<TInput, TOutput, ModelMetadata<T>>)' [/home/ooples/AiDotNet/src/AiDotNet.csproj::TargetFramework=net462]
/home/ooples/AiDotNet/src/LinearAlgebra/ExpressionTree.cs(15,51): error CS0738: 'ExpressionTree<T, TInput, TOutput>' does not implement interface member 'IModel<TInput, TOutput, ModelMetadata<T>>.GetModelMetaData()'. 'ExpressionTree<T, TInput, TOutput>.GetModelMetaData()' cannot implement 'IModel<TInput, TOutput, ModelMetadata<T>>.GetModelMetaData()' because it does not have the matching return type of 'ModelMetadata<T>'. [/home/ooples/AiDotNet/src/AiDotNet.csproj::TargetFramework=net462]
/home/ooples/AiDotNet/src/AutoML/SimpleAutoMLModel.cs(21,41): error CS0535: 'SimpleAutoMLModel<T>' does not implement interface member 'IInterpretableModel<T, Matrix<T>, Vector<T>>.SetBaseModel(IModel<Matrix<T>, Vector<T>, ModelMetadata<T>>)' [/home/ooples/AiDotNet/src/AiDotNet.csproj::TargetFramework=net462]
/home/ooples/AiDotNet/src/AutoML/SimpleAutoMLModel.cs(21,41): error CS0738: 'SimpleAutoMLModel<T>' does not implement interface member 'IModel<Matrix<T>, Vector<T>, ModelMetadata<T>>.GetModelMetaData()'. 'SimpleAutoMLModel<T>.GetModelMetaData()' cannot implement 'IModel<Matrix<T>, Vector<T>, ModelMetadata<T>>.GetModelMetaData()' because it does not have the matching return type of 'ModelMetadata<T>'. [/home/ooples/AiDotNet/src/AiDotNet.csproj::TargetFramework=net462]
/home/ooples/AiDotNet/src/NeuralNetworks/NeuralNetworkBase.cs(16,46): error CS0535: 'NeuralNetworkBase<T>' does not implement interface member 'IInterpretableModel<T, Tensor<T>, Tensor<T>>.SetBaseModel(IModel<Tensor<T>, Tensor<T>, ModelMetadata<T>>)' [/home/ooples/AiDotNet/src/AiDotNet.csproj::TargetFramework=net462]
/home/ooples/AiDotNet/src/NeuralNetworks/NeuralNetworkBase.cs(16,46): error CS0738: 'NeuralNetworkBase<T>' does not implement interface member 'IModel<Tensor<T>, Tensor<T>, ModelMetadata<T>>.GetModelMetaData()'. 'NeuralNetworkBase<T>.GetModelMetaData()' cannot implement 'IModel<Tensor<T>, Tensor<T>, ModelMetadata<T>>.GetModelMetaData()' because it does not have the matching return type of 'ModelMetadata<T>'. [/home/ooples/AiDotNet/src/AiDotNet.csproj::TargetFramework=net462]
/home/ooples/AiDotNet/src/NeuralNetworks/ConditionalUNet.cs(21,63): error CS0738: 'ConditionalUNet' does not implement interface member 'IModel<Tensor<double>, Tensor<double>, ModelMetadata<double>>.GetModelMetaData()'. 'ConditionalUNet.GetModelMetaData()' cannot implement 'IModel<Tensor<double>, Tensor<double>, ModelMetadata<double>>.GetModelMetaData()' because it does not have the matching return type of 'ModelMetadata<double>'. [/home/ooples/AiDotNet/src/AiDotNet.csproj::TargetFramework=net462]
/home/ooples/AiDotNet/src/Deployment/Techniques/ModelQuantizer.cs(157,28): error CS0305: Using the generic type 'CalibrationData<T>' requires 1 type arguments [/home/ooples/AiDotNet/src/AiDotNet.csproj::TargetFramework=net462]
/home/ooples/AiDotNet/src/OnlineLearning/OnlineModelBase.cs(22,61): error CS0535: 'OnlineModelBase<T, TInput, TOutput>' does not implement interface member 'IInterpretableModel<T, TInput, TOutput>.SetBaseModel(IModel<TInput, TOutput, ModelMetadata<T>>)' [/home/ooples/AiDotNet/src/AiDotNet.csproj::TargetFramework=net462]
/home/ooples/AiDotNet/src/OnlineLearning/OnlineModelBase.cs(22,61): error CS0738: 'OnlineModelBase<T, TInput, TOutput>' does not implement interface member 'IModel<TInput, TOutput, ModelMetadata<T>>.GetModelMetaData()'. 'OnlineModelBase<T, TInput, TOutput>.GetModelMetaData()' cannot implement 'IModel<TInput, TOutput, ModelMetadata<T>>.GetModelMetaData()' because it does not have the matching return type of 'ModelMetadata<T>'. [/home/ooples/AiDotNet/src/AiDotNet.csproj::TargetFramework=net462]
/home/ooples/AiDotNet/src/Deployment/Techniques/ModelQuantizer.cs(22,88): error CS0453: The type 'T' must be a non-nullable value type in order to use it as parameter 'T' in the generic type or method 'IQuantizationStrategy<T, TInput, TOutput>' [/home/ooples/AiDotNet/src/AiDotNet.csproj::TargetFramework=net462]
/home/ooples/AiDotNet/src/Deployment/Techniques/ModelQuantizer.cs(30,79): error CS0453: The type 'T' must be a non-nullable value type in order to use it as parameter 'T' in the generic type or method 'IQuantizationStrategy<T, TInput, TOutput>' [/home/ooples/AiDotNet/src/AiDotNet.csproj::TargetFramework=net462]
/home/ooples/AiDotNet/src/OnlineLearning/AdaptiveOnlineModelBase.cs(14,42): error CS0738: 'AdaptiveOnlineModelBase<T, TInput, TOutput>' does not implement interface member 'IModel<TInput, TOutput, ModelMetadata<T>>.GetModelMetaData()'. 'OnlineModelBase<T, TInput, TOutput>.GetModelMetaData()' cannot implement 'IModel<TInput, TOutput, ModelMetadata<T>>.GetModelMetaData()' because it does not have the matching return type of 'ModelMetadata<T>'. [/home/ooples/AiDotNet/src/AiDotNet.csproj::TargetFramework=net462]
/home/ooples/AiDotNet/src/Models/NeuralNetworkModel.cs(28,38): error CS0535: 'NeuralNetworkModel<T>' does not implement interface member 'IInterpretableModel<T, Tensor<T>, Tensor<T>>.SetBaseModel(IModel<Tensor<T>, Tensor<T>, ModelMetadata<T>>)' [/home/ooples/AiDotNet/src/AiDotNet.csproj::TargetFramework=net462]
/home/ooples/AiDotNet/src/Models/NeuralNetworkModel.cs(28,38): error CS0738: 'NeuralNetworkModel<T>' does not implement interface member 'IModel<Tensor<T>, Tensor<T>, ModelMetadata<T>>.GetModelMetaData()'. 'NeuralNetworkModel<T>.GetModelMetaData()' cannot implement 'IModel<Tensor<T>, Tensor<T>, ModelMetadata<T>>.GetModelMetaData()' because it does not have the matching return type of 'ModelMetadata<T>'. [/home/ooples/AiDotNet/src/AiDotNet.csproj::TargetFramework=net462]
/home/ooples/AiDotNet/src/ProductionMonitoring/MonitoredModelWrapper.cs(17,62): error CS0535: 'MonitoredModelWrapper<T, TInput, TOutput>' does not implement interface member 'IInterpretableModel<T, TInput, TOutput>.SetBaseModel(IModel<TInput, TOutput, ModelMetadata<T>>)' [/home/ooples/AiDotNet/src/AiDotNet.csproj::TargetFramework=net462]
/home/ooples/AiDotNet/src/ProductionMonitoring/MonitoredModelWrapper.cs(17,62): error CS0738: 'MonitoredModelWrapper<T, TInput, TOutput>' does not implement interface member 'IModel<TInput, TOutput, ModelMetadata<T>>.GetModelMetaData()'. 'MonitoredModelWrapper<T, TInput, TOutput>.GetModelMetaData()' cannot implement 'IModel<TInput, TOutput, ModelMetadata<T>>.GetModelMetaData()' because it does not have the matching return type of 'ModelMetadata<T>'. [/home/ooples/AiDotNet/src/AiDotNet.csproj::TargetFramework=net462]
/home/ooples/AiDotNet/src/Deployment/Techniques/QuantizedNeuralNetwork.cs(154,25): error CS0246: The type or namespace name 'ModelMetadata<>' could not be found (are you missing a using directive or an assembly reference?) [/home/ooples/AiDotNet/src/AiDotNet.csproj::TargetFramework=net462]
/home/ooples/AiDotNet/src/Deployment/Techniques/QuantizedNeuralNetwork.cs(154,42): error CS0115: 'QuantizedNeuralNetwork<T>.GetModelMetadata()': no suitable method found to override [/home/ooples/AiDotNet/src/AiDotNet.csproj::TargetFramework=net462]
/home/ooples/AiDotNet/src/Deployment/Techniques/QuantizedNeuralNetwork.cs(19,18): error CS0534: 'QuantizedNeuralNetwork<T>' does not implement inherited abstract member 'NeuralNetworkBase<T>.GetModelMetaData()' [/home/ooples/AiDotNet/src/AiDotNet.csproj::TargetFramework=net462]
/home/ooples/AiDotNet/src/Deployment/Techniques/QuantizedNeuralNetwork.cs(19,68): error CS0738: 'QuantizedNeuralNetwork<T>' does not implement interface member 'IModel<Tensor<T>, Tensor<T>, ModelMetadata<T>>.GetModelMetaData()'. 'NeuralNetworkBase<T>.GetModelMetaData()' cannot implement 'IModel<Tensor<T>, Tensor<T>, ModelMetadata<T>>.GetModelMetaData()' because it does not have the matching return type of 'ModelMetadata<T>'. [/home/ooples/AiDotNet/src/AiDotNet.csproj::TargetFramework=net462]
/home/ooples/AiDotNet/src/Reasoning/ReasoningModelBase.cs(40,51): error CS0535: 'ReasoningModelBase<T>' does not implement interface member 'IInterpretableModel<T, Tensor<T>, Tensor<T>>.SetBaseModel(IModel<Tensor<T>, Tensor<T>, ModelMetadata<T>>)' [/home/ooples/AiDotNet/src/AiDotNet.csproj::TargetFramework=net462]
/home/ooples/AiDotNet/src/Reasoning/ReasoningModelBase.cs(40,51): error CS0738: 'ReasoningModelBase<T>' does not implement interface member 'IModel<Tensor<T>, Tensor<T>, ModelMetadata<T>>.GetModelMetaData()'. 'ReasoningModelBase<T>.GetModelMetaData()' cannot implement 'IModel<Tensor<T>, Tensor<T>, ModelMetadata<T>>.GetModelMetaData()' because it does not have the matching return type of 'ModelMetadata<T>'. [/home/ooples/AiDotNet/src/AiDotNet.csproj::TargetFramework=net462]
/home/ooples/AiDotNet/src/Models/ParameterPlaceholderModel.cs(31,62): error CS0535: 'ParameterPlaceholderModel<T, TInput, TOutput>' does not implement interface member 'IInterpretableModel<T, TInput, TOutput>.SetBaseModel(IModel<TInput, TOutput, ModelMetadata<T>>)' [/home/ooples/AiDotNet/src/AiDotNet.csproj::TargetFramework=net462]
/home/ooples/AiDotNet/src/Models/ParameterPlaceholderModel.cs(31,62): error CS0738: 'ParameterPlaceholderModel<T, TInput, TOutput>' does not implement interface member 'IModel<TInput, TOutput, ModelMetadata<T>>.GetModelMetaData()'. 'ParameterPlaceholderModel<T, TInput, TOutput>.GetModelMetaData()' cannot implement 'IModel<TInput, TOutput, ModelMetadata<T>>.GetModelMetaData()' because it does not have the matching return type of 'ModelMetadata<T>'. [/home/ooples/AiDotNet/src/AiDotNet.csproj::TargetFramework=net462]
/home/ooples/AiDotNet/src/ReinforcementLearning/Agents/DQNAgent.cs(654,29): error CS0535: 'DQNAgent<TState, T>.QNetwork' does not implement interface member 'IInterpretableModel<T, Tensor<T>, Tensor<T>>.SetBaseModel(IModel<Tensor<T>, Tensor<T>, ModelMetadata<T>>)' [/home/ooples/AiDotNet/src/AiDotNet.csproj::TargetFramework=net462]
/home/ooples/AiDotNet/src/ReinforcementLearning/Agents/DQNAgent.cs(654,29): error CS0738: 'DQNAgent<TState, T>.QNetwork' does not implement interface member 'IModel<Tensor<T>, Tensor<T>, ModelMetadata<T>>.GetModelMetaData()'. 'DQNAgent<TState, T>.QNetwork.GetModelMetaData()' cannot implement 'IModel<Tensor<T>, Tensor<T>, ModelMetadata<T>>.GetModelMetaData()' because it does not have the matching return type of 'ModelMetadata<T>'. [/home/ooples/AiDotNet/src/AiDotNet.csproj::TargetFramework=net462]
/home/ooples/AiDotNet/src/TransferLearning/TransferLearningModelBase.cs(20,71): error CS0535: 'TransferLearningModelBase<T, TInput, TOutput>' does not implement interface member 'IInterpretableModel<T, TInput, TOutput>.SetBaseModel(IModel<TInput, TOutput, ModelMetadata<T>>)' [/home/ooples/AiDotNet/src/AiDotNet.csproj::TargetFramework=net462]
/home/ooples/AiDotNet/src/TransferLearning/TransferLearningModelBase.cs(20,71): error CS0738: 'TransferLearningModelBase<T, TInput, TOutput>' does not implement interface member 'IModel<TInput, TOutput, ModelMetadata<T>>.GetModelMetaData()'. 'TransferLearningModelBase<T, TInput, TOutput>.GetModelMetaData()' cannot implement 'IModel<TInput, TOutput, ModelMetadata<T>>.GetModelMetaData()' because it does not have the matching return type of 'ModelMetadata<T>'. [/home/ooples/AiDotNet/src/AiDotNet.csproj::TargetFramework=net462]
/home/ooples/AiDotNet/src/Models/VectorModel.cs(40,31): error CS0535: 'VectorModel<T>' does not implement interface member 'IInterpretableModel<T, Matrix<T>, Vector<T>>.SetBaseModel(IModel<Matrix<T>, Vector<T>, ModelMetadata<T>>)' [/home/ooples/AiDotNet/src/AiDotNet.csproj::TargetFramework=net462]
/home/ooples/AiDotNet/src/Models/VectorModel.cs(40,31): error CS0738: 'VectorModel<T>' does not implement interface member 'IModel<Matrix<T>, Vector<T>, ModelMetadata<T>>.GetModelMetaData()'. 'VectorModel<T>.GetModelMetaData()' cannot implement 'IModel<Matrix<T>, Vector<T>, ModelMetadata<T>>.GetModelMetaData()' because it does not have the matching return type of 'ModelMetadata<T>'. [/home/ooples/AiDotNet/src/AiDotNet.csproj::TargetFramework=net462]
/home/ooples/AiDotNet/src/Regression/DecisionTreeAsyncRegressionBase.cs(40,65): error CS0535: 'AsyncDecisionTreeRegressionModelBase<T>' does not implement interface member 'IInterpretableModel<T, Matrix<T>, Vector<T>>.SetBaseModel(IModel<Matrix<T>, Vector<T>, ModelMetadata<T>>)' [/home/ooples/AiDotNet/src/AiDotNet.csproj::TargetFramework=net462]
/home/ooples/AiDotNet/src/Regression/DecisionTreeAsyncRegressionBase.cs(40,65): error CS0738: 'AsyncDecisionTreeRegressionModelBase<T>' does not implement interface member 'IModel<Matrix<T>, Vector<T>, ModelMetadata<T>>.GetModelMetaData()'. 'AsyncDecisionTreeRegressionModelBase<T>.GetModelMetaData()' cannot implement 'IModel<Matrix<T>, Vector<T>, ModelMetadata<T>>.GetModelMetaData()' because it does not have the matching return type of 'ModelMetadata<T>'. [/home/ooples/AiDotNet/src/AiDotNet.csproj::TargetFramework=net462]
/home/ooples/AiDotNet/src/Regression/DecisionTreeRegressionBase.cs(31,60): error CS0535: 'DecisionTreeRegressionModelBase<T>' does not implement interface member 'IInterpretableModel<T, Matrix<T>, Vector<T>>.SetBaseModel(IModel<Matrix<T>, Vector<T>, ModelMetadata<T>>)' [/home/ooples/AiDotNet/src/AiDotNet.csproj::TargetFramework=net462]
/home/ooples/AiDotNet/src/Regression/DecisionTreeRegressionBase.cs(31,60): error CS0738: 'DecisionTreeRegressionModelBase<T>' does not implement interface member 'IModel<Matrix<T>, Vector<T>, ModelMetadata<T>>.GetModelMetaData()'. 'DecisionTreeRegressionModelBase<T>.GetModelMetaData()' cannot implement 'IModel<Matrix<T>, Vector<T>, ModelMetadata<T>>.GetModelMetaData()' because it does not have the matching return type of 'ModelMetadata<T>'. [/home/ooples/AiDotNet/src/AiDotNet.csproj::TargetFramework=net462]
/home/ooples/AiDotNet/src/Regression/NonLinearRegressionBase.cs(28,57): error CS0535: 'NonLinearRegressionModelBase<T>' does not implement interface member 'IInterpretableModel<T, Matrix<T>, Vector<T>>.SetBaseModel(IModel<Matrix<T>, Vector<T>, ModelMetadata<T>>)' [/home/ooples/AiDotNet/src/AiDotNet.csproj::TargetFramework=net462]
/home/ooples/AiDotNet/src/Regression/NonLinearRegressionBase.cs(28,57): error CS0738: 'NonLinearRegressionModelBase<T>' does not implement interface member 'IModel<Matrix<T>, Vector<T>, ModelMetadata<T>>.GetModelMetaData()'. 'NonLinearRegressionModelBase<T>.GetModelMetaData()' cannot implement 'IModel<Matrix<T>, Vector<T>, ModelMetadata<T>>.GetModelMetaData()' because it does not have the matching return type of 'ModelMetadata<T>'. [/home/ooples/AiDotNet/src/AiDotNet.csproj::TargetFramework=net462]
/home/ooples/AiDotNet/src/ReinforcementLearning/Models/ReinforcementLearningModelBase.cs(57,59): error CS0535: 'ReinforcementLearningModelBase<T>' does not implement interface member 'IInterpretableModel<T, Tensor<T>, Tensor<T>>.SetBaseModel(IModel<Tensor<T>, Tensor<T>, ModelMetadata<T>>)' [/home/ooples/AiDotNet/src/AiDotNet.csproj::TargetFramework=net462]
/home/ooples/AiDotNet/src/ReinforcementLearning/Models/ReinforcementLearningModelBase.cs(57,59): error CS0738: 'ReinforcementLearningModelBase<T>' does not implement interface member 'IModel<Tensor<T>, Tensor<T>, ModelMetadata<T>>.GetModelMetaData()'. 'ReinforcementLearningModelBase<T>.GetModelMetaData()' cannot implement 'IModel<Tensor<T>, Tensor<T>, ModelMetadata<T>>.GetModelMetaData()' because it does not have the matching return type of 'ModelMetadata<T>'. [/home/ooples/AiDotNet/src/AiDotNet.csproj::TargetFramework=net462]
/home/ooples/AiDotNet/src/Regression/RegressionModelBase.cs(32,48): error CS0535: 'RegressionModelBase<T>' does not implement interface member 'IInterpretableModel<T, Matrix<T>, Vector<T>>.SetBaseModel(IModel<Matrix<T>, Vector<T>, ModelMetadata<T>>)' [/home/ooples/AiDotNet/src/AiDotNet.csproj::TargetFramework=net462]
/home/ooples/AiDotNet/src/Regression/RegressionModelBase.cs(32,48): error CS0738: 'RegressionModelBase<T>' does not implement interface member 'IModel<Matrix<T>, Vector<T>, ModelMetadata<T>>.GetModelMetaData()'. 'RegressionModelBase<T>.GetModelMetaData()' cannot implement 'IModel<Matrix<T>, Vector<T>, ModelMetadata<T>>.GetModelMetaData()' because it does not have the matching return type of 'ModelMetadata<T>'. [/home/ooples/AiDotNet/src/AiDotNet.csproj::TargetFramework=net462]
/home/ooples/AiDotNet/src/NeuralNetworks/TokenizerAdapter.cs(19,40): error CS0535: 'TokenizerAdapter<T>' does not implement interface member 'IInterpretableModel<T, string, string>.SetBaseModel(IModel<string, string, ModelMetadata<T>>)' [/home/ooples/AiDotNet/src/AiDotNet.csproj::TargetFramework=net462]
/home/ooples/AiDotNet/src/NeuralNetworks/TokenizerAdapter.cs(19,40): error CS0738: 'TokenizerAdapter<T>' does not implement interface member 'IModel<string, string, ModelMetadata<T>>.GetModelMetaData()'. 'TokenizerAdapter<T>.GetModelMetaData()' cannot implement 'IModel<string, string, ModelMetadata<T>>.GetModelMetaData()' because it does not have the matching return type of 'ModelMetadata<T>'. [/home/ooples/AiDotNet/src/AiDotNet.csproj::TargetFramework=net462]
/home/ooples/AiDotNet/src/TimeSeries/TimeSeriesModelBase.cs(43,48): error CS0535: 'TimeSeriesModelBase<T>' does not implement interface member 'IInterpretableModel<T, Matrix<T>, Vector<T>>.SetBaseModel(IModel<Matrix<T>, Vector<T>, ModelMetadata<T>>)' [/home/ooples/AiDotNet/src/AiDotNet.csproj::TargetFramework=net462]
/home/ooples/AiDotNet/src/TimeSeries/TimeSeriesModelBase.cs(43,48): error CS0738: 'TimeSeriesModelBase<T>' does not implement interface member 'IModel<Matrix<T>, Vector<T>, ModelMetadata<T>>.GetModelMetaData()'. 'TimeSeriesModelBase<T>.GetModelMetaData()' cannot implement 'IModel<Matrix<T>, Vector<T>, ModelMetadata<T>>.GetModelMetaData()' because it does not have the matching return type of 'ModelMetadata<T>'. [/home/ooples/AiDotNet/src/AiDotNet.csproj::TargetFramework=net462]
/home/ooples/AiDotNet/src/Interfaces/IInterpretableModel.cs(15,88): error CS0246: The type or namespace name 'ModelMetadata<>' could not be found (are you missing a using directive or an assembly reference?) [/home/ooples/AiDotNet/src/AiDotNet.csproj::TargetFramework=net6.0]
/home/ooples/AiDotNet/src/Compression/Hardware/InferenceOptimizer.cs(239,57): error CS0104: 'IQuantizedModel<,,>' is an ambiguous reference between 'AiDotNet.Interfaces.IQuantizedModel<T, TInput, TOutput>' and 'AiDotNet.Compression.Quantization.IQuantizedModel<T, TInput, TOutput>' [/home/ooples/AiDotNet/src/AiDotNet.csproj::TargetFramework=net6.0]
/home/ooples/AiDotNet/src/Compression/Hardware/InferenceOptimizer.cs(304,54): error CS0104: 'IPrunedModel<,,>' is an ambiguous reference between 'AiDotNet.Interfaces.IPrunedModel<T, TInput, TOutput>' and 'AiDotNet.Compression.Pruning.IPrunedModel<T, TInput, TOutput>' [/home/ooples/AiDotNet/src/AiDotNet.csproj::TargetFramework=net6.0]
/home/ooples/AiDotNet/src/Compression/Hardware/InferenceOptimizer.cs(640,53): error CS0104: 'IPrunedModel<,,>' is an ambiguous reference between 'AiDotNet.Interfaces.IPrunedModel<T, TInput, TOutput>' and 'AiDotNet.Compression.Pruning.IPrunedModel<T, TInput, TOutput>' [/home/ooples/AiDotNet/src/AiDotNet.csproj::TargetFramework=net6.0]
/home/ooples/AiDotNet/src/Interfaces/IInterpretableModel.cs(104,51): error CS0246: The type or namespace name 'ModelMetadata<>' could not be found (are you missing a using directive or an assembly reference?) [/home/ooples/AiDotNet/src/AiDotNet.csproj::TargetFramework=net6.0]
/home/ooples/AiDotNet/src/Interpretability/InterpretableModelBase.cs(18,72): error CS0535: 'InterpretableModelBase<T, TInput, TOutput>' does not implement interface member 'IInterpretableModel<T, TInput, TOutput>.SetBaseModel(IModel<TInput, TOutput, ModelMetadata<T>>)' [/home/ooples/AiDotNet/src/AiDotNet.csproj::TargetFramework=net6.0]
/home/ooples/AiDotNet/src/Interpretability/InterpretableModelBase.cs(18,72): error CS0738: 'InterpretableModelBase<T, TInput, TOutput>' does not implement interface member 'IModel<TInput, TOutput, ModelMetadata<T>>.GetModelMetaData()'. 'InterpretableModelBase<T, TInput, TOutput>.GetModelMetaData()' cannot implement 'IModel<TInput, TOutput, ModelMetadata<T>>.GetModelMetaData()' because it does not have the matching return type of 'ModelMetadata<T>'. [/home/ooples/AiDotNet/src/AiDotNet.csproj::TargetFramework=net6.0]
/home/ooples/AiDotNet/src/Ensemble/EnsembleModelBase.cs(26,107): error CS0738: 'EnsembleModelBase<T, TInput, TOutput>' does not implement interface member 'IModel<TInput, TOutput, ModelMetadata<T>>.GetModelMetaData()'. 'EnsembleModelBase<T, TInput, TOutput>.GetModelMetaData()' cannot implement 'IModel<TInput, TOutput, ModelMetadata<T>>.GetModelMetaData()' because it does not have the matching return type of 'ModelMetadata<T>'. [/home/ooples/AiDotNet/src/AiDotNet.csproj::TargetFramework=net6.0]
/home/ooples/AiDotNet/src/Ensemble/VotingEnsemble.cs(416,21): error CS0246: The type or namespace name 'ModelMetadata<>' could not be found (are you missing a using directive or an assembly reference?) [/home/ooples/AiDotNet/src/AiDotNet.csproj::TargetFramework=net6.0]
/home/ooples/AiDotNet/src/Ensemble/VotingEnsemble.cs(454,43): error CS0246: The type or namespace name 'ModelMetadata<>' could not be found (are you missing a using directive or an assembly reference?) [/home/ooples/AiDotNet/src/AiDotNet.csproj::TargetFramework=net6.0]
/home/ooples/AiDotNet/src/Ensemble/VotingEnsemble.cs(1340,63): error CS0246: The type or namespace name 'ModelMetadata<>' could not be found (are you missing a using directive or an assembly reference?) [/home/ooples/AiDotNet/src/AiDotNet.csproj::TargetFramework=net6.0]
/home/ooples/AiDotNet/src/Ensemble/VotingEnsemble.cs(36,14): error CS0534: 'VotingEnsemble<T, TInput, TOutput>' does not implement inherited abstract member 'InterpretableModelBase<T, TInput, TOutput>.SetModelMetaData(ModelMetaData<T>)' [/home/ooples/AiDotNet/src/AiDotNet.csproj::TargetFramework=net6.0]
/home/ooples/AiDotNet/src/AutoML/AutoMLModelBase.cs(21,65): error CS0535: 'AutoMLModelBase<T, TInput, TOutput>' does not implement interface member 'IInterpretableModel<T, TInput, TOutput>.SetBaseModel(IModel<TInput, TOutput, ModelMetadata<T>>)' [/home/ooples/AiDotNet/src/AiDotNet.csproj::TargetFramework=net6.0]
/home/ooples/AiDotNet/src/AutoML/AutoMLModelBase.cs(21,65): error CS0738: 'AutoMLModelBase<T, TInput, TOutput>' does not implement interface member 'IModel<TInput, TOutput, ModelMetadata<T>>.GetModelMetaData()'. 'AutoMLModelBase<T, TInput, TOutput>.GetModelMetaData()' cannot implement 'IModel<TInput, TOutput, ModelMetadata<T>>.GetModelMetaData()' because it does not have the matching return type of 'ModelMetadata<T>'. [/home/ooples/AiDotNet/src/AiDotNet.csproj::TargetFramework=net6.0]
/home/ooples/AiDotNet/src/Deployment/CachedModel.cs(28,16): error CS0246: The type or namespace name 'ModelMetadata<>' could not be found (are you missing a using directive or an assembly reference?) [/home/ooples/AiDotNet/src/AiDotNet.csproj::TargetFramework=net6.0]
/home/ooples/AiDotNet/src/FoundationModels/FoundationModelAdapter.cs(21,112): error CS0738: 'FoundationModelAdapter<T>' does not implement interface member 'IModel<Matrix<T>, Vector<T>, ModelMetadata<T>>.GetModelMetaData()'. 'FoundationModelAdapter<T>.GetModelMetaData()' cannot implement 'IModel<Matrix<T>, Vector<T>, ModelMetadata<T>>.GetModelMetaData()' because it does not have the matching return type of 'ModelMetadata<T>'. [/home/ooples/AiDotNet/src/AiDotNet.csproj::TargetFramework=net6.0]
/home/ooples/AiDotNet/src/AutoML/SimpleAutoMLModel.cs(21,41): error CS0535: 'SimpleAutoMLModel<T>' does not implement interface member 'IInterpretableModel<T, Matrix<T>, Vector<T>>.SetBaseModel(IModel<Matrix<T>, Vector<T>, ModelMetadata<T>>)' [/home/ooples/AiDotNet/src/AiDotNet.csproj::TargetFramework=net6.0]
/home/ooples/AiDotNet/src/AutoML/SimpleAutoMLModel.cs(21,41): error CS0738: 'SimpleAutoMLModel<T>' does not implement interface member 'IModel<Matrix<T>, Vector<T>, ModelMetadata<T>>.GetModelMetaData()'. 'SimpleAutoMLModel<T>.GetModelMetaData()' cannot implement 'IModel<Matrix<T>, Vector<T>, ModelMetadata<T>>.GetModelMetaData()' because it does not have the matching return type of 'ModelMetadata<T>'. [/home/ooples/AiDotNet/src/AiDotNet.csproj::TargetFramework=net6.0]
/home/ooples/AiDotNet/src/Deployment/CachedModel.cs(129,25): error CS0246: The type or namespace name 'ModelMetadata<>' could not be found (are you missing a using directive or an assembly reference?) [/home/ooples/AiDotNet/src/AiDotNet.csproj::TargetFramework=net6.0]
/home/ooples/AiDotNet/src/Deployment/CachedModel.cs(134,47): error CS0246: The type or namespace name 'ModelMetadata<>' could not be found (are you missing a using directive or an assembly reference?) [/home/ooples/AiDotNet/src/AiDotNet.csproj::TargetFramework=net6.0]
/home/ooples/AiDotNet/src/FoundationModels/FoundationModelBase.cs(23,108): error CS0738: 'FoundationModelBase<T>' does not implement interface member 'IModel<string, string, ModelMetadata<T>>.GetModelMetaData()'. 'FoundationModelBase<T>.GetModelMetaData()' cannot implement 'IModel<string, string, ModelMetadata<T>>.GetModelMetaData()' because it does not have the matching return type of 'ModelMetadata<T>'. [/home/ooples/AiDotNet/src/AiDotNet.csproj::TargetFramework=net6.0]
/home/ooples/AiDotNet/src/Deployment/CachedModel.cs(241,72): error CS0246: The type or namespace name 'ModelMetadata<>' could not be found (are you missing a using directive or an assembly reference?) [/home/ooples/AiDotNet/src/AiDotNet.csproj::TargetFramework=net6.0]
/home/ooples/AiDotNet/src/Genetics/ModelIndividual.cs(33,5): error CS0738: 'ModelIndividual<T, TInput, TOutput, TGene>' does not implement interface member 'IModel<TInput, TOutput, ModelMetadata<T>>.GetModelMetaData()'. 'ModelIndividual<T, TInput, TOutput, TGene>.GetModelMetaData()' cannot implement 'IModel<TInput, TOutput, ModelMetadata<T>>.GetModelMetaData()' because it does not have the matching return type of 'ModelMetadata<T>'. [/home/ooples/AiDotNet/src/AiDotNet.csproj::TargetFramework=net6.0]
/home/ooples/AiDotNet/src/Deployment/CachedModel.cs(129,42): error CS0115: 'CachedModel<T>.GetModelMetadata()': no suitable method found to override [/home/ooples/AiDotNet/src/AiDotNet.csproj::TargetFramework=net6.0]
/home/ooples/AiDotNet/src/Deployment/CachedModel.cs(15,20): error CS0534: 'CachedModel<T>' does not implement inherited abstract member 'InterpretableModelBase<T, Tensor<T>, Tensor<T>>.GetModelMetaData()' [/home/ooples/AiDotNet/src/AiDotNet.csproj::TargetFramework=net6.0]
/home/ooples/AiDotNet/src/Deployment/CachedModel.cs(15,20): error CS0534: 'CachedModel<T>' does not implement inherited abstract member 'InterpretableModelBase<T, Tensor<T>, Tensor<T>>.SetModelMetaData(ModelMetaData<T>)' [/home/ooples/AiDotNet/src/AiDotNet.csproj::TargetFramework=net6.0]
/home/ooples/AiDotNet/src/Deployment/CachedModel.cs(15,86): error CS0738: 'CachedModel<T>' does not implement interface member 'IModel<Tensor<T>, Tensor<T>, ModelMetadata<T>>.GetModelMetaData()'. 'InterpretableModelBase<T, Tensor<T>, Tensor<T>>.GetModelMetaData()' cannot implement 'IModel<Tensor<T>, Tensor<T>, ModelMetadata<T>>.GetModelMetaData()' because it does not have the matching return type of 'ModelMetadata<T>'. [/home/ooples/AiDotNet/src/AiDotNet.csproj::TargetFramework=net6.0]
/home/ooples/AiDotNet/src/Interpretability/InterpretableModelBase.cs(21,43): error CS0246: The type or namespace name 'ModelMetadata<>' could not be found (are you missing a using directive or an assembly reference?) [/home/ooples/AiDotNet/src/AiDotNet.csproj::TargetFramework=net6.0]
/home/ooples/AiDotNet/src/LinearAlgebra/ExpressionTree.cs(15,51): error CS0535: 'ExpressionTree<T, TInput, TOutput>' does not implement interface member 'IInterpretableModel<T, TInput, TOutput>.SetBaseModel(IModel<TInput, TOutput, ModelMetadata<T>>)' [/home/ooples/AiDotNet/src/AiDotNet.csproj::TargetFramework=net6.0]
/home/ooples/AiDotNet/src/LinearAlgebra/ExpressionTree.cs(15,51): error CS0738: 'ExpressionTree<T, TInput, TOutput>' does not implement interface member 'IModel<TInput, TOutput, ModelMetadata<T>>.GetModelMetaData()'. 'ExpressionTree<T, TInput, TOutput>.GetModelMetaData()' cannot implement 'IModel<TInput, TOutput, ModelMetadata<T>>.GetModelMetaData()' because it does not have the matching return type of 'ModelMetadata<T>'. [/home/ooples/AiDotNet/src/AiDotNet.csproj::TargetFramework=net6.0]
/home/ooples/AiDotNet/src/Deployment/Techniques/ModelQuantizer.cs(157,28): error CS0305: Using the generic type 'CalibrationData<T>' requires 1 type arguments [/home/ooples/AiDotNet/src/AiDotNet.csproj::TargetFramework=net6.0]
/home/ooples/AiDotNet/src/Models/ParameterPlaceholderModel.cs(31,62): error CS0535: 'ParameterPlaceholderModel<T, TInput, TOutput>' does not implement interface member 'IInterpretableModel<T, TInput, TOutput>.SetBaseModel(IModel<TInput, TOutput, ModelMetadata<T>>)' [/home/ooples/AiDotNet/src/AiDotNet.csproj::TargetFramework=net6.0]
/home/ooples/AiDotNet/src/Models/ParameterPlaceholderModel.cs(31,62): error CS0738: 'ParameterPlaceholderModel<T, TInput, TOutput>' does not implement interface member 'IModel<TInput, TOutput, ModelMetadata<T>>.GetModelMetaData()'. 'ParameterPlaceholderModel<T, TInput, TOutput>.GetModelMetaData()' cannot implement 'IModel<TInput, TOutput, ModelMetadata<T>>.GetModelMetaData()' because it does not have the matching return type of 'ModelMetadata<T>'. [/home/ooples/AiDotNet/src/AiDotNet.csproj::TargetFramework=net6.0]
/home/ooples/AiDotNet/src/Deployment/Techniques/ModelQuantizer.cs(22,88): error CS0453: The type 'T' must be a non-nullable value type in order to use it as parameter 'T' in the generic type or method 'IQuantizationStrategy<T, TInput, TOutput>' [/home/ooples/AiDotNet/src/AiDotNet.csproj::TargetFramework=net6.0]
/home/ooples/AiDotNet/src/Deployment/Techniques/ModelQuantizer.cs(30,79): error CS0453: The type 'T' must be a non-nullable value type in order to use it as parameter 'T' in the generic type or method 'IQuantizationStrategy<T, TInput, TOutput>' [/home/ooples/AiDotNet/src/AiDotNet.csproj::TargetFramework=net6.0]
/home/ooples/AiDotNet/src/Deployment/Techniques/QuantizedNeuralNetwork.cs(154,25): error CS0246: The type or namespace name 'ModelMetadata<>' could not be found (are you missing a using directive or an assembly reference?) [/home/ooples/AiDotNet/src/AiDotNet.csproj::TargetFramework=net6.0]
/home/ooples/AiDotNet/src/Models/NeuralNetworkModel.cs(28,38): error CS0535: 'NeuralNetworkModel<T>' does not implement interface member 'IInterpretableModel<T, Tensor<T>, Tensor<T>>.SetBaseModel(IModel<Tensor<T>, Tensor<T>, ModelMetadata<T>>)' [/home/ooples/AiDotNet/src/AiDotNet.csproj::TargetFramework=net6.0]
/home/ooples/AiDotNet/src/Models/NeuralNetworkModel.cs(28,38): error CS0738: 'NeuralNetworkModel<T>' does not implement interface member 'IModel<Tensor<T>, Tensor<T>, ModelMetadata<T>>.GetModelMetaData()'. 'NeuralNetworkModel<T>.GetModelMetaData()' cannot implement 'IModel<Tensor<T>, Tensor<T>, ModelMetadata<T>>.GetModelMetaData()' because it does not have the matching return type of 'ModelMetadata<T>'. [/home/ooples/AiDotNet/src/AiDotNet.csproj::TargetFramework=net6.0]
/home/ooples/AiDotNet/src/MultimodalAI/MultimodalModelBase.cs(21,52): error CS0535: 'MultimodalModelBase<T>' does not implement interface member 'IInterpretableModel<T, Dictionary<string, object>, Vector<T>>.SetBaseModel(IModel<Dictionary<string, object>, Vector<T>, ModelMetadata<T>>)' [/home/ooples/AiDotNet/src/AiDotNet.csproj::TargetFramework=net6.0]
/home/ooples/AiDotNet/src/MultimodalAI/MultimodalModelBase.cs(21,52): error CS0738: 'MultimodalModelBase<T>' does not implement interface member 'IModel<Dictionary<string, object>, Vector<T>, ModelMetadata<T>>.GetModelMetaData()'. 'MultimodalModelBase<T>.GetModelMetaData()' cannot implement 'IModel<Dictionary<string, object>, Vector<T>, ModelMetadata<T>>.GetModelMetaData()' because it does not have the matching return type of 'ModelMetadata<T>'. [/home/ooples/AiDotNet/src/AiDotNet.csproj::TargetFramework=net6.0]
/home/ooples/AiDotNet/src/NeuralNetworks/NeuralNetworkBase.cs(16,46): error CS0535: 'NeuralNetworkBase<T>' does not implement interface member 'IInterpretableModel<T, Tensor<T>, Tensor<T>>.SetBaseModel(IModel<Tensor<T>, Tensor<T>, ModelMetadata<T>>)' [/home/ooples/AiDotNet/src/AiDotNet.csproj::TargetFramework=net6.0]
/home/ooples/AiDotNet/src/NeuralNetworks/NeuralNetworkBase.cs(16,46): error CS0738: 'NeuralNetworkBase<T>' does not implement interface member 'IModel<Tensor<T>, Tensor<T>, ModelMetadata<T>>.GetModelMetaData()'. 'NeuralNetworkBase<T>.GetModelMetaData()' cannot implement 'IModel<Tensor<T>, Tensor<T>, ModelMetadata<T>>.GetModelMetaData()' because it does not have the matching return type of 'ModelMetadata<T>'. [/home/ooples/AiDotNet/src/AiDotNet.csproj::TargetFramework=net6.0]
/home/ooples/AiDotNet/src/Deployment/Techniques/QuantizedNeuralNetwork.cs(154,42): error CS0115: 'QuantizedNeuralNetwork<T>.GetModelMetadata()': no suitable method found to override [/home/ooples/AiDotNet/src/AiDotNet.csproj::TargetFramework=net6.0]
/home/ooples/AiDotNet/src/Deployment/Techniques/QuantizedNeuralNetwork.cs(19,18): error CS0534: 'QuantizedNeuralNetwork<T>' does not implement inherited abstract member 'NeuralNetworkBase<T>.GetModelMetaData()' [/home/ooples/AiDotNet/src/AiDotNet.csproj::TargetFramework=net6.0]
/home/ooples/AiDotNet/src/Deployment/Techniques/QuantizedNeuralNetwork.cs(19,68): error CS0738: 'QuantizedNeuralNetwork<T>' does not implement interface member 'IModel<Tensor<T>, Tensor<T>, ModelMetadata<T>>.GetModelMetaData()'. 'NeuralNetworkBase<T>.GetModelMetaData()' cannot implement 'IModel<Tensor<T>, Tensor<T>, ModelMetadata<T>>.GetModelMetaData()' because it does not have the matching return type of 'ModelMetadata<T>'. [/home/ooples/AiDotNet/src/AiDotNet.csproj::TargetFramework=net6.0]
/home/ooples/AiDotNet/src/Models/VectorModel.cs(40,31): error CS0535: 'VectorModel<T>' does not implement interface member 'IInterpretableModel<T, Matrix<T>, Vector<T>>.SetBaseModel(IModel<Matrix<T>, Vector<T>, ModelMetadata<T>>)' [/home/ooples/AiDotNet/src/AiDotNet.csproj::TargetFramework=net6.0]
/home/ooples/AiDotNet/src/Models/VectorModel.cs(40,31): error CS0738: 'VectorModel<T>' does not implement interface member 'IModel<Matrix<T>, Vector<T>, ModelMetadata<T>>.GetModelMetaData()'. 'VectorModel<T>.GetModelMetaData()' cannot implement 'IModel<Matrix<T>, Vector<T>, ModelMetadata<T>>.GetModelMetaData()' because it does not have the matching return type of 'ModelMetadata<T>'. [/home/ooples/AiDotNet/src/AiDotNet.csproj::TargetFramework=net6.0]
/home/ooples/AiDotNet/src/NeuralNetworks/ConditionalUNet.cs(21,63): error CS0738: 'ConditionalUNet' does not implement interface member 'IModel<Tensor<double>, Tensor<double>, ModelMetadata<double>>.GetModelMetaData()'. 'ConditionalUNet.GetModelMetaData()' cannot implement 'IModel<Tensor<double>, Tensor<double>, ModelMetadata<double>>.GetModelMetaData()' because it does not have the matching return type of 'ModelMetadata<double>'. [/home/ooples/AiDotNet/src/AiDotNet.csproj::TargetFramework=net6.0]
/home/ooples/AiDotNet/src/Reasoning/ReasoningModelBase.cs(40,51): error CS0535: 'ReasoningModelBase<T>' does not implement interface member 'IInterpretableModel<T, Tensor<T>, Tensor<T>>.SetBaseModel(IModel<Tensor<T>, Tensor<T>, ModelMetadata<T>>)' [/home/ooples/AiDotNet/src/AiDotNet.csproj::TargetFramework=net6.0]
/home/ooples/AiDotNet/src/Reasoning/ReasoningModelBase.cs(40,51): error CS0738: 'ReasoningModelBase<T>' does not implement interface member 'IModel<Tensor<T>, Tensor<T>, ModelMetadata<T>>.GetModelMetaData()'. 'ReasoningModelBase<T>.GetModelMetaData()' cannot implement 'IModel<Tensor<T>, Tensor<T>, ModelMetadata<T>>.GetModelMetaData()' because it does not have the matching return type of 'ModelMetadata<T>'. [/home/ooples/AiDotNet/src/AiDotNet.csproj::TargetFramework=net6.0]
/home/ooples/AiDotNet/src/OnlineLearning/OnlineModelBase.cs(22,61): error CS0535: 'OnlineModelBase<T, TInput, TOutput>' does not implement interface member 'IInterpretableModel<T, TInput, TOutput>.SetBaseModel(IModel<TInput, TOutput, ModelMetadata<T>>)' [/home/ooples/AiDotNet/src/AiDotNet.csproj::TargetFramework=net6.0]
/home/ooples/AiDotNet/src/OnlineLearning/OnlineModelBase.cs(22,61): error CS0738: 'OnlineModelBase<T, TInput, TOutput>' does not implement interface member 'IModel<TInput, TOutput, ModelMetadata<T>>.GetModelMetaData()'. 'OnlineModelBase<T, TInput, TOutput>.GetModelMetaData()' cannot implement 'IModel<TInput, TOutput, ModelMetadata<T>>.GetModelMetaData()' because it does not have the matching return type of 'ModelMetadata<T>'. [/home/ooples/AiDotNet/src/AiDotNet.csproj::TargetFramework=net6.0]
/home/ooples/AiDotNet/src/OnlineLearning/AdaptiveOnlineModelBase.cs(14,42): error CS0738: 'AdaptiveOnlineModelBase<T, TInput, TOutput>' does not implement interface member 'IModel<TInput, TOutput, ModelMetadata<T>>.GetModelMetaData()'. 'OnlineModelBase<T, TInput, TOutput>.GetModelMetaData()' cannot implement 'IModel<TInput, TOutput, ModelMetadata<T>>.GetModelMetaData()' because it does not have the matching return type of 'ModelMetadata<T>'. [/home/ooples/AiDotNet/src/AiDotNet.csproj::TargetFramework=net6.0]
/home/ooples/AiDotNet/src/ProductionMonitoring/MonitoredModelWrapper.cs(17,62): error CS0535: 'MonitoredModelWrapper<T, TInput, TOutput>' does not implement interface member 'IInterpretableModel<T, TInput, TOutput>.SetBaseModel(IModel<TInput, TOutput, ModelMetadata<T>>)' [/home/ooples/AiDotNet/src/AiDotNet.csproj::TargetFramework=net6.0]
/home/ooples/AiDotNet/src/ProductionMonitoring/MonitoredModelWrapper.cs(17,62): error CS0738: 'MonitoredModelWrapper<T, TInput, TOutput>' does not implement interface member 'IModel<TInput, TOutput, ModelMetadata<T>>.GetModelMetaData()'. 'MonitoredModelWrapper<T, TInput, TOutput>.GetModelMetaData()' cannot implement 'IModel<TInput, TOutput, ModelMetadata<T>>.GetModelMetaData()' because it does not have the matching return type of 'ModelMetadata<T>'. [/home/ooples/AiDotNet/src/AiDotNet.csproj::TargetFramework=net6.0]
/home/ooples/AiDotNet/src/TransferLearning/TransferLearningModelBase.cs(20,71): error CS0535: 'TransferLearningModelBase<T, TInput, TOutput>' does not implement interface member 'IInterpretableModel<T, TInput, TOutput>.SetBaseModel(IModel<TInput, TOutput, ModelMetadata<T>>)' [/home/ooples/AiDotNet/src/AiDotNet.csproj::TargetFramework=net6.0]
/home/ooples/AiDotNet/src/TransferLearning/TransferLearningModelBase.cs(20,71): error CS0738: 'TransferLearningModelBase<T, TInput, TOutput>' does not implement interface member 'IModel<TInput, TOutput, ModelMetadata<T>>.GetModelMetaData()'. 'TransferLearningModelBase<T, TInput, TOutput>.GetModelMetaData()' cannot implement 'IModel<TInput, TOutput, ModelMetadata<T>>.GetModelMetaData()' because it does not have the matching return type of 'ModelMetadata<T>'. [/home/ooples/AiDotNet/src/AiDotNet.csproj::TargetFramework=net6.0]
/home/ooples/AiDotNet/src/ReinforcementLearning/Agents/DQNAgent.cs(654,29): error CS0535: 'DQNAgent<TState, T>.QNetwork' does not implement interface member 'IInterpretableModel<T, Tensor<T>, Tensor<T>>.SetBaseModel(IModel<Tensor<T>, Tensor<T>, ModelMetadata<T>>)' [/home/ooples/AiDotNet/src/AiDotNet.csproj::TargetFramework=net6.0]
/home/ooples/AiDotNet/src/ReinforcementLearning/Agents/DQNAgent.cs(654,29): error CS0738: 'DQNAgent<TState, T>.QNetwork' does not implement interface member 'IModel<Tensor<T>, Tensor<T>, ModelMetadata<T>>.GetModelMetaData()'. 'DQNAgent<TState, T>.QNetwork.GetModelMetaData()' cannot implement 'IModel<Tensor<T>, Tensor<T>, ModelMetadata<T>>.GetModelMetaData()' because it does not have the matching return type of 'ModelMetadata<T>'. [/home/ooples/AiDotNet/src/AiDotNet.csproj::TargetFramework=net6.0]
/home/ooples/AiDotNet/src/Regression/DecisionTreeAsyncRegressionBase.cs(40,65): error CS0535: 'AsyncDecisionTreeRegressionModelBase<T>' does not implement interface member 'IInterpretableModel<T, Matrix<T>, Vector<T>>.SetBaseModel(IModel<Matrix<T>, Vector<T>, ModelMetadata<T>>)' [/home/ooples/AiDotNet/src/AiDotNet.csproj::TargetFramework=net6.0]
/home/ooples/AiDotNet/src/Regression/DecisionTreeAsyncRegressionBase.cs(40,65): error CS0738: 'AsyncDecisionTreeRegressionModelBase<T>' does not implement interface member 'IModel<Matrix<T>, Vector<T>, ModelMetadata<T>>.GetModelMetaData()'. 'AsyncDecisionTreeRegressionModelBase<T>.GetModelMetaData()' cannot implement 'IModel<Matrix<T>, Vector<T>, ModelMetadata<T>>.GetModelMetaData()' because it does not have the matching return type of 'ModelMetadata<T>'. [/home/ooples/AiDotNet/src/AiDotNet.csproj::TargetFramework=net6.0]
/home/ooples/AiDotNet/src/Regression/DecisionTreeRegressionBase.cs(31,60): error CS0535: 'DecisionTreeRegressionModelBase<T>' does not implement interface member 'IInterpretableModel<T, Matrix<T>, Vector<T>>.SetBaseModel(IModel<Matrix<T>, Vector<T>, ModelMetadata<T>>)' [/home/ooples/AiDotNet/src/AiDotNet.csproj::TargetFramework=net6.0]
/home/ooples/AiDotNet/src/Regression/DecisionTreeRegressionBase.cs(31,60): error CS0738: 'DecisionTreeRegressionModelBase<T>' does not implement interface member 'IModel<Matrix<T>, Vector<T>, ModelMetadata<T>>.GetModelMetaData()'. 'DecisionTreeRegressionModelBase<T>.GetModelMetaData()' cannot implement 'IModel<Matrix<T>, Vector<T>, ModelMetadata<T>>.GetModelMetaData()' because it does not have the matching return type of 'ModelMetadata<T>'. [/home/ooples/AiDotNet/src/AiDotNet.csproj::TargetFramework=net6.0]
/home/ooples/AiDotNet/src/TimeSeries/TimeSeriesModelBase.cs(43,48): error CS0535: 'TimeSeriesModelBase<T>' does not implement interface member 'IInterpretableModel<T, Matrix<T>, Vector<T>>.SetBaseModel(IModel<Matrix<T>, Vector<T>, ModelMetadata<T>>)' [/home/ooples/AiDotNet/src/AiDotNet.csproj::TargetFramework=net6.0]
/home/ooples/AiDotNet/src/TimeSeries/TimeSeriesModelBase.cs(43,48): error CS0738: 'TimeSeriesModelBase<T>' does not implement interface member 'IModel<Matrix<T>, Vector<T>, ModelMetadata<T>>.GetModelMetaData()'. 'TimeSeriesModelBase<T>.GetModelMetaData()' cannot implement 'IModel<Matrix<T>, Vector<T>, ModelMetadata<T>>.GetModelMetaData()' because it does not have the matching return type of 'ModelMetadata<T>'. [/home/ooples/AiDotNet/src/AiDotNet.csproj::TargetFramework=net6.0]
/home/ooples/AiDotNet/src/ReinforcementLearning/Models/ReinforcementLearningModelBase.cs(57,59): error CS0535: 'ReinforcementLearningModelBase<T>' does not implement interface member 'IInterpretableModel<T, Tensor<T>, Tensor<T>>.SetBaseModel(IModel<Tensor<T>, Tensor<T>, ModelMetadata<T>>)' [/home/ooples/AiDotNet/src/AiDotNet.csproj::TargetFramework=net6.0]
/home/ooples/AiDotNet/src/ReinforcementLearning/Models/ReinforcementLearningModelBase.cs(57,59): error CS0738: 'ReinforcementLearningModelBase<T>' does not implement interface member 'IModel<Tensor<T>, Tensor<T>, ModelMetadata<T>>.GetModelMetaData()'. 'ReinforcementLearningModelBase<T>.GetModelMetaData()' cannot implement 'IModel<Tensor<T>, Tensor<T>, ModelMetadata<T>>.GetModelMetaData()' because it does not have the matching return type of 'ModelMetadata<T>'. [/home/ooples/AiDotNet/src/AiDotNet.csproj::TargetFramework=net6.0]
/home/ooples/AiDotNet/src/NeuralNetworks/TokenizerAdapter.cs(19,40): error CS0535: 'TokenizerAdapter<T>' does not implement interface member 'IInterpretableModel<T, string, string>.SetBaseModel(IModel<string, string, ModelMetadata<T>>)' [/home/ooples/AiDotNet/src/AiDotNet.csproj::TargetFramework=net6.0]
/home/ooples/AiDotNet/src/NeuralNetworks/TokenizerAdapter.cs(19,40): error CS0738: 'TokenizerAdapter<T>' does not implement interface member 'IModel<string, string, ModelMetadata<T>>.GetModelMetaData()'. 'TokenizerAdapter<T>.GetModelMetaData()' cannot implement 'IModel<string, string, ModelMetadata<T>>.GetModelMetaData()' because it does not have the matching return type of 'ModelMetadata<T>'. [/home/ooples/AiDotNet/src/AiDotNet.csproj::TargetFramework=net6.0]
/home/ooples/AiDotNet/src/Regression/NonLinearRegressionBase.cs(28,57): error CS0535: 'NonLinearRegressionModelBase<T>' does not implement interface member 'IInterpretableModel<T, Matrix<T>, Vector<T>>.SetBaseModel(IModel<Matrix<T>, Vector<T>, ModelMetadata<T>>)' [/home/ooples/AiDotNet/src/AiDotNet.csproj::TargetFramework=net6.0]
/home/ooples/AiDotNet/src/Regression/NonLinearRegressionBase.cs(28,57): error CS0738: 'NonLinearRegressionModelBase<T>' does not implement interface member 'IModel<Matrix<T>, Vector<T>, ModelMetadata<T>>.GetModelMetaData()'. 'NonLinearRegressionModelBase<T>.GetModelMetaData()' cannot implement 'IModel<Matrix<T>, Vector<T>, ModelMetadata<T>>.GetModelMetaData()' because it does not have the matching return type of 'ModelMetadata<T>'. [/home/ooples/AiDotNet/src/AiDotNet.csproj::TargetFramework=net6.0]
/home/ooples/AiDotNet/src/Regression/RegressionModelBase.cs(32,48): error CS0535: 'RegressionModelBase<T>' does not implement interface member 'IInterpretableModel<T, Matrix<T>, Vector<T>>.SetBaseModel(IModel<Matrix<T>, Vector<T>, ModelMetadata<T>>)' [/home/ooples/AiDotNet/src/AiDotNet.csproj::TargetFramework=net6.0]
/home/ooples/AiDotNet/src/Regression/RegressionModelBase.cs(32,48): error CS0738: 'RegressionModelBase<T>' does not implement interface member 'IModel<Matrix<T>, Vector<T>, ModelMetadata<T>>.GetModelMetaData()'. 'RegressionModelBase<T>.GetModelMetaData()' cannot implement 'IModel<Matrix<T>, Vector<T>, ModelMetadata<T>>.GetModelMetaData()' because it does not have the matching return type of 'ModelMetadata<T>'. [/home/ooples/AiDotNet/src/AiDotNet.csproj::TargetFramework=net6.0]
/home/ooples/AiDotNet/src/Interfaces/IInterpretableModel.cs(15,88): error CS0246: The type or namespace name 'ModelMetadata<>' could not be found (are you missing a using directive or an assembly reference?) [/home/ooples/AiDotNet/src/AiDotNet.csproj::TargetFramework=net8.0]
/home/ooples/AiDotNet/src/Ensemble/VotingEnsemble.cs(416,21): error CS0246: The type or namespace name 'ModelMetadata<>' could not be found (are you missing a using directive or an assembly reference?) [/home/ooples/AiDotNet/src/AiDotNet.csproj::TargetFramework=net8.0]
/home/ooples/AiDotNet/src/Ensemble/VotingEnsemble.cs(454,43): error CS0246: The type or namespace name 'ModelMetadata<>' could not be found (are you missing a using directive or an assembly reference?) [/home/ooples/AiDotNet/src/AiDotNet.csproj::TargetFramework=net8.0]
/home/ooples/AiDotNet/src/Compression/Hardware/InferenceOptimizer.cs(239,57): error CS0104: 'IQuantizedModel<,,>' is an ambiguous reference between 'AiDotNet.Interfaces.IQuantizedModel<T, TInput, TOutput>' and 'AiDotNet.Compression.Quantization.IQuantizedModel<T, TInput, TOutput>' [/home/ooples/AiDotNet/src/AiDotNet.csproj::TargetFramework=net8.0]
/home/ooples/AiDotNet/src/Compression/Hardware/InferenceOptimizer.cs(304,54): error CS0104: 'IPrunedModel<,,>' is an ambiguous reference between 'AiDotNet.Interfaces.IPrunedModel<T, TInput, TOutput>' and 'AiDotNet.Compression.Pruning.IPrunedModel<T, TInput, TOutput>' [/home/ooples/AiDotNet/src/AiDotNet.csproj::TargetFramework=net8.0]
/home/ooples/AiDotNet/src/Compression/Hardware/InferenceOptimizer.cs(640,53): error CS0104: 'IPrunedModel<,,>' is an ambiguous reference between 'AiDotNet.Interfaces.IPrunedModel<T, TInput, TOutput>' and 'AiDotNet.Compression.Pruning.IPrunedModel<T, TInput, TOutput>' [/home/ooples/AiDotNet/src/AiDotNet.csproj::TargetFramework=net8.0]
/home/ooples/AiDotNet/src/Interfaces/IInterpretableModel.cs(104,51): error CS0246: The type or namespace name 'ModelMetadata<>' could not be found (are you missing a using directive or an assembly reference?) [/home/ooples/AiDotNet/src/AiDotNet.csproj::TargetFramework=net8.0]
/home/ooples/AiDotNet/src/Ensemble/VotingEnsemble.cs(1340,63): error CS0246: The type or namespace name 'ModelMetadata<>' could not be found (are you missing a using directive or an assembly reference?) [/home/ooples/AiDotNet/src/AiDotNet.csproj::TargetFramework=net8.0]
/home/ooples/AiDotNet/src/Interpretability/InterpretableModelBase.cs(18,72): error CS0535: 'InterpretableModelBase<T, TInput, TOutput>' does not implement interface member 'IInterpretableModel<T, TInput, TOutput>.SetBaseModel(IModel<TInput, TOutput, ModelMetadata<T>>)' [/home/ooples/AiDotNet/src/AiDotNet.csproj::TargetFramework=net8.0]
/home/ooples/AiDotNet/src/Interpretability/InterpretableModelBase.cs(18,72): error CS0738: 'InterpretableModelBase<T, TInput, TOutput>' does not implement interface member 'IModel<TInput, TOutput, ModelMetadata<T>>.GetModelMetaData()'. 'InterpretableModelBase<T, TInput, TOutput>.GetModelMetaData()' cannot implement 'IModel<TInput, TOutput, ModelMetadata<T>>.GetModelMetaData()' because it does not have the matching return type of 'ModelMetadata<T>'. [/home/ooples/AiDotNet/src/AiDotNet.csproj::TargetFramework=net8.0]
/home/ooples/AiDotNet/src/Interpretability/InterpretableModelBase.cs(21,43): error CS0246: The type or namespace name 'ModelMetadata<>' could not be found (are you missing a using directive or an assembly reference?) [/home/ooples/AiDotNet/src/AiDotNet.csproj::TargetFramework=net8.0]
/home/ooples/AiDotNet/src/Genetics/ModelIndividual.cs(33,5): error CS0738: 'ModelIndividual<T, TInput, TOutput, TGene>' does not implement interface member 'IModel<TInput, TOutput, ModelMetadata<T>>.GetModelMetaData()'. 'ModelIndividual<T, TInput, TOutput, TGene>.GetModelMetaData()' cannot implement 'IModel<TInput, TOutput, ModelMetadata<T>>.GetModelMetaData()' because it does not have the matching return type of 'ModelMetadata<T>'. [/home/ooples/AiDotNet/src/AiDotNet.csproj::TargetFramework=net8.0]
/home/ooples/AiDotNet/src/Ensemble/VotingEnsemble.cs(36,14): error CS0534: 'VotingEnsemble<T, TInput, TOutput>' does not implement inherited abstract member 'InterpretableModelBase<T, TInput, TOutput>.SetModelMetaData(ModelMetaData<T>)' [/home/ooples/AiDotNet/src/AiDotNet.csproj::TargetFramework=net8.0]
/home/ooples/AiDotNet/src/Ensemble/EnsembleModelBase.cs(26,107): error CS0738: 'EnsembleModelBase<T, TInput, TOutput>' does not implement interface member 'IModel<TInput, TOutput, ModelMetadata<T>>.GetModelMetaData()'. 'EnsembleModelBase<T, TInput, TOutput>.GetModelMetaData()' cannot implement 'IModel<TInput, TOutput, ModelMetadata<T>>.GetModelMetaData()' because it does not have the matching return type of 'ModelMetadata<T>'. [/home/ooples/AiDotNet/src/AiDotNet.csproj::TargetFramework=net8.0]
/home/ooples/AiDotNet/src/FoundationModels/FoundationModelAdapter.cs(21,112): error CS0738: 'FoundationModelAdapter<T>' does not implement interface member 'IModel<Matrix<T>, Vector<T>, ModelMetadata<T>>.GetModelMetaData()'. 'FoundationModelAdapter<T>.GetModelMetaData()' cannot implement 'IModel<Matrix<T>, Vector<T>, ModelMetadata<T>>.GetModelMetaData()' because it does not have the matching return type of 'ModelMetadata<T>'. [/home/ooples/AiDotNet/src/AiDotNet.csproj::TargetFramework=net8.0]
/home/ooples/AiDotNet/src/FoundationModels/FoundationModelBase.cs(23,108): error CS0738: 'FoundationModelBase<T>' does not implement interface member 'IModel<string, string, ModelMetadata<T>>.GetModelMetaData()'. 'FoundationModelBase<T>.GetModelMetaData()' cannot implement 'IModel<string, string, ModelMetadata<T>>.GetModelMetaData()' because it does not have the matching return type of 'ModelMetadata<T>'. [/home/ooples/AiDotNet/src/AiDotNet.csproj::TargetFramework=net8.0]
/home/ooples/AiDotNet/src/MultimodalAI/MultimodalModelBase.cs(21,52): error CS0535: 'MultimodalModelBase<T>' does not implement interface member 'IInterpretableModel<T, Dictionary<string, object>, Vector<T>>.SetBaseModel(IModel<Dictionary<string, object>, Vector<T>, ModelMetadata<T>>)' [/home/ooples/AiDotNet/src/AiDotNet.csproj::TargetFramework=net8.0]
/home/ooples/AiDotNet/src/MultimodalAI/MultimodalModelBase.cs(21,52): error CS0738: 'MultimodalModelBase<T>' does not implement interface member 'IModel<Dictionary<string, object>, Vector<T>, ModelMetadata<T>>.GetModelMetaData()'. 'MultimodalModelBase<T>.GetModelMetaData()' cannot implement 'IModel<Dictionary<string, object>, Vector<T>, ModelMetadata<T>>.GetModelMetaData()' because it does not have the matching return type of 'ModelMetadata<T>'. [/home/ooples/AiDotNet/src/AiDotNet.csproj::TargetFramework=net8.0]
/home/ooples/AiDotNet/src/Reasoning/ReasoningModelBase.cs(40,51): error CS0535: 'ReasoningModelBase<T>' does not implement interface member 'IInterpretableModel<T, Tensor<T>, Tensor<T>>.SetBaseModel(IModel<Tensor<T>, Tensor<T>, ModelMetadata<T>>)' [/home/ooples/AiDotNet/src/AiDotNet.csproj::TargetFramework=net8.0]
/home/ooples/AiDotNet/src/Reasoning/ReasoningModelBase.cs(40,51): error CS0738: 'ReasoningModelBase<T>' does not implement interface member 'IModel<Tensor<T>, Tensor<T>, ModelMetadata<T>>.GetModelMetaData()'. 'ReasoningModelBase<T>.GetModelMetaData()' cannot implement 'IModel<Tensor<T>, Tensor<T>, ModelMetadata<T>>.GetModelMetaData()' because it does not have the matching return type of 'ModelMetadata<T>'. [/home/ooples/AiDotNet/src/AiDotNet.csproj::TargetFramework=net8.0]
/home/ooples/AiDotNet/src/OnlineLearning/OnlineModelBase.cs(22,61): error CS0535: 'OnlineModelBase<T, TInput, TOutput>' does not implement interface member 'IInterpretableModel<T, TInput, TOutput>.SetBaseModel(IModel<TInput, TOutput, ModelMetadata<T>>)' [/home/ooples/AiDotNet/src/AiDotNet.csproj::TargetFramework=net8.0]
/home/ooples/AiDotNet/src/OnlineLearning/OnlineModelBase.cs(22,61): error CS0738: 'OnlineModelBase<T, TInput, TOutput>' does not implement interface member 'IModel<TInput, TOutput, ModelMetadata<T>>.GetModelMetaData()'. 'OnlineModelBase<T, TInput, TOutput>.GetModelMetaData()' cannot implement 'IModel<TInput, TOutput, ModelMetadata<T>>.GetModelMetaData()' because it does not have the matching return type of 'ModelMetadata<T>'. [/home/ooples/AiDotNet/src/AiDotNet.csproj::TargetFramework=net8.0]
/home/ooples/AiDotNet/src/Deployment/CachedModel.cs(28,16): error CS0246: The type or namespace name 'ModelMetadata<>' could not be found (are you missing a using directive or an assembly reference?) [/home/ooples/AiDotNet/src/AiDotNet.csproj::TargetFramework=net8.0]
/home/ooples/AiDotNet/src/OnlineLearning/AdaptiveOnlineModelBase.cs(14,42): error CS0738: 'AdaptiveOnlineModelBase<T, TInput, TOutput>' does not implement interface member 'IModel<TInput, TOutput, ModelMetadata<T>>.GetModelMetaData()'. 'OnlineModelBase<T, TInput, TOutput>.GetModelMetaData()' cannot implement 'IModel<TInput, TOutput, ModelMetadata<T>>.GetModelMetaData()' because it does not have the matching return type of 'ModelMetadata<T>'. [/home/ooples/AiDotNet/src/AiDotNet.csproj::TargetFramework=net8.0]
/home/ooples/AiDotNet/src/Deployment/CachedModel.cs(129,25): error CS0246: The type or namespace name 'ModelMetadata<>' could not be found (are you missing a using directive or an assembly reference?) [/home/ooples/AiDotNet/src/AiDotNet.csproj::TargetFramework=net8.0]
/home/ooples/AiDotNet/src/Deployment/CachedModel.cs(134,47): error CS0246: The type or namespace name 'ModelMetadata<>' could not be found (are you missing a using directive or an assembly reference?) [/home/ooples/AiDotNet/src/AiDotNet.csproj::TargetFramework=net8.0]
/home/ooples/AiDotNet/src/Deployment/CachedModel.cs(241,72): error CS0246: The type or namespace name 'ModelMetadata<>' could not be found (are you missing a using directive or an assembly reference?) [/home/ooples/AiDotNet/src/AiDotNet.csproj::TargetFramework=net8.0]
/home/ooples/AiDotNet/src/Deployment/CachedModel.cs(129,42): error CS0115: 'CachedModel<T>.GetModelMetadata()': no suitable method found to override [/home/ooples/AiDotNet/src/AiDotNet.csproj::TargetFramework=net8.0]
/home/ooples/AiDotNet/src/Deployment/CachedModel.cs(15,20): error CS0534: 'CachedModel<T>' does not implement inherited abstract member 'InterpretableModelBase<T, Tensor<T>, Tensor<T>>.SetModelMetaData(ModelMetaData<T>)' [/home/ooples/AiDotNet/src/AiDotNet.csproj::TargetFramework=net8.0]
/home/ooples/AiDotNet/src/Deployment/CachedModel.cs(15,20): error CS0534: 'CachedModel<T>' does not implement inherited abstract member 'InterpretableModelBase<T, Tensor<T>, Tensor<T>>.GetModelMetaData()' [/home/ooples/AiDotNet/src/AiDotNet.csproj::TargetFramework=net8.0]
/home/ooples/AiDotNet/src/Deployment/CachedModel.cs(15,86): error CS0738: 'CachedModel<T>' does not implement interface member 'IModel<Tensor<T>, Tensor<T>, ModelMetadata<T>>.GetModelMetaData()'. 'InterpretableModelBase<T, Tensor<T>, Tensor<T>>.GetModelMetaData()' cannot implement 'IModel<Tensor<T>, Tensor<T>, ModelMetadata<T>>.GetModelMetaData()' because it does not have the matching return type of 'ModelMetadata<T>'. [/home/ooples/AiDotNet/src/AiDotNet.csproj::TargetFramework=net8.0]
/home/ooples/AiDotNet/src/NeuralNetworks/NeuralNetworkBase.cs(16,46): error CS0535: 'NeuralNetworkBase<T>' does not implement interface member 'IInterpretableModel<T, Tensor<T>, Tensor<T>>.SetBaseModel(IModel<Tensor<T>, Tensor<T>, ModelMetadata<T>>)' [/home/ooples/AiDotNet/src/AiDotNet.csproj::TargetFramework=net8.0]
/home/ooples/AiDotNet/src/NeuralNetworks/NeuralNetworkBase.cs(16,46): error CS0738: 'NeuralNetworkBase<T>' does not implement interface member 'IModel<Tensor<T>, Tensor<T>, ModelMetadata<T>>.GetModelMetaData()'. 'NeuralNetworkBase<T>.GetModelMetaData()' cannot implement 'IModel<Tensor<T>, Tensor<T>, ModelMetadata<T>>.GetModelMetaData()' because it does not have the matching return type of 'ModelMetadata<T>'. [/home/ooples/AiDotNet/src/AiDotNet.csproj::TargetFramework=net8.0]
/home/ooples/AiDotNet/src/NeuralNetworks/ConditionalUNet.cs(21,63): error CS0738: 'ConditionalUNet' does not implement interface member 'IModel<Tensor<double>, Tensor<double>, ModelMetadata<double>>.GetModelMetaData()'. 'ConditionalUNet.GetModelMetaData()' cannot implement 'IModel<Tensor<double>, Tensor<double>, ModelMetadata<double>>.GetModelMetaData()' because it does not have the matching return type of 'ModelMetadata<double>'. [/home/ooples/AiDotNet/src/AiDotNet.csproj::TargetFramework=net8.0]
/home/ooples/AiDotNet/src/Models/NeuralNetworkModel.cs(28,38): error CS0535: 'NeuralNetworkModel<T>' does not implement interface member 'IInterpretableModel<T, Tensor<T>, Tensor<T>>.SetBaseModel(IModel<Tensor<T>, Tensor<T>, ModelMetadata<T>>)' [/home/ooples/AiDotNet/src/AiDotNet.csproj::TargetFramework=net8.0]
/home/ooples/AiDotNet/src/Models/NeuralNetworkModel.cs(28,38): error CS0738: 'NeuralNetworkModel<T>' does not implement interface member 'IModel<Tensor<T>, Tensor<T>, ModelMetadata<T>>.GetModelMetaData()'. 'NeuralNetworkModel<T>.GetModelMetaData()' cannot implement 'IModel<Tensor<T>, Tensor<T>, ModelMetadata<T>>.GetModelMetaData()' because it does not have the matching return type of 'ModelMetadata<T>'. [/home/ooples/AiDotNet/src/AiDotNet.csproj::TargetFramework=net8.0]
/home/ooples/AiDotNet/src/Regression/DecisionTreeAsyncRegressionBase.cs(40,65): error CS0535: 'AsyncDecisionTreeRegressionModelBase<T>' does not implement interface member 'IInterpretableModel<T, Matrix<T>, Vector<T>>.SetBaseModel(IModel<Matrix<T>, Vector<T>, ModelMetadata<T>>)' [/home/ooples/AiDotNet/src/AiDotNet.csproj::TargetFramework=net8.0]
/home/ooples/AiDotNet/src/Regression/DecisionTreeAsyncRegressionBase.cs(40,65): error CS0738: 'AsyncDecisionTreeRegressionModelBase<T>' does not implement interface member 'IModel<Matrix<T>, Vector<T>, ModelMetadata<T>>.GetModelMetaData()'. 'AsyncDecisionTreeRegressionModelBase<T>.GetModelMetaData()' cannot implement 'IModel<Matrix<T>, Vector<T>, ModelMetadata<T>>.GetModelMetaData()' because it does not have the matching return type of 'ModelMetadata<T>'. [/home/ooples/AiDotNet/src/AiDotNet.csproj::TargetFramework=net8.0]
/home/ooples/AiDotNet/src/Models/ParameterPlaceholderModel.cs(31,62): error CS0535: 'ParameterPlaceholderModel<T, TInput, TOutput>' does not implement interface member 'IInterpretableModel<T, TInput, TOutput>.SetBaseModel(IModel<TInput, TOutput, ModelMetadata<T>>)' [/home/ooples/AiDotNet/src/AiDotNet.csproj::TargetFramework=net8.0]
/home/ooples/AiDotNet/src/Models/ParameterPlaceholderModel.cs(31,62): error CS0738: 'ParameterPlaceholderModel<T, TInput, TOutput>' does not implement interface member 'IModel<TInput, TOutput, ModelMetadata<T>>.GetModelMetaData()'. 'ParameterPlaceholderModel<T, TInput, TOutput>.GetModelMetaData()' cannot implement 'IModel<TInput, TOutput, ModelMetadata<T>>.GetModelMetaData()' because it does not have the matching return type of 'ModelMetadata<T>'. [/home/ooples/AiDotNet/src/AiDotNet.csproj::TargetFramework=net8.0]
/home/ooples/AiDotNet/src/Regression/DecisionTreeRegressionBase.cs(31,60): error CS0535: 'DecisionTreeRegressionModelBase<T>' does not implement interface member 'IInterpretableModel<T, Matrix<T>, Vector<T>>.SetBaseModel(IModel<Matrix<T>, Vector<T>, ModelMetadata<T>>)' [/home/ooples/AiDotNet/src/AiDotNet.csproj::TargetFramework=net8.0]
/home/ooples/AiDotNet/src/Regression/DecisionTreeRegressionBase.cs(31,60): error CS0738: 'DecisionTreeRegressionModelBase<T>' does not implement interface member 'IModel<Matrix<T>, Vector<T>, ModelMetadata<T>>.GetModelMetaData()'. 'DecisionTreeRegressionModelBase<T>.GetModelMetaData()' cannot implement 'IModel<Matrix<T>, Vector<T>, ModelMetadata<T>>.GetModelMetaData()' because it does not have the matching return type of 'ModelMetadata<T>'. [/home/ooples/AiDotNet/src/AiDotNet.csproj::TargetFramework=net8.0]
/home/ooples/AiDotNet/src/TransferLearning/TransferLearningModelBase.cs(20,71): error CS0535: 'TransferLearningModelBase<T, TInput, TOutput>' does not implement interface member 'IInterpretableModel<T, TInput, TOutput>.SetBaseModel(IModel<TInput, TOutput, ModelMetadata<T>>)' [/home/ooples/AiDotNet/src/AiDotNet.csproj::TargetFramework=net8.0]
/home/ooples/AiDotNet/src/TransferLearning/TransferLearningModelBase.cs(20,71): error CS0738: 'TransferLearningModelBase<T, TInput, TOutput>' does not implement interface member 'IModel<TInput, TOutput, ModelMetadata<T>>.GetModelMetaData()'. 'TransferLearningModelBase<T, TInput, TOutput>.GetModelMetaData()' cannot implement 'IModel<TInput, TOutput, ModelMetadata<T>>.GetModelMetaData()' because it does not have the matching return type of 'ModelMetadata<T>'. [/home/ooples/AiDotNet/src/AiDotNet.csproj::TargetFramework=net8.0]
/home/ooples/AiDotNet/src/Regression/NonLinearRegressionBase.cs(28,57): error CS0535: 'NonLinearRegressionModelBase<T>' does not implement interface member 'IInterpretableModel<T, Matrix<T>, Vector<T>>.SetBaseModel(IModel<Matrix<T>, Vector<T>, ModelMetadata<T>>)' [/home/ooples/AiDotNet/src/AiDotNet.csproj::TargetFramework=net8.0]
/home/ooples/AiDotNet/src/Regression/NonLinearRegressionBase.cs(28,57): error CS0738: 'NonLinearRegressionModelBase<T>' does not implement interface member 'IModel<Matrix<T>, Vector<T>, ModelMetadata<T>>.GetModelMetaData()'. 'NonLinearRegressionModelBase<T>.GetModelMetaData()' cannot implement 'IModel<Matrix<T>, Vector<T>, ModelMetadata<T>>.GetModelMetaData()' because it does not have the matching return type of 'ModelMetadata<T>'. [/home/ooples/AiDotNet/src/AiDotNet.csproj::TargetFramework=net8.0]
/home/ooples/AiDotNet/src/AutoML/AutoMLModelBase.cs(21,65): error CS0535: 'AutoMLModelBase<T, TInput, TOutput>' does not implement interface member 'IInterpretableModel<T, TInput, TOutput>.SetBaseModel(IModel<TInput, TOutput, ModelMetadata<T>>)' [/home/ooples/AiDotNet/src/AiDotNet.csproj::TargetFramework=net8.0]
/home/ooples/AiDotNet/src/AutoML/AutoMLModelBase.cs(21,65): error CS0738: 'AutoMLModelBase<T, TInput, TOutput>' does not implement interface member 'IModel<TInput, TOutput, ModelMetadata<T>>.GetModelMetaData()'. 'AutoMLModelBase<T, TInput, TOutput>.GetModelMetaData()' cannot implement 'IModel<TInput, TOutput, ModelMetadata<T>>.GetModelMetaData()' because it does not have the matching return type of 'ModelMetadata<T>'. [/home/ooples/AiDotNet/src/AiDotNet.csproj::TargetFramework=net8.0]
/home/ooples/AiDotNet/src/LinearAlgebra/ExpressionTree.cs(15,51): error CS0535: 'ExpressionTree<T, TInput, TOutput>' does not implement interface member 'IInterpretableModel<T, TInput, TOutput>.SetBaseModel(IModel<TInput, TOutput, ModelMetadata<T>>)' [/home/ooples/AiDotNet/src/AiDotNet.csproj::TargetFramework=net8.0]
/home/ooples/AiDotNet/src/LinearAlgebra/ExpressionTree.cs(15,51): error CS0738: 'ExpressionTree<T, TInput, TOutput>' does not implement interface member 'IModel<TInput, TOutput, ModelMetadata<T>>.GetModelMetaData()'. 'ExpressionTree<T, TInput, TOutput>.GetModelMetaData()' cannot implement 'IModel<TInput, TOutput, ModelMetadata<T>>.GetModelMetaData()' because it does not have the matching return type of 'ModelMetadata<T>'. [/home/ooples/AiDotNet/src/AiDotNet.csproj::TargetFramework=net8.0]
/home/ooples/AiDotNet/src/Regression/RegressionModelBase.cs(32,48): error CS0535: 'RegressionModelBase<T>' does not implement interface member 'IInterpretableModel<T, Matrix<T>, Vector<T>>.SetBaseModel(IModel<Matrix<T>, Vector<T>, ModelMetadata<T>>)' [/home/ooples/AiDotNet/src/AiDotNet.csproj::TargetFramework=net8.0]
/home/ooples/AiDotNet/src/Regression/RegressionModelBase.cs(32,48): error CS0738: 'RegressionModelBase<T>' does not implement interface member 'IModel<Matrix<T>, Vector<T>, ModelMetadata<T>>.GetModelMetaData()'. 'RegressionModelBase<T>.GetModelMetaData()' cannot implement 'IModel<Matrix<T>, Vector<T>, ModelMetadata<T>>.GetModelMetaData()' because it does not have the matching return type of 'ModelMetadata<T>'. [/home/ooples/AiDotNet/src/AiDotNet.csproj::TargetFramework=net8.0]
/home/ooples/AiDotNet/src/Deployment/Techniques/ModelQuantizer.cs(157,28): error CS0305: Using the generic type 'CalibrationData<T>' requires 1 type arguments [/home/ooples/AiDotNet/src/AiDotNet.csproj::TargetFramework=net8.0]
/home/ooples/AiDotNet/src/Deployment/Techniques/ModelQuantizer.cs(22,88): error CS0453: The type 'T' must be a non-nullable value type in order to use it as parameter 'T' in the generic type or method 'IQuantizationStrategy<T, TInput, TOutput>' [/home/ooples/AiDotNet/src/AiDotNet.csproj::TargetFramework=net8.0]
/home/ooples/AiDotNet/src/Deployment/Techniques/ModelQuantizer.cs(30,79): error CS0453: The type 'T' must be a non-nullable value type in order to use it as parameter 'T' in the generic type or method 'IQuantizationStrategy<T, TInput, TOutput>' [/home/ooples/AiDotNet/src/AiDotNet.csproj::TargetFramework=net8.0]
/home/ooples/AiDotNet/src/Deployment/Techniques/QuantizedNeuralNetwork.cs(154,25): error CS0246: The type or namespace name 'ModelMetadata<>' could not be found (are you missing a using directive or an assembly reference?) [/home/ooples/AiDotNet/src/AiDotNet.csproj::TargetFramework=net8.0]
/home/ooples/AiDotNet/src/ProductionMonitoring/MonitoredModelWrapper.cs(17,62): error CS0535: 'MonitoredModelWrapper<T, TInput, TOutput>' does not implement interface member 'IInterpretableModel<T, TInput, TOutput>.SetBaseModel(IModel<TInput, TOutput, ModelMetadata<T>>)' [/home/ooples/AiDotNet/src/AiDotNet.csproj::TargetFramework=net8.0]
/home/ooples/AiDotNet/src/ProductionMonitoring/MonitoredModelWrapper.cs(17,62): error CS0738: 'MonitoredModelWrapper<T, TInput, TOutput>' does not implement interface member 'IModel<TInput, TOutput, ModelMetadata<T>>.GetModelMetaData()'. 'MonitoredModelWrapper<T, TInput, TOutput>.GetModelMetaData()' cannot implement 'IModel<TInput, TOutput, ModelMetadata<T>>.GetModelMetaData()' because it does not have the matching return type of 'ModelMetadata<T>'. [/home/ooples/AiDotNet/src/AiDotNet.csproj::TargetFramework=net8.0]
/home/ooples/AiDotNet/src/Deployment/Techniques/QuantizedNeuralNetwork.cs(154,42): error CS0115: 'QuantizedNeuralNetwork<T>.GetModelMetadata()': no suitable method found to override [/home/ooples/AiDotNet/src/AiDotNet.csproj::TargetFramework=net8.0]
/home/ooples/AiDotNet/src/Deployment/Techniques/QuantizedNeuralNetwork.cs(19,18): error CS0534: 'QuantizedNeuralNetwork<T>' does not implement inherited abstract member 'NeuralNetworkBase<T>.GetModelMetaData()' [/home/ooples/AiDotNet/src/AiDotNet.csproj::TargetFramework=net8.0]
/home/ooples/AiDotNet/src/Deployment/Techniques/QuantizedNeuralNetwork.cs(19,68): error CS0738: 'QuantizedNeuralNetwork<T>' does not implement interface member 'IModel<Tensor<T>, Tensor<T>, ModelMetadata<T>>.GetModelMetaData()'. 'NeuralNetworkBase<T>.GetModelMetaData()' cannot implement 'IModel<Tensor<T>, Tensor<T>, ModelMetadata<T>>.GetModelMetaData()' because it does not have the matching return type of 'ModelMetadata<T>'. [/home/ooples/AiDotNet/src/AiDotNet.csproj::TargetFramework=net8.0]
/home/ooples/AiDotNet/src/Models/VectorModel.cs(40,31): error CS0535: 'VectorModel<T>' does not implement interface member 'IInterpretableModel<T, Matrix<T>, Vector<T>>.SetBaseModel(IModel<Matrix<T>, Vector<T>, ModelMetadata<T>>)' [/home/ooples/AiDotNet/src/AiDotNet.csproj::TargetFramework=net8.0]
/home/ooples/AiDotNet/src/Models/VectorModel.cs(40,31): error CS0738: 'VectorModel<T>' does not implement interface member 'IModel<Matrix<T>, Vector<T>, ModelMetadata<T>>.GetModelMetaData()'. 'VectorModel<T>.GetModelMetaData()' cannot implement 'IModel<Matrix<T>, Vector<T>, ModelMetadata<T>>.GetModelMetaData()' because it does not have the matching return type of 'ModelMetadata<T>'. [/home/ooples/AiDotNet/src/AiDotNet.csproj::TargetFramework=net8.0]
/home/ooples/AiDotNet/src/ReinforcementLearning/Agents/DQNAgent.cs(654,29): error CS0535: 'DQNAgent<TState, T>.QNetwork' does not implement interface member 'IInterpretableModel<T, Tensor<T>, Tensor<T>>.SetBaseModel(IModel<Tensor<T>, Tensor<T>, ModelMetadata<T>>)' [/home/ooples/AiDotNet/src/AiDotNet.csproj::TargetFramework=net8.0]
/home/ooples/AiDotNet/src/ReinforcementLearning/Agents/DQNAgent.cs(654,29): error CS0738: 'DQNAgent<TState, T>.QNetwork' does not implement interface member 'IModel<Tensor<T>, Tensor<T>, ModelMetadata<T>>.GetModelMetaData()'. 'DQNAgent<TState, T>.QNetwork.GetModelMetaData()' cannot implement 'IModel<Tensor<T>, Tensor<T>, ModelMetadata<T>>.GetModelMetaData()' because it does not have the matching return type of 'ModelMetadata<T>'. [/home/ooples/AiDotNet/src/AiDotNet.csproj::TargetFramework=net8.0]
/home/ooples/AiDotNet/src/AutoML/SimpleAutoMLModel.cs(21,41): error CS0535: 'SimpleAutoMLModel<T>' does not implement interface member 'IInterpretableModel<T, Matrix<T>, Vector<T>>.SetBaseModel(IModel<Matrix<T>, Vector<T>, ModelMetadata<T>>)' [/home/ooples/AiDotNet/src/AiDotNet.csproj::TargetFramework=net8.0]
/home/ooples/AiDotNet/src/AutoML/SimpleAutoMLModel.cs(21,41): error CS0738: 'SimpleAutoMLModel<T>' does not implement interface member 'IModel<Matrix<T>, Vector<T>, ModelMetadata<T>>.GetModelMetaData()'. 'SimpleAutoMLModel<T>.GetModelMetaData()' cannot implement 'IModel<Matrix<T>, Vector<T>, ModelMetadata<T>>.GetModelMetaData()' because it does not have the matching return type of 'ModelMetadata<T>'. [/home/ooples/AiDotNet/src/AiDotNet.csproj::TargetFramework=net8.0]
/home/ooples/AiDotNet/src/TimeSeries/TimeSeriesModelBase.cs(43,48): error CS0535: 'TimeSeriesModelBase<T>' does not implement interface member 'IInterpretableModel<T, Matrix<T>, Vector<T>>.SetBaseModel(IModel<Matrix<T>, Vector<T>, ModelMetadata<T>>)' [/home/ooples/AiDotNet/src/AiDotNet.csproj::TargetFramework=net8.0]
/home/ooples/AiDotNet/src/TimeSeries/TimeSeriesModelBase.cs(43,48): error CS0738: 'TimeSeriesModelBase<T>' does not implement interface member 'IModel<Matrix<T>, Vector<T>, ModelMetadata<T>>.GetModelMetaData()'. 'TimeSeriesModelBase<T>.GetModelMetaData()' cannot implement 'IModel<Matrix<T>, Vector<T>, ModelMetadata<T>>.GetModelMetaData()' because it does not have the matching return type of 'ModelMetadata<T>'. [/home/ooples/AiDotNet/src/AiDotNet.csproj::TargetFramework=net8.0]
/home/ooples/AiDotNet/src/NeuralNetworks/TokenizerAdapter.cs(19,40): error CS0535: 'TokenizerAdapter<T>' does not implement interface member 'IInterpretableModel<T, string, string>.SetBaseModel(IModel<string, string, ModelMetadata<T>>)' [/home/ooples/AiDotNet/src/AiDotNet.csproj::TargetFramework=net8.0]
/home/ooples/AiDotNet/src/NeuralNetworks/TokenizerAdapter.cs(19,40): error CS0738: 'TokenizerAdapter<T>' does not implement interface member 'IModel<string, string, ModelMetadata<T>>.GetModelMetaData()'. 'TokenizerAdapter<T>.GetModelMetaData()' cannot implement 'IModel<string, string, ModelMetadata<T>>.GetModelMetaData()' because it does not have the matching return type of 'ModelMetadata<T>'. [/home/ooples/AiDotNet/src/AiDotNet.csproj::TargetFramework=net8.0]
/home/ooples/AiDotNet/src/ReinforcementLearning/Models/ReinforcementLearningModelBase.cs(57,59): error CS0535: 'ReinforcementLearningModelBase<T>' does not implement interface member 'IInterpretableModel<T, Tensor<T>, Tensor<T>>.SetBaseModel(IModel<Tensor<T>, Tensor<T>, ModelMetadata<T>>)' [/home/ooples/AiDotNet/src/AiDotNet.csproj::TargetFramework=net8.0]
/home/ooples/AiDotNet/src/ReinforcementLearning/Models/ReinforcementLearningModelBase.cs(57,59): error CS0738: 'ReinforcementLearningModelBase<T>' does not implement interface member 'IModel<Tensor<T>, Tensor<T>, ModelMetadata<T>>.GetModelMetaData()'. 'ReinforcementLearningModelBase<T>.GetModelMetaData()' cannot implement 'IModel<Tensor<T>, Tensor<T>, ModelMetadata<T>>.GetModelMetaData()' because it does not have the matching return type of 'ModelMetadata<T>'. [/home/ooples/AiDotNet/src/AiDotNet.csproj::TargetFramework=net8.0]

Build FAILED.

/home/ooples/AiDotNet/src/Interfaces/IInterpretableModel.cs(15,88): error CS0246: The type or namespace name 'ModelMetadata<>' could not be found (are you missing a using directive or an assembly reference?) [/home/ooples/AiDotNet/src/AiDotNet.csproj::TargetFramework=net462]
/home/ooples/AiDotNet/src/Ensemble/VotingEnsemble.cs(416,21): error CS0246: The type or namespace name 'ModelMetadata<>' could not be found (are you missing a using directive or an assembly reference?) [/home/ooples/AiDotNet/src/AiDotNet.csproj::TargetFramework=net462]
/home/ooples/AiDotNet/src/Ensemble/VotingEnsemble.cs(454,43): error CS0246: The type or namespace name 'ModelMetadata<>' could not be found (are you missing a using directive or an assembly reference?) [/home/ooples/AiDotNet/src/AiDotNet.csproj::TargetFramework=net462]
/home/ooples/AiDotNet/src/Ensemble/VotingEnsemble.cs(1340,63): error CS0246: The type or namespace name 'ModelMetadata<>' could not be found (are you missing a using directive or an assembly reference?) [/home/ooples/AiDotNet/src/AiDotNet.csproj::TargetFramework=net462]
/home/ooples/AiDotNet/src/Ensemble/VotingEnsemble.cs(36,14): error CS0534: 'VotingEnsemble<T, TInput, TOutput>' does not implement inherited abstract member 'InterpretableModelBase<T, TInput, TOutput>.SetModelMetaData(ModelMetaData<T>)' [/home/ooples/AiDotNet/src/AiDotNet.csproj::TargetFramework=net462]
/home/ooples/AiDotNet/src/Compression/Hardware/InferenceOptimizer.cs(239,57): error CS0104: 'IQuantizedModel<,,>' is an ambiguous reference between 'AiDotNet.Interfaces.IQuantizedModel<T, TInput, TOutput>' and 'AiDotNet.Compression.Quantization.IQuantizedModel<T, TInput, TOutput>' [/home/ooples/AiDotNet/src/AiDotNet.csproj::TargetFramework=net462]
/home/ooples/AiDotNet/src/Compression/Hardware/InferenceOptimizer.cs(304,54): error CS0104: 'IPrunedModel<,,>' is an ambiguous reference between 'AiDotNet.Interfaces.IPrunedModel<T, TInput, TOutput>' and 'AiDotNet.Compression.Pruning.IPrunedModel<T, TInput, TOutput>' [/home/ooples/AiDotNet/src/AiDotNet.csproj::TargetFramework=net462]
/home/ooples/AiDotNet/src/Compression/Hardware/InferenceOptimizer.cs(640,53): error CS0104: 'IPrunedModel<,,>' is an ambiguous reference between 'AiDotNet.Interfaces.IPrunedModel<T, TInput, TOutput>' and 'AiDotNet.Compression.Pruning.IPrunedModel<T, TInput, TOutput>' [/home/ooples/AiDotNet/src/AiDotNet.csproj::TargetFramework=net462]
/home/ooples/AiDotNet/src/Interfaces/IInterpretableModel.cs(104,51): error CS0246: The type or namespace name 'ModelMetadata<>' could not be found (are you missing a using directive or an assembly reference?) [/home/ooples/AiDotNet/src/AiDotNet.csproj::TargetFramework=net462]
/home/ooples/AiDotNet/src/Deployment/CachedModel.cs(28,16): error CS0246: The type or namespace name 'ModelMetadata<>' could not be found (are you missing a using directive or an assembly reference?) [/home/ooples/AiDotNet/src/AiDotNet.csproj::TargetFramework=net462]
/home/ooples/AiDotNet/src/Interpretability/InterpretableModelBase.cs(18,72): error CS0535: 'InterpretableModelBase<T, TInput, TOutput>' does not implement interface member 'IInterpretableModel<T, TInput, TOutput>.SetBaseModel(IModel<TInput, TOutput, ModelMetadata<T>>)' [/home/ooples/AiDotNet/src/AiDotNet.csproj::TargetFramework=net462]
/home/ooples/AiDotNet/src/Interpretability/InterpretableModelBase.cs(18,72): error CS0738: 'InterpretableModelBase<T, TInput, TOutput>' does not implement interface member 'IModel<TInput, TOutput, ModelMetadata<T>>.GetModelMetaData()'. 'InterpretableModelBase<T, TInput, TOutput>.GetModelMetaData()' cannot implement 'IModel<TInput, TOutput, ModelMetadata<T>>.GetModelMetaData()' because it does not have the matching return type of 'ModelMetadata<T>'. [/home/ooples/AiDotNet/src/AiDotNet.csproj::TargetFramework=net462]
/home/ooples/AiDotNet/src/Deployment/CachedModel.cs(129,25): error CS0246: The type or namespace name 'ModelMetadata<>' could not be found (are you missing a using directive or an assembly reference?) [/home/ooples/AiDotNet/src/AiDotNet.csproj::TargetFramework=net462]
/home/ooples/AiDotNet/src/Ensemble/EnsembleModelBase.cs(26,107): error CS0738: 'EnsembleModelBase<T, TInput, TOutput>' does not implement interface member 'IModel<TInput, TOutput, ModelMetadata<T>>.GetModelMetaData()'. 'EnsembleModelBase<T, TInput, TOutput>.GetModelMetaData()' cannot implement 'IModel<TInput, TOutput, ModelMetadata<T>>.GetModelMetaData()' because it does not have the matching return type of 'ModelMetadata<T>'. [/home/ooples/AiDotNet/src/AiDotNet.csproj::TargetFramework=net462]
/home/ooples/AiDotNet/src/FoundationModels/FoundationModelAdapter.cs(21,112): error CS0738: 'FoundationModelAdapter<T>' does not implement interface member 'IModel<Matrix<T>, Vector<T>, ModelMetadata<T>>.GetModelMetaData()'. 'FoundationModelAdapter<T>.GetModelMetaData()' cannot implement 'IModel<Matrix<T>, Vector<T>, ModelMetadata<T>>.GetModelMetaData()' because it does not have the matching return type of 'ModelMetadata<T>'. [/home/ooples/AiDotNet/src/AiDotNet.csproj::TargetFramework=net462]
/home/ooples/AiDotNet/src/Deployment/CachedModel.cs(134,47): error CS0246: The type or namespace name 'ModelMetadata<>' could not be found (are you missing a using directive or an assembly reference?) [/home/ooples/AiDotNet/src/AiDotNet.csproj::TargetFramework=net462]
/home/ooples/AiDotNet/src/Interpretability/InterpretableModelBase.cs(21,43): error CS0246: The type or namespace name 'ModelMetadata<>' could not be found (are you missing a using directive or an assembly reference?) [/home/ooples/AiDotNet/src/AiDotNet.csproj::TargetFramework=net462]
/home/ooples/AiDotNet/src/Deployment/CachedModel.cs(241,72): error CS0246: The type or namespace name 'ModelMetadata<>' could not be found (are you missing a using directive or an assembly reference?) [/home/ooples/AiDotNet/src/AiDotNet.csproj::TargetFramework=net462]
/home/ooples/AiDotNet/src/Deployment/CachedModel.cs(129,42): error CS0115: 'CachedModel<T>.GetModelMetadata()': no suitable method found to override [/home/ooples/AiDotNet/src/AiDotNet.csproj::TargetFramework=net462]
/home/ooples/AiDotNet/src/Deployment/CachedModel.cs(15,20): error CS0534: 'CachedModel<T>' does not implement inherited abstract member 'InterpretableModelBase<T, Tensor<T>, Tensor<T>>.GetModelMetaData()' [/home/ooples/AiDotNet/src/AiDotNet.csproj::TargetFramework=net462]
/home/ooples/AiDotNet/src/Deployment/CachedModel.cs(15,20): error CS0534: 'CachedModel<T>' does not implement inherited abstract member 'InterpretableModelBase<T, Tensor<T>, Tensor<T>>.SetModelMetaData(ModelMetaData<T>)' [/home/ooples/AiDotNet/src/AiDotNet.csproj::TargetFramework=net462]
/home/ooples/AiDotNet/src/Deployment/CachedModel.cs(15,86): error CS0738: 'CachedModel<T>' does not implement interface member 'IModel<Tensor<T>, Tensor<T>, ModelMetadata<T>>.GetModelMetaData()'. 'InterpretableModelBase<T, Tensor<T>, Tensor<T>>.GetModelMetaData()' cannot implement 'IModel<Tensor<T>, Tensor<T>, ModelMetadata<T>>.GetModelMetaData()' because it does not have the matching return type of 'ModelMetadata<T>'. [/home/ooples/AiDotNet/src/AiDotNet.csproj::TargetFramework=net462]
/home/ooples/AiDotNet/src/FoundationModels/FoundationModelBase.cs(23,108): error CS0738: 'FoundationModelBase<T>' does not implement interface member 'IModel<string, string, ModelMetadata<T>>.GetModelMetaData()'. 'FoundationModelBase<T>.GetModelMetaData()' cannot implement 'IModel<string, string, ModelMetadata<T>>.GetModelMetaData()' because it does not have the matching return type of 'ModelMetadata<T>'. [/home/ooples/AiDotNet/src/AiDotNet.csproj::TargetFramework=net462]
/home/ooples/AiDotNet/src/Genetics/ModelIndividual.cs(33,5): error CS0738: 'ModelIndividual<T, TInput, TOutput, TGene>' does not implement interface member 'IModel<TInput, TOutput, ModelMetadata<T>>.GetModelMetaData()'. 'ModelIndividual<T, TInput, TOutput, TGene>.GetModelMetaData()' cannot implement 'IModel<TInput, TOutput, ModelMetadata<T>>.GetModelMetaData()' because it does not have the matching return type of 'ModelMetadata<T>'. [/home/ooples/AiDotNet/src/AiDotNet.csproj::TargetFramework=net462]
/home/ooples/AiDotNet/src/MultimodalAI/MultimodalModelBase.cs(21,52): error CS0535: 'MultimodalModelBase<T>' does not implement interface member 'IInterpretableModel<T, Dictionary<string, object>, Vector<T>>.SetBaseModel(IModel<Dictionary<string, object>, Vector<T>, ModelMetadata<T>>)' [/home/ooples/AiDotNet/src/AiDotNet.csproj::TargetFramework=net462]
/home/ooples/AiDotNet/src/MultimodalAI/MultimodalModelBase.cs(21,52): error CS0738: 'MultimodalModelBase<T>' does not implement interface member 'IModel<Dictionary<string, object>, Vector<T>, ModelMetadata<T>>.GetModelMetaData()'. 'MultimodalModelBase<T>.GetModelMetaData()' cannot implement 'IModel<Dictionary<string, object>, Vector<T>, ModelMetadata<T>>.GetModelMetaData()' because it does not have the matching return type of 'ModelMetadata<T>'. [/home/ooples/AiDotNet/src/AiDotNet.csproj::TargetFramework=net462]
/home/ooples/AiDotNet/src/AutoML/AutoMLModelBase.cs(21,65): error CS0535: 'AutoMLModelBase<T, TInput, TOutput>' does not implement interface member 'IInterpretableModel<T, TInput, TOutput>.SetBaseModel(IModel<TInput, TOutput, ModelMetadata<T>>)' [/home/ooples/AiDotNet/src/AiDotNet.csproj::TargetFramework=net462]
/home/ooples/AiDotNet/src/AutoML/AutoMLModelBase.cs(21,65): error CS0738: 'AutoMLModelBase<T, TInput, TOutput>' does not implement interface member 'IModel<TInput, TOutput, ModelMetadata<T>>.GetModelMetaData()'. 'AutoMLModelBase<T, TInput, TOutput>.GetModelMetaData()' cannot implement 'IModel<TInput, TOutput, ModelMetadata<T>>.GetModelMetaData()' because it does not have the matching return type of 'ModelMetadata<T>'. [/home/ooples/AiDotNet/src/AiDotNet.csproj::TargetFramework=net462]
/home/ooples/AiDotNet/src/LinearAlgebra/ExpressionTree.cs(15,51): error CS0535: 'ExpressionTree<T, TInput, TOutput>' does not implement interface member 'IInterpretableModel<T, TInput, TOutput>.SetBaseModel(IModel<TInput, TOutput, ModelMetadata<T>>)' [/home/ooples/AiDotNet/src/AiDotNet.csproj::TargetFramework=net462]
/home/ooples/AiDotNet/src/LinearAlgebra/ExpressionTree.cs(15,51): error CS0738: 'ExpressionTree<T, TInput, TOutput>' does not implement interface member 'IModel<TInput, TOutput, ModelMetadata<T>>.GetModelMetaData()'. 'ExpressionTree<T, TInput, TOutput>.GetModelMetaData()' cannot implement 'IModel<TInput, TOutput, ModelMetadata<T>>.GetModelMetaData()' because it does not have the matching return type of 'ModelMetadata<T>'. [/home/ooples/AiDotNet/src/AiDotNet.csproj::TargetFramework=net462]
/home/ooples/AiDotNet/src/AutoML/SimpleAutoMLModel.cs(21,41): error CS0535: 'SimpleAutoMLModel<T>' does not implement interface member 'IInterpretableModel<T, Matrix<T>, Vector<T>>.SetBaseModel(IModel<Matrix<T>, Vector<T>, ModelMetadata<T>>)' [/home/ooples/AiDotNet/src/AiDotNet.csproj::TargetFramework=net462]
/home/ooples/AiDotNet/src/AutoML/SimpleAutoMLModel.cs(21,41): error CS0738: 'SimpleAutoMLModel<T>' does not implement interface member 'IModel<Matrix<T>, Vector<T>, ModelMetadata<T>>.GetModelMetaData()'. 'SimpleAutoMLModel<T>.GetModelMetaData()' cannot implement 'IModel<Matrix<T>, Vector<T>, ModelMetadata<T>>.GetModelMetaData()' because it does not have the matching return type of 'ModelMetadata<T>'. [/home/ooples/AiDotNet/src/AiDotNet.csproj::TargetFramework=net462]
/home/ooples/AiDotNet/src/NeuralNetworks/NeuralNetworkBase.cs(16,46): error CS0535: 'NeuralNetworkBase<T>' does not implement interface member 'IInterpretableModel<T, Tensor<T>, Tensor<T>>.SetBaseModel(IModel<Tensor<T>, Tensor<T>, ModelMetadata<T>>)' [/home/ooples/AiDotNet/src/AiDotNet.csproj::TargetFramework=net462]
/home/ooples/AiDotNet/src/NeuralNetworks/NeuralNetworkBase.cs(16,46): error CS0738: 'NeuralNetworkBase<T>' does not implement interface member 'IModel<Tensor<T>, Tensor<T>, ModelMetadata<T>>.GetModelMetaData()'. 'NeuralNetworkBase<T>.GetModelMetaData()' cannot implement 'IModel<Tensor<T>, Tensor<T>, ModelMetadata<T>>.GetModelMetaData()' because it does not have the matching return type of 'ModelMetadata<T>'. [/home/ooples/AiDotNet/src/AiDotNet.csproj::TargetFramework=net462]
/home/ooples/AiDotNet/src/NeuralNetworks/ConditionalUNet.cs(21,63): error CS0738: 'ConditionalUNet' does not implement interface member 'IModel<Tensor<double>, Tensor<double>, ModelMetadata<double>>.GetModelMetaData()'. 'ConditionalUNet.GetModelMetaData()' cannot implement 'IModel<Tensor<double>, Tensor<double>, ModelMetadata<double>>.GetModelMetaData()' because it does not have the matching return type of 'ModelMetadata<double>'. [/home/ooples/AiDotNet/src/AiDotNet.csproj::TargetFramework=net462]
/home/ooples/AiDotNet/src/Deployment/Techniques/ModelQuantizer.cs(157,28): error CS0305: Using the generic type 'CalibrationData<T>' requires 1 type arguments [/home/ooples/AiDotNet/src/AiDotNet.csproj::TargetFramework=net462]
/home/ooples/AiDotNet/src/OnlineLearning/OnlineModelBase.cs(22,61): error CS0535: 'OnlineModelBase<T, TInput, TOutput>' does not implement interface member 'IInterpretableModel<T, TInput, TOutput>.SetBaseModel(IModel<TInput, TOutput, ModelMetadata<T>>)' [/home/ooples/AiDotNet/src/AiDotNet.csproj::TargetFramework=net462]
/home/ooples/AiDotNet/src/OnlineLearning/OnlineModelBase.cs(22,61): error CS0738: 'OnlineModelBase<T, TInput, TOutput>' does not implement interface member 'IModel<TInput, TOutput, ModelMetadata<T>>.GetModelMetaData()'. 'OnlineModelBase<T, TInput, TOutput>.GetModelMetaData()' cannot implement 'IModel<TInput, TOutput, ModelMetadata<T>>.GetModelMetaData()' because it does not have the matching return type of 'ModelMetadata<T>'. [/home/ooples/AiDotNet/src/AiDotNet.csproj::TargetFramework=net462]
/home/ooples/AiDotNet/src/Deployment/Techniques/ModelQuantizer.cs(22,88): error CS0453: The type 'T' must be a non-nullable value type in order to use it as parameter 'T' in the generic type or method 'IQuantizationStrategy<T, TInput, TOutput>' [/home/ooples/AiDotNet/src/AiDotNet.csproj::TargetFramework=net462]
/home/ooples/AiDotNet/src/Deployment/Techniques/ModelQuantizer.cs(30,79): error CS0453: The type 'T' must be a non-nullable value type in order to use it as parameter 'T' in the generic type or method 'IQuantizationStrategy<T, TInput, TOutput>' [/home/ooples/AiDotNet/src/AiDotNet.csproj::TargetFramework=net462]
/home/ooples/AiDotNet/src/OnlineLearning/AdaptiveOnlineModelBase.cs(14,42): error CS0738: 'AdaptiveOnlineModelBase<T, TInput, TOutput>' does not implement interface member 'IModel<TInput, TOutput, ModelMetadata<T>>.GetModelMetaData()'. 'OnlineModelBase<T, TInput, TOutput>.GetModelMetaData()' cannot implement 'IModel<TInput, TOutput, ModelMetadata<T>>.GetModelMetaData()' because it does not have the matching return type of 'ModelMetadata<T>'. [/home/ooples/AiDotNet/src/AiDotNet.csproj::TargetFramework=net462]
/home/ooples/AiDotNet/src/Models/NeuralNetworkModel.cs(28,38): error CS0535: 'NeuralNetworkModel<T>' does not implement interface member 'IInterpretableModel<T, Tensor<T>, Tensor<T>>.SetBaseModel(IModel<Tensor<T>, Tensor<T>, ModelMetadata<T>>)' [/home/ooples/AiDotNet/src/AiDotNet.csproj::TargetFramework=net462]
/home/ooples/AiDotNet/src/Models/NeuralNetworkModel.cs(28,38): error CS0738: 'NeuralNetworkModel<T>' does not implement interface member 'IModel<Tensor<T>, Tensor<T>, ModelMetadata<T>>.GetModelMetaData()'. 'NeuralNetworkModel<T>.GetModelMetaData()' cannot implement 'IModel<Tensor<T>, Tensor<T>, ModelMetadata<T>>.GetModelMetaData()' because it does not have the matching return type of 'ModelMetadata<T>'. [/home/ooples/AiDotNet/src/AiDotNet.csproj::TargetFramework=net462]
/home/ooples/AiDotNet/src/ProductionMonitoring/MonitoredModelWrapper.cs(17,62): error CS0535: 'MonitoredModelWrapper<T, TInput, TOutput>' does not implement interface member 'IInterpretableModel<T, TInput, TOutput>.SetBaseModel(IModel<TInput, TOutput, ModelMetadata<T>>)' [/home/ooples/AiDotNet/src/AiDotNet.csproj::TargetFramework=net462]
/home/ooples/AiDotNet/src/ProductionMonitoring/MonitoredModelWrapper.cs(17,62): error CS0738: 'MonitoredModelWrapper<T, TInput, TOutput>' does not implement interface member 'IModel<TInput, TOutput, ModelMetadata<T>>.GetModelMetaData()'. 'MonitoredModelWrapper<T, TInput, TOutput>.GetModelMetaData()' cannot implement 'IModel<TInput, TOutput, ModelMetadata<T>>.GetModelMetaData()' because it does not have the matching return type of 'ModelMetadata<T>'. [/home/ooples/AiDotNet/src/AiDotNet.csproj::TargetFramework=net462]
/home/ooples/AiDotNet/src/Deployment/Techniques/QuantizedNeuralNetwork.cs(154,25): error CS0246: The type or namespace name 'ModelMetadata<>' could not be found (are you missing a using directive or an assembly reference?) [/home/ooples/AiDotNet/src/AiDotNet.csproj::TargetFramework=net462]
/home/ooples/AiDotNet/src/Deployment/Techniques/QuantizedNeuralNetwork.cs(154,42): error CS0115: 'QuantizedNeuralNetwork<T>.GetModelMetadata()': no suitable method found to override [/home/ooples/AiDotNet/src/AiDotNet.csproj::TargetFramework=net462]
/home/ooples/AiDotNet/src/Deployment/Techniques/QuantizedNeuralNetwork.cs(19,18): error CS0534: 'QuantizedNeuralNetwork<T>' does not implement inherited abstract member 'NeuralNetworkBase<T>.GetModelMetaData()' [/home/ooples/AiDotNet/src/AiDotNet.csproj::TargetFramework=net462]
/home/ooples/AiDotNet/src/Deployment/Techniques/QuantizedNeuralNetwork.cs(19,68): error CS0738: 'QuantizedNeuralNetwork<T>' does not implement interface member 'IModel<Tensor<T>, Tensor<T>, ModelMetadata<T>>.GetModelMetaData()'. 'NeuralNetworkBase<T>.GetModelMetaData()' cannot implement 'IModel<Tensor<T>, Tensor<T>, ModelMetadata<T>>.GetModelMetaData()' because it does not have the matching return type of 'ModelMetadata<T>'. [/home/ooples/AiDotNet/src/AiDotNet.csproj::TargetFramework=net462]
/home/ooples/AiDotNet/src/Reasoning/ReasoningModelBase.cs(40,51): error CS0535: 'ReasoningModelBase<T>' does not implement interface member 'IInterpretableModel<T, Tensor<T>, Tensor<T>>.SetBaseModel(IModel<Tensor<T>, Tensor<T>, ModelMetadata<T>>)' [/home/ooples/AiDotNet/src/AiDotNet.csproj::TargetFramework=net462]
/home/ooples/AiDotNet/src/Reasoning/ReasoningModelBase.cs(40,51): error CS0738: 'ReasoningModelBase<T>' does not implement interface member 'IModel<Tensor<T>, Tensor<T>, ModelMetadata<T>>.GetModelMetaData()'. 'ReasoningModelBase<T>.GetModelMetaData()' cannot implement 'IModel<Tensor<T>, Tensor<T>, ModelMetadata<T>>.GetModelMetaData()' because it does not have the matching return type of 'ModelMetadata<T>'. [/home/ooples/AiDotNet/src/AiDotNet.csproj::TargetFramework=net462]
/home/ooples/AiDotNet/src/Models/ParameterPlaceholderModel.cs(31,62): error CS0535: 'ParameterPlaceholderModel<T, TInput, TOutput>' does not implement interface member 'IInterpretableModel<T, TInput, TOutput>.SetBaseModel(IModel<TInput, TOutput, ModelMetadata<T>>)' [/home/ooples/AiDotNet/src/AiDotNet.csproj::TargetFramework=net462]
/home/ooples/AiDotNet/src/Models/ParameterPlaceholderModel.cs(31,62): error CS0738: 'ParameterPlaceholderModel<T, TInput, TOutput>' does not implement interface member 'IModel<TInput, TOutput, ModelMetadata<T>>.GetModelMetaData()'. 'ParameterPlaceholderModel<T, TInput, TOutput>.GetModelMetaData()' cannot implement 'IModel<TInput, TOutput, ModelMetadata<T>>.GetModelMetaData()' because it does not have the matching return type of 'ModelMetadata<T>'. [/home/ooples/AiDotNet/src/AiDotNet.csproj::TargetFramework=net462]
/home/ooples/AiDotNet/src/ReinforcementLearning/Agents/DQNAgent.cs(654,29): error CS0535: 'DQNAgent<TState, T>.QNetwork' does not implement interface member 'IInterpretableModel<T, Tensor<T>, Tensor<T>>.SetBaseModel(IModel<Tensor<T>, Tensor<T>, ModelMetadata<T>>)' [/home/ooples/AiDotNet/src/AiDotNet.csproj::TargetFramework=net462]
/home/ooples/AiDotNet/src/ReinforcementLearning/Agents/DQNAgent.cs(654,29): error CS0738: 'DQNAgent<TState, T>.QNetwork' does not implement interface member 'IModel<Tensor<T>, Tensor<T>, ModelMetadata<T>>.GetModelMetaData()'. 'DQNAgent<TState, T>.QNetwork.GetModelMetaData()' cannot implement 'IModel<Tensor<T>, Tensor<T>, ModelMetadata<T>>.GetModelMetaData()' because it does not have the matching return type of 'ModelMetadata<T>'. [/home/ooples/AiDotNet/src/AiDotNet.csproj::TargetFramework=net462]
/home/ooples/AiDotNet/src/TransferLearning/TransferLearningModelBase.cs(20,71): error CS0535: 'TransferLearningModelBase<T, TInput, TOutput>' does not implement interface member 'IInterpretableModel<T, TInput, TOutput>.SetBaseModel(IModel<TInput, TOutput, ModelMetadata<T>>)' [/home/ooples/AiDotNet/src/AiDotNet.csproj::TargetFramework=net462]
/home/ooples/AiDotNet/src/TransferLearning/TransferLearningModelBase.cs(20,71): error CS0738: 'TransferLearningModelBase<T, TInput, TOutput>' does not implement interface member 'IModel<TInput, TOutput, ModelMetadata<T>>.GetModelMetaData()'. 'TransferLearningModelBase<T, TInput, TOutput>.GetModelMetaData()' cannot implement 'IModel<TInput, TOutput, ModelMetadata<T>>.GetModelMetaData()' because it does not have the matching return type of 'ModelMetadata<T>'. [/home/ooples/AiDotNet/src/AiDotNet.csproj::TargetFramework=net462]
/home/ooples/AiDotNet/src/Models/VectorModel.cs(40,31): error CS0535: 'VectorModel<T>' does not implement interface member 'IInterpretableModel<T, Matrix<T>, Vector<T>>.SetBaseModel(IModel<Matrix<T>, Vector<T>, ModelMetadata<T>>)' [/home/ooples/AiDotNet/src/AiDotNet.csproj::TargetFramework=net462]
/home/ooples/AiDotNet/src/Models/VectorModel.cs(40,31): error CS0738: 'VectorModel<T>' does not implement interface member 'IModel<Matrix<T>, Vector<T>, ModelMetadata<T>>.GetModelMetaData()'. 'VectorModel<T>.GetModelMetaData()' cannot implement 'IModel<Matrix<T>, Vector<T>, ModelMetadata<T>>.GetModelMetaData()' because it does not have the matching return type of 'ModelMetadata<T>'. [/home/ooples/AiDotNet/src/AiDotNet.csproj::TargetFramework=net462]
/home/ooples/AiDotNet/src/Regression/DecisionTreeAsyncRegressionBase.cs(40,65): error CS0535: 'AsyncDecisionTreeRegressionModelBase<T>' does not implement interface member 'IInterpretableModel<T, Matrix<T>, Vector<T>>.SetBaseModel(IModel<Matrix<T>, Vector<T>, ModelMetadata<T>>)' [/home/ooples/AiDotNet/src/AiDotNet.csproj::TargetFramework=net462]
/home/ooples/AiDotNet/src/Regression/DecisionTreeAsyncRegressionBase.cs(40,65): error CS0738: 'AsyncDecisionTreeRegressionModelBase<T>' does not implement interface member 'IModel<Matrix<T>, Vector<T>, ModelMetadata<T>>.GetModelMetaData()'. 'AsyncDecisionTreeRegressionModelBase<T>.GetModelMetaData()' cannot implement 'IModel<Matrix<T>, Vector<T>, ModelMetadata<T>>.GetModelMetaData()' because it does not have the matching return type of 'ModelMetadata<T>'. [/home/ooples/AiDotNet/src/AiDotNet.csproj::TargetFramework=net462]
/home/ooples/AiDotNet/src/Regression/DecisionTreeRegressionBase.cs(31,60): error CS0535: 'DecisionTreeRegressionModelBase<T>' does not implement interface member 'IInterpretableModel<T, Matrix<T>, Vector<T>>.SetBaseModel(IModel<Matrix<T>, Vector<T>, ModelMetadata<T>>)' [/home/ooples/AiDotNet/src/AiDotNet.csproj::TargetFramework=net462]
/home/ooples/AiDotNet/src/Regression/DecisionTreeRegressionBase.cs(31,60): error CS0738: 'DecisionTreeRegressionModelBase<T>' does not implement interface member 'IModel<Matrix<T>, Vector<T>, ModelMetadata<T>>.GetModelMetaData()'. 'DecisionTreeRegressionModelBase<T>.GetModelMetaData()' cannot implement 'IModel<Matrix<T>, Vector<T>, ModelMetadata<T>>.GetModelMetaData()' because it does not have the matching return type of 'ModelMetadata<T>'. [/home/ooples/AiDotNet/src/AiDotNet.csproj::TargetFramework=net462]
/home/ooples/AiDotNet/src/Regression/NonLinearRegressionBase.cs(28,57): error CS0535: 'NonLinearRegressionModelBase<T>' does not implement interface member 'IInterpretableModel<T, Matrix<T>, Vector<T>>.SetBaseModel(IModel<Matrix<T>, Vector<T>, ModelMetadata<T>>)' [/home/ooples/AiDotNet/src/AiDotNet.csproj::TargetFramework=net462]
/home/ooples/AiDotNet/src/Regression/NonLinearRegressionBase.cs(28,57): error CS0738: 'NonLinearRegressionModelBase<T>' does not implement interface member 'IModel<Matrix<T>, Vector<T>, ModelMetadata<T>>.GetModelMetaData()'. 'NonLinearRegressionModelBase<T>.GetModelMetaData()' cannot implement 'IModel<Matrix<T>, Vector<T>, ModelMetadata<T>>.GetModelMetaData()' because it does not have the matching return type of 'ModelMetadata<T>'. [/home/ooples/AiDotNet/src/AiDotNet.csproj::TargetFramework=net462]
/home/ooples/AiDotNet/src/ReinforcementLearning/Models/ReinforcementLearningModelBase.cs(57,59): error CS0535: 'ReinforcementLearningModelBase<T>' does not implement interface member 'IInterpretableModel<T, Tensor<T>, Tensor<T>>.SetBaseModel(IModel<Tensor<T>, Tensor<T>, ModelMetadata<T>>)' [/home/ooples/AiDotNet/src/AiDotNet.csproj::TargetFramework=net462]
/home/ooples/AiDotNet/src/ReinforcementLearning/Models/ReinforcementLearningModelBase.cs(57,59): error CS0738: 'ReinforcementLearningModelBase<T>' does not implement interface member 'IModel<Tensor<T>, Tensor<T>, ModelMetadata<T>>.GetModelMetaData()'. 'ReinforcementLearningModelBase<T>.GetModelMetaData()' cannot implement 'IModel<Tensor<T>, Tensor<T>, ModelMetadata<T>>.GetModelMetaData()' because it does not have the matching return type of 'ModelMetadata<T>'. [/home/ooples/AiDotNet/src/AiDotNet.csproj::TargetFramework=net462]
/home/ooples/AiDotNet/src/Regression/RegressionModelBase.cs(32,48): error CS0535: 'RegressionModelBase<T>' does not implement interface member 'IInterpretableModel<T, Matrix<T>, Vector<T>>.SetBaseModel(IModel<Matrix<T>, Vector<T>, ModelMetadata<T>>)' [/home/ooples/AiDotNet/src/AiDotNet.csproj::TargetFramework=net462]
/home/ooples/AiDotNet/src/Regression/RegressionModelBase.cs(32,48): error CS0738: 'RegressionModelBase<T>' does not implement interface member 'IModel<Matrix<T>, Vector<T>, ModelMetadata<T>>.GetModelMetaData()'. 'RegressionModelBase<T>.GetModelMetaData()' cannot implement 'IModel<Matrix<T>, Vector<T>, ModelMetadata<T>>.GetModelMetaData()' because it does not have the matching return type of 'ModelMetadata<T>'. [/home/ooples/AiDotNet/src/AiDotNet.csproj::TargetFramework=net462]
/home/ooples/AiDotNet/src/NeuralNetworks/TokenizerAdapter.cs(19,40): error CS0535: 'TokenizerAdapter<T>' does not implement interface member 'IInterpretableModel<T, string, string>.SetBaseModel(IModel<string, string, ModelMetadata<T>>)' [/home/ooples/AiDotNet/src/AiDotNet.csproj::TargetFramework=net462]
/home/ooples/AiDotNet/src/NeuralNetworks/TokenizerAdapter.cs(19,40): error CS0738: 'TokenizerAdapter<T>' does not implement interface member 'IModel<string, string, ModelMetadata<T>>.GetModelMetaData()'. 'TokenizerAdapter<T>.GetModelMetaData()' cannot implement 'IModel<string, string, ModelMetadata<T>>.GetModelMetaData()' because it does not have the matching return type of 'ModelMetadata<T>'. [/home/ooples/AiDotNet/src/AiDotNet.csproj::TargetFramework=net462]
/home/ooples/AiDotNet/src/TimeSeries/TimeSeriesModelBase.cs(43,48): error CS0535: 'TimeSeriesModelBase<T>' does not implement interface member 'IInterpretableModel<T, Matrix<T>, Vector<T>>.SetBaseModel(IModel<Matrix<T>, Vector<T>, ModelMetadata<T>>)' [/home/ooples/AiDotNet/src/AiDotNet.csproj::TargetFramework=net462]
/home/ooples/AiDotNet/src/TimeSeries/TimeSeriesModelBase.cs(43,48): error CS0738: 'TimeSeriesModelBase<T>' does not implement interface member 'IModel<Matrix<T>, Vector<T>, ModelMetadata<T>>.GetModelMetaData()'. 'TimeSeriesModelBase<T>.GetModelMetaData()' cannot implement 'IModel<Matrix<T>, Vector<T>, ModelMetadata<T>>.GetModelMetaData()' because it does not have the matching return type of 'ModelMetadata<T>'. [/home/ooples/AiDotNet/src/AiDotNet.csproj::TargetFramework=net462]
/home/ooples/AiDotNet/src/Interfaces/IInterpretableModel.cs(15,88): error CS0246: The type or namespace name 'ModelMetadata<>' could not be found (are you missing a using directive or an assembly reference?) [/home/ooples/AiDotNet/src/AiDotNet.csproj::TargetFramework=net6.0]
/home/ooples/AiDotNet/src/Compression/Hardware/InferenceOptimizer.cs(239,57): error CS0104: 'IQuantizedModel<,,>' is an ambiguous reference between 'AiDotNet.Interfaces.IQuantizedModel<T, TInput, TOutput>' and 'AiDotNet.Compression.Quantization.IQuantizedModel<T, TInput, TOutput>' [/home/ooples/AiDotNet/src/AiDotNet.csproj::TargetFramework=net6.0]
/home/ooples/AiDotNet/src/Compression/Hardware/InferenceOptimizer.cs(304,54): error CS0104: 'IPrunedModel<,,>' is an ambiguous reference between 'AiDotNet.Interfaces.IPrunedModel<T, TInput, TOutput>' and 'AiDotNet.Compression.Pruning.IPrunedModel<T, TInput, TOutput>' [/home/ooples/AiDotNet/src/AiDotNet.csproj::TargetFramework=net6.0]
/home/ooples/AiDotNet/src/Compression/Hardware/InferenceOptimizer.cs(640,53): error CS0104: 'IPrunedModel<,,>' is an ambiguous reference between 'AiDotNet.Interfaces.IPrunedModel<T, TInput, TOutput>' and 'AiDotNet.Compression.Pruning.IPrunedModel<T, TInput, TOutput>' [/home/ooples/AiDotNet/src/AiDotNet.csproj::TargetFramework=net6.0]
/home/ooples/AiDotNet/src/Interfaces/IInterpretableModel.cs(104,51): error CS0246: The type or namespace name 'ModelMetadata<>' could not be found (are you missing a using directive or an assembly reference?) [/home/ooples/AiDotNet/src/AiDotNet.csproj::TargetFramework=net6.0]
/home/ooples/AiDotNet/src/Interpretability/InterpretableModelBase.cs(18,72): error CS0535: 'InterpretableModelBase<T, TInput, TOutput>' does not implement interface member 'IInterpretableModel<T, TInput, TOutput>.SetBaseModel(IModel<TInput, TOutput, ModelMetadata<T>>)' [/home/ooples/AiDotNet/src/AiDotNet.csproj::TargetFramework=net6.0]
/home/ooples/AiDotNet/src/Interpretability/InterpretableModelBase.cs(18,72): error CS0738: 'InterpretableModelBase<T, TInput, TOutput>' does not implement interface member 'IModel<TInput, TOutput, ModelMetadata<T>>.GetModelMetaData()'. 'InterpretableModelBase<T, TInput, TOutput>.GetModelMetaData()' cannot implement 'IModel<TInput, TOutput, ModelMetadata<T>>.GetModelMetaData()' because it does not have the matching return type of 'ModelMetadata<T>'. [/home/ooples/AiDotNet/src/AiDotNet.csproj::TargetFramework=net6.0]
/home/ooples/AiDotNet/src/Ensemble/EnsembleModelBase.cs(26,107): error CS0738: 'EnsembleModelBase<T, TInput, TOutput>' does not implement interface member 'IModel<TInput, TOutput, ModelMetadata<T>>.GetModelMetaData()'. 'EnsembleModelBase<T, TInput, TOutput>.GetModelMetaData()' cannot implement 'IModel<TInput, TOutput, ModelMetadata<T>>.GetModelMetaData()' because it does not have the matching return type of 'ModelMetadata<T>'. [/home/ooples/AiDotNet/src/AiDotNet.csproj::TargetFramework=net6.0]
/home/ooples/AiDotNet/src/Ensemble/VotingEnsemble.cs(416,21): error CS0246: The type or namespace name 'ModelMetadata<>' could not be found (are you missing a using directive or an assembly reference?) [/home/ooples/AiDotNet/src/AiDotNet.csproj::TargetFramework=net6.0]
/home/ooples/AiDotNet/src/Ensemble/VotingEnsemble.cs(454,43): error CS0246: The type or namespace name 'ModelMetadata<>' could not be found (are you missing a using directive or an assembly reference?) [/home/ooples/AiDotNet/src/AiDotNet.csproj::TargetFramework=net6.0]
/home/ooples/AiDotNet/src/Ensemble/VotingEnsemble.cs(1340,63): error CS0246: The type or namespace name 'ModelMetadata<>' could not be found (are you missing a using directive or an assembly reference?) [/home/ooples/AiDotNet/src/AiDotNet.csproj::TargetFramework=net6.0]
/home/ooples/AiDotNet/src/Ensemble/VotingEnsemble.cs(36,14): error CS0534: 'VotingEnsemble<T, TInput, TOutput>' does not implement inherited abstract member 'InterpretableModelBase<T, TInput, TOutput>.SetModelMetaData(ModelMetaData<T>)' [/home/ooples/AiDotNet/src/AiDotNet.csproj::TargetFramework=net6.0]
/home/ooples/AiDotNet/src/AutoML/AutoMLModelBase.cs(21,65): error CS0535: 'AutoMLModelBase<T, TInput, TOutput>' does not implement interface member 'IInterpretableModel<T, TInput, TOutput>.SetBaseModel(IModel<TInput, TOutput, ModelMetadata<T>>)' [/home/ooples/AiDotNet/src/AiDotNet.csproj::TargetFramework=net6.0]
/home/ooples/AiDotNet/src/AutoML/AutoMLModelBase.cs(21,65): error CS0738: 'AutoMLModelBase<T, TInput, TOutput>' does not implement interface member 'IModel<TInput, TOutput, ModelMetadata<T>>.GetModelMetaData()'. 'AutoMLModelBase<T, TInput, TOutput>.GetModelMetaData()' cannot implement 'IModel<TInput, TOutput, ModelMetadata<T>>.GetModelMetaData()' because it does not have the matching return type of 'ModelMetadata<T>'. [/home/ooples/AiDotNet/src/AiDotNet.csproj::TargetFramework=net6.0]
/home/ooples/AiDotNet/src/Deployment/CachedModel.cs(28,16): error CS0246: The type or namespace name 'ModelMetadata<>' could not be found (are you missing a using directive or an assembly reference?) [/home/ooples/AiDotNet/src/AiDotNet.csproj::TargetFramework=net6.0]
/home/ooples/AiDotNet/src/FoundationModels/FoundationModelAdapter.cs(21,112): error CS0738: 'FoundationModelAdapter<T>' does not implement interface member 'IModel<Matrix<T>, Vector<T>, ModelMetadata<T>>.GetModelMetaData()'. 'FoundationModelAdapter<T>.GetModelMetaData()' cannot implement 'IModel<Matrix<T>, Vector<T>, ModelMetadata<T>>.GetModelMetaData()' because it does not have the matching return type of 'ModelMetadata<T>'. [/home/ooples/AiDotNet/src/AiDotNet.csproj::TargetFramework=net6.0]
/home/ooples/AiDotNet/src/AutoML/SimpleAutoMLModel.cs(21,41): error CS0535: 'SimpleAutoMLModel<T>' does not implement interface member 'IInterpretableModel<T, Matrix<T>, Vector<T>>.SetBaseModel(IModel<Matrix<T>, Vector<T>, ModelMetadata<T>>)' [/home/ooples/AiDotNet/src/AiDotNet.csproj::TargetFramework=net6.0]
/home/ooples/AiDotNet/src/AutoML/SimpleAutoMLModel.cs(21,41): error CS0738: 'SimpleAutoMLModel<T>' does not implement interface member 'IModel<Matrix<T>, Vector<T>, ModelMetadata<T>>.GetModelMetaData()'. 'SimpleAutoMLModel<T>.GetModelMetaData()' cannot implement 'IModel<Matrix<T>, Vector<T>, ModelMetadata<T>>.GetModelMetaData()' because it does not have the matching return type of 'ModelMetadata<T>'. [/home/ooples/AiDotNet/src/AiDotNet.csproj::TargetFramework=net6.0]
/home/ooples/AiDotNet/src/Deployment/CachedModel.cs(129,25): error CS0246: The type or namespace name 'ModelMetadata<>' could not be found (are you missing a using directive or an assembly reference?) [/home/ooples/AiDotNet/src/AiDotNet.csproj::TargetFramework=net6.0]
/home/ooples/AiDotNet/src/Deployment/CachedModel.cs(134,47): error CS0246: The type or namespace name 'ModelMetadata<>' could not be found (are you missing a using directive or an assembly reference?) [/home/ooples/AiDotNet/src/AiDotNet.csproj::TargetFramework=net6.0]
/home/ooples/AiDotNet/src/FoundationModels/FoundationModelBase.cs(23,108): error CS0738: 'FoundationModelBase<T>' does not implement interface member 'IModel<string, string, ModelMetadata<T>>.GetModelMetaData()'. 'FoundationModelBase<T>.GetModelMetaData()' cannot implement 'IModel<string, string, ModelMetadata<T>>.GetModelMetaData()' because it does not have the matching return type of 'ModelMetadata<T>'. [/home/ooples/AiDotNet/src/AiDotNet.csproj::TargetFramework=net6.0]
/home/ooples/AiDotNet/src/Deployment/CachedModel.cs(241,72): error CS0246: The type or namespace name 'ModelMetadata<>' could not be found (are you missing a using directive or an assembly reference?) [/home/ooples/AiDotNet/src/AiDotNet.csproj::TargetFramework=net6.0]
/home/ooples/AiDotNet/src/Genetics/ModelIndividual.cs(33,5): error CS0738: 'ModelIndividual<T, TInput, TOutput, TGene>' does not implement interface member 'IModel<TInput, TOutput, ModelMetadata<T>>.GetModelMetaData()'. 'ModelIndividual<T, TInput, TOutput, TGene>.GetModelMetaData()' cannot implement 'IModel<TInput, TOutput, ModelMetadata<T>>.GetModelMetaData()' because it does not have the matching return type of 'ModelMetadata<T>'. [/home/ooples/AiDotNet/src/AiDotNet.csproj::TargetFramework=net6.0]
/home/ooples/AiDotNet/src/Deployment/CachedModel.cs(129,42): error CS0115: 'CachedModel<T>.GetModelMetadata()': no suitable method found to override [/home/ooples/AiDotNet/src/AiDotNet.csproj::TargetFramework=net6.0]
/home/ooples/AiDotNet/src/Deployment/CachedModel.cs(15,20): error CS0534: 'CachedModel<T>' does not implement inherited abstract member 'InterpretableModelBase<T, Tensor<T>, Tensor<T>>.GetModelMetaData()' [/home/ooples/AiDotNet/src/AiDotNet.csproj::TargetFramework=net6.0]
/home/ooples/AiDotNet/src/Deployment/CachedModel.cs(15,20): error CS0534: 'CachedModel<T>' does not implement inherited abstract member 'InterpretableModelBase<T, Tensor<T>, Tensor<T>>.SetModelMetaData(ModelMetaData<T>)' [/home/ooples/AiDotNet/src/AiDotNet.csproj::TargetFramework=net6.0]
/home/ooples/AiDotNet/src/Deployment/CachedModel.cs(15,86): error CS0738: 'CachedModel<T>' does not implement interface member 'IModel<Tensor<T>, Tensor<T>, ModelMetadata<T>>.GetModelMetaData()'. 'InterpretableModelBase<T, Tensor<T>, Tensor<T>>.GetModelMetaData()' cannot implement 'IModel<Tensor<T>, Tensor<T>, ModelMetadata<T>>.GetModelMetaData()' because it does not have the matching return type of 'ModelMetadata<T>'. [/home/ooples/AiDotNet/src/AiDotNet.csproj::TargetFramework=net6.0]
/home/ooples/AiDotNet/src/Interpretability/InterpretableModelBase.cs(21,43): error CS0246: The type or namespace name 'ModelMetadata<>' could not be found (are you missing a using directive or an assembly reference?) [/home/ooples/AiDotNet/src/AiDotNet.csproj::TargetFramework=net6.0]
/home/ooples/AiDotNet/src/LinearAlgebra/ExpressionTree.cs(15,51): error CS0535: 'ExpressionTree<T, TInput, TOutput>' does not implement interface member 'IInterpretableModel<T, TInput, TOutput>.SetBaseModel(IModel<TInput, TOutput, ModelMetadata<T>>)' [/home/ooples/AiDotNet/src/AiDotNet.csproj::TargetFramework=net6.0]
/home/ooples/AiDotNet/src/LinearAlgebra/ExpressionTree.cs(15,51): error CS0738: 'ExpressionTree<T, TInput, TOutput>' does not implement interface member 'IModel<TInput, TOutput, ModelMetadata<T>>.GetModelMetaData()'. 'ExpressionTree<T, TInput, TOutput>.GetModelMetaData()' cannot implement 'IModel<TInput, TOutput, ModelMetadata<T>>.GetModelMetaData()' because it does not have the matching return type of 'ModelMetadata<T>'. [/home/ooples/AiDotNet/src/AiDotNet.csproj::TargetFramework=net6.0]
/home/ooples/AiDotNet/src/Deployment/Techniques/ModelQuantizer.cs(157,28): error CS0305: Using the generic type 'CalibrationData<T>' requires 1 type arguments [/home/ooples/AiDotNet/src/AiDotNet.csproj::TargetFramework=net6.0]
/home/ooples/AiDotNet/src/Models/ParameterPlaceholderModel.cs(31,62): error CS0535: 'ParameterPlaceholderModel<T, TInput, TOutput>' does not implement interface member 'IInterpretableModel<T, TInput, TOutput>.SetBaseModel(IModel<TInput, TOutput, ModelMetadata<T>>)' [/home/ooples/AiDotNet/src/AiDotNet.csproj::TargetFramework=net6.0]
/home/ooples/AiDotNet/src/Models/ParameterPlaceholderModel.cs(31,62): error CS0738: 'ParameterPlaceholderModel<T, TInput, TOutput>' does not implement interface member 'IModel<TInput, TOutput, ModelMetadata<T>>.GetModelMetaData()'. 'ParameterPlaceholderModel<T, TInput, TOutput>.GetModelMetaData()' cannot implement 'IModel<TInput, TOutput, ModelMetadata<T>>.GetModelMetaData()' because it does not have the matching return type of 'ModelMetadata<T>'. [/home/ooples/AiDotNet/src/AiDotNet.csproj::TargetFramework=net6.0]
/home/ooples/AiDotNet/src/Deployment/Techniques/ModelQuantizer.cs(22,88): error CS0453: The type 'T' must be a non-nullable value type in order to use it as parameter 'T' in the generic type or method 'IQuantizationStrategy<T, TInput, TOutput>' [/home/ooples/AiDotNet/src/AiDotNet.csproj::TargetFramework=net6.0]
/home/ooples/AiDotNet/src/Deployment/Techniques/ModelQuantizer.cs(30,79): error CS0453: The type 'T' must be a non-nullable value type in order to use it as parameter 'T' in the generic type or method 'IQuantizationStrategy<T, TInput, TOutput>' [/home/ooples/AiDotNet/src/AiDotNet.csproj::TargetFramework=net6.0]
/home/ooples/AiDotNet/src/Deployment/Techniques/QuantizedNeuralNetwork.cs(154,25): error CS0246: The type or namespace name 'ModelMetadata<>' could not be found (are you missing a using directive or an assembly reference?) [/home/ooples/AiDotNet/src/AiDotNet.csproj::TargetFramework=net6.0]
/home/ooples/AiDotNet/src/Models/NeuralNetworkModel.cs(28,38): error CS0535: 'NeuralNetworkModel<T>' does not implement interface member 'IInterpretableModel<T, Tensor<T>, Tensor<T>>.SetBaseModel(IModel<Tensor<T>, Tensor<T>, ModelMetadata<T>>)' [/home/ooples/AiDotNet/src/AiDotNet.csproj::TargetFramework=net6.0]
/home/ooples/AiDotNet/src/Models/NeuralNetworkModel.cs(28,38): error CS0738: 'NeuralNetworkModel<T>' does not implement interface member 'IModel<Tensor<T>, Tensor<T>, ModelMetadata<T>>.GetModelMetaData()'. 'NeuralNetworkModel<T>.GetModelMetaData()' cannot implement 'IModel<Tensor<T>, Tensor<T>, ModelMetadata<T>>.GetModelMetaData()' because it does not have the matching return type of 'ModelMetadata<T>'. [/home/ooples/AiDotNet/src/AiDotNet.csproj::TargetFramework=net6.0]
/home/ooples/AiDotNet/src/MultimodalAI/MultimodalModelBase.cs(21,52): error CS0535: 'MultimodalModelBase<T>' does not implement interface member 'IInterpretableModel<T, Dictionary<string, object>, Vector<T>>.SetBaseModel(IModel<Dictionary<string, object>, Vector<T>, ModelMetadata<T>>)' [/home/ooples/AiDotNet/src/AiDotNet.csproj::TargetFramework=net6.0]
/home/ooples/AiDotNet/src/MultimodalAI/MultimodalModelBase.cs(21,52): error CS0738: 'MultimodalModelBase<T>' does not implement interface member 'IModel<Dictionary<string, object>, Vector<T>, ModelMetadata<T>>.GetModelMetaData()'. 'MultimodalModelBase<T>.GetModelMetaData()' cannot implement 'IModel<Dictionary<string, object>, Vector<T>, ModelMetadata<T>>.GetModelMetaData()' because it does not have the matching return type of 'ModelMetadata<T>'. [/home/ooples/AiDotNet/src/AiDotNet.csproj::TargetFramework=net6.0]
/home/ooples/AiDotNet/src/NeuralNetworks/NeuralNetworkBase.cs(16,46): error CS0535: 'NeuralNetworkBase<T>' does not implement interface member 'IInterpretableModel<T, Tensor<T>, Tensor<T>>.SetBaseModel(IModel<Tensor<T>, Tensor<T>, ModelMetadata<T>>)' [/home/ooples/AiDotNet/src/AiDotNet.csproj::TargetFramework=net6.0]
/home/ooples/AiDotNet/src/NeuralNetworks/NeuralNetworkBase.cs(16,46): error CS0738: 'NeuralNetworkBase<T>' does not implement interface member 'IModel<Tensor<T>, Tensor<T>, ModelMetadata<T>>.GetModelMetaData()'. 'NeuralNetworkBase<T>.GetModelMetaData()' cannot implement 'IModel<Tensor<T>, Tensor<T>, ModelMetadata<T>>.GetModelMetaData()' because it does not have the matching return type of 'ModelMetadata<T>'. [/home/ooples/AiDotNet/src/AiDotNet.csproj::TargetFramework=net6.0]
/home/ooples/AiDotNet/src/Deployment/Techniques/QuantizedNeuralNetwork.cs(154,42): error CS0115: 'QuantizedNeuralNetwork<T>.GetModelMetadata()': no suitable method found to override [/home/ooples/AiDotNet/src/AiDotNet.csproj::TargetFramework=net6.0]
/home/ooples/AiDotNet/src/Deployment/Techniques/QuantizedNeuralNetwork.cs(19,18): error CS0534: 'QuantizedNeuralNetwork<T>' does not implement inherited abstract member 'NeuralNetworkBase<T>.GetModelMetaData()' [/home/ooples/AiDotNet/src/AiDotNet.csproj::TargetFramework=net6.0]
/home/ooples/AiDotNet/src/Deployment/Techniques/QuantizedNeuralNetwork.cs(19,68): error CS0738: 'QuantizedNeuralNetwork<T>' does not implement interface member 'IModel<Tensor<T>, Tensor<T>, ModelMetadata<T>>.GetModelMetaData()'. 'NeuralNetworkBase<T>.GetModelMetaData()' cannot implement 'IModel<Tensor<T>, Tensor<T>, ModelMetadata<T>>.GetModelMetaData()' because it does not have the matching return type of 'ModelMetadata<T>'. [/home/ooples/AiDotNet/src/AiDotNet.csproj::TargetFramework=net6.0]
/home/ooples/AiDotNet/src/Models/VectorModel.cs(40,31): error CS0535: 'VectorModel<T>' does not implement interface member 'IInterpretableModel<T, Matrix<T>, Vector<T>>.SetBaseModel(IModel<Matrix<T>, Vector<T>, ModelMetadata<T>>)' [/home/ooples/AiDotNet/src/AiDotNet.csproj::TargetFramework=net6.0]
/home/ooples/AiDotNet/src/Models/VectorModel.cs(40,31): error CS0738: 'VectorModel<T>' does not implement interface member 'IModel<Matrix<T>, Vector<T>, ModelMetadata<T>>.GetModelMetaData()'. 'VectorModel<T>.GetModelMetaData()' cannot implement 'IModel<Matrix<T>, Vector<T>, ModelMetadata<T>>.GetModelMetaData()' because it does not have the matching return type of 'ModelMetadata<T>'. [/home/ooples/AiDotNet/src/AiDotNet.csproj::TargetFramework=net6.0]
/home/ooples/AiDotNet/src/NeuralNetworks/ConditionalUNet.cs(21,63): error CS0738: 'ConditionalUNet' does not implement interface member 'IModel<Tensor<double>, Tensor<double>, ModelMetadata<double>>.GetModelMetaData()'. 'ConditionalUNet.GetModelMetaData()' cannot implement 'IModel<Tensor<double>, Tensor<double>, ModelMetadata<double>>.GetModelMetaData()' because it does not have the matching return type of 'ModelMetadata<double>'. [/home/ooples/AiDotNet/src/AiDotNet.csproj::TargetFramework=net6.0]
/home/ooples/AiDotNet/src/Reasoning/ReasoningModelBase.cs(40,51): error CS0535: 'ReasoningModelBase<T>' does not implement interface member 'IInterpretableModel<T, Tensor<T>, Tensor<T>>.SetBaseModel(IModel<Tensor<T>, Tensor<T>, ModelMetadata<T>>)' [/home/ooples/AiDotNet/src/AiDotNet.csproj::TargetFramework=net6.0]
/home/ooples/AiDotNet/src/Reasoning/ReasoningModelBase.cs(40,51): error CS0738: 'ReasoningModelBase<T>' does not implement interface member 'IModel<Tensor<T>, Tensor<T>, ModelMetadata<T>>.GetModelMetaData()'. 'ReasoningModelBase<T>.GetModelMetaData()' cannot implement 'IModel<Tensor<T>, Tensor<T>, ModelMetadata<T>>.GetModelMetaData()' because it does not have the matching return type of 'ModelMetadata<T>'. [/home/ooples/AiDotNet/src/AiDotNet.csproj::TargetFramework=net6.0]
/home/ooples/AiDotNet/src/OnlineLearning/OnlineModelBase.cs(22,61): error CS0535: 'OnlineModelBase<T, TInput, TOutput>' does not implement interface member 'IInterpretableModel<T, TInput, TOutput>.SetBaseModel(IModel<TInput, TOutput, ModelMetadata<T>>)' [/home/ooples/AiDotNet/src/AiDotNet.csproj::TargetFramework=net6.0]
/home/ooples/AiDotNet/src/OnlineLearning/OnlineModelBase.cs(22,61): error CS0738: 'OnlineModelBase<T, TInput, TOutput>' does not implement interface member 'IModel<TInput, TOutput, ModelMetadata<T>>.GetModelMetaData()'. 'OnlineModelBase<T, TInput, TOutput>.GetModelMetaData()' cannot implement 'IModel<TInput, TOutput, ModelMetadata<T>>.GetModelMetaData()' because it does not have the matching return type of 'ModelMetadata<T>'. [/home/ooples/AiDotNet/src/AiDotNet.csproj::TargetFramework=net6.0]
/home/ooples/AiDotNet/src/OnlineLearning/AdaptiveOnlineModelBase.cs(14,42): error CS0738: 'AdaptiveOnlineModelBase<T, TInput, TOutput>' does not implement interface member 'IModel<TInput, TOutput, ModelMetadata<T>>.GetModelMetaData()'. 'OnlineModelBase<T, TInput, TOutput>.GetModelMetaData()' cannot implement 'IModel<TInput, TOutput, ModelMetadata<T>>.GetModelMetaData()' because it does not have the matching return type of 'ModelMetadata<T>'. [/home/ooples/AiDotNet/src/AiDotNet.csproj::TargetFramework=net6.0]
/home/ooples/AiDotNet/src/ProductionMonitoring/MonitoredModelWrapper.cs(17,62): error CS0535: 'MonitoredModelWrapper<T, TInput, TOutput>' does not implement interface member 'IInterpretableModel<T, TInput, TOutput>.SetBaseModel(IModel<TInput, TOutput, ModelMetadata<T>>)' [/home/ooples/AiDotNet/src/AiDotNet.csproj::TargetFramework=net6.0]
/home/ooples/AiDotNet/src/ProductionMonitoring/MonitoredModelWrapper.cs(17,62): error CS0738: 'MonitoredModelWrapper<T, TInput, TOutput>' does not implement interface member 'IModel<TInput, TOutput, ModelMetadata<T>>.GetModelMetaData()'. 'MonitoredModelWrapper<T, TInput, TOutput>.GetModelMetaData()' cannot implement 'IModel<TInput, TOutput, ModelMetadata<T>>.GetModelMetaData()' because it does not have the matching return type of 'ModelMetadata<T>'. [/home/ooples/AiDotNet/src/AiDotNet.csproj::TargetFramework=net6.0]
/home/ooples/AiDotNet/src/TransferLearning/TransferLearningModelBase.cs(20,71): error CS0535: 'TransferLearningModelBase<T, TInput, TOutput>' does not implement interface member 'IInterpretableModel<T, TInput, TOutput>.SetBaseModel(IModel<TInput, TOutput, ModelMetadata<T>>)' [/home/ooples/AiDotNet/src/AiDotNet.csproj::TargetFramework=net6.0]
/home/ooples/AiDotNet/src/TransferLearning/TransferLearningModelBase.cs(20,71): error CS0738: 'TransferLearningModelBase<T, TInput, TOutput>' does not implement interface member 'IModel<TInput, TOutput, ModelMetadata<T>>.GetModelMetaData()'. 'TransferLearningModelBase<T, TInput, TOutput>.GetModelMetaData()' cannot implement 'IModel<TInput, TOutput, ModelMetadata<T>>.GetModelMetaData()' because it does not have the matching return type of 'ModelMetadata<T>'. [/home/ooples/AiDotNet/src/AiDotNet.csproj::TargetFramework=net6.0]
/home/ooples/AiDotNet/src/ReinforcementLearning/Agents/DQNAgent.cs(654,29): error CS0535: 'DQNAgent<TState, T>.QNetwork' does not implement interface member 'IInterpretableModel<T, Tensor<T>, Tensor<T>>.SetBaseModel(IModel<Tensor<T>, Tensor<T>, ModelMetadata<T>>)' [/home/ooples/AiDotNet/src/AiDotNet.csproj::TargetFramework=net6.0]
/home/ooples/AiDotNet/src/ReinforcementLearning/Agents/DQNAgent.cs(654,29): error CS0738: 'DQNAgent<TState, T>.QNetwork' does not implement interface member 'IModel<Tensor<T>, Tensor<T>, ModelMetadata<T>>.GetModelMetaData()'. 'DQNAgent<TState, T>.QNetwork.GetModelMetaData()' cannot implement 'IModel<Tensor<T>, Tensor<T>, ModelMetadata<T>>.GetModelMetaData()' because it does not have the matching return type of 'ModelMetadata<T>'. [/home/ooples/AiDotNet/src/AiDotNet.csproj::TargetFramework=net6.0]
/home/ooples/AiDotNet/src/Regression/DecisionTreeAsyncRegressionBase.cs(40,65): error CS0535: 'AsyncDecisionTreeRegressionModelBase<T>' does not implement interface member 'IInterpretableModel<T, Matrix<T>, Vector<T>>.SetBaseModel(IModel<Matrix<T>, Vector<T>, ModelMetadata<T>>)' [/home/ooples/AiDotNet/src/AiDotNet.csproj::TargetFramework=net6.0]
/home/ooples/AiDotNet/src/Regression/DecisionTreeAsyncRegressionBase.cs(40,65): error CS0738: 'AsyncDecisionTreeRegressionModelBase<T>' does not implement interface member 'IModel<Matrix<T>, Vector<T>, ModelMetadata<T>>.GetModelMetaData()'. 'AsyncDecisionTreeRegressionModelBase<T>.GetModelMetaData()' cannot implement 'IModel<Matrix<T>, Vector<T>, ModelMetadata<T>>.GetModelMetaData()' because it does not have the matching return type of 'ModelMetadata<T>'. [/home/ooples/AiDotNet/src/AiDotNet.csproj::TargetFramework=net6.0]
/home/ooples/AiDotNet/src/Regression/DecisionTreeRegressionBase.cs(31,60): error CS0535: 'DecisionTreeRegressionModelBase<T>' does not implement interface member 'IInterpretableModel<T, Matrix<T>, Vector<T>>.SetBaseModel(IModel<Matrix<T>, Vector<T>, ModelMetadata<T>>)' [/home/ooples/AiDotNet/src/AiDotNet.csproj::TargetFramework=net6.0]
/home/ooples/AiDotNet/src/Regression/DecisionTreeRegressionBase.cs(31,60): error CS0738: 'DecisionTreeRegressionModelBase<T>' does not implement interface member 'IModel<Matrix<T>, Vector<T>, ModelMetadata<T>>.GetModelMetaData()'. 'DecisionTreeRegressionModelBase<T>.GetModelMetaData()' cannot implement 'IModel<Matrix<T>, Vector<T>, ModelMetadata<T>>.GetModelMetaData()' because it does not have the matching return type of 'ModelMetadata<T>'. [/home/ooples/AiDotNet/src/AiDotNet.csproj::TargetFramework=net6.0]
/home/ooples/AiDotNet/src/TimeSeries/TimeSeriesModelBase.cs(43,48): error CS0535: 'TimeSeriesModelBase<T>' does not implement interface member 'IInterpretableModel<T, Matrix<T>, Vector<T>>.SetBaseModel(IModel<Matrix<T>, Vector<T>, ModelMetadata<T>>)' [/home/ooples/AiDotNet/src/AiDotNet.csproj::TargetFramework=net6.0]
/home/ooples/AiDotNet/src/TimeSeries/TimeSeriesModelBase.cs(43,48): error CS0738: 'TimeSeriesModelBase<T>' does not implement interface member 'IModel<Matrix<T>, Vector<T>, ModelMetadata<T>>.GetModelMetaData()'. 'TimeSeriesModelBase<T>.GetModelMetaData()' cannot implement 'IModel<Matrix<T>, Vector<T>, ModelMetadata<T>>.GetModelMetaData()' because it does not have the matching return type of 'ModelMetadata<T>'. [/home/ooples/AiDotNet/src/AiDotNet.csproj::TargetFramework=net6.0]
/home/ooples/AiDotNet/src/ReinforcementLearning/Models/ReinforcementLearningModelBase.cs(57,59): error CS0535: 'ReinforcementLearningModelBase<T>' does not implement interface member 'IInterpretableModel<T, Tensor<T>, Tensor<T>>.SetBaseModel(IModel<Tensor<T>, Tensor<T>, ModelMetadata<T>>)' [/home/ooples/AiDotNet/src/AiDotNet.csproj::TargetFramework=net6.0]
/home/ooples/AiDotNet/src/ReinforcementLearning/Models/ReinforcementLearningModelBase.cs(57,59): error CS0738: 'ReinforcementLearningModelBase<T>' does not implement interface member 'IModel<Tensor<T>, Tensor<T>, ModelMetadata<T>>.GetModelMetaData()'. 'ReinforcementLearningModelBase<T>.GetModelMetaData()' cannot implement 'IModel<Tensor<T>, Tensor<T>, ModelMetadata<T>>.GetModelMetaData()' because it does not have the matching return type of 'ModelMetadata<T>'. [/home/ooples/AiDotNet/src/AiDotNet.csproj::TargetFramework=net6.0]
/home/ooples/AiDotNet/src/NeuralNetworks/TokenizerAdapter.cs(19,40): error CS0535: 'TokenizerAdapter<T>' does not implement interface member 'IInterpretableModel<T, string, string>.SetBaseModel(IModel<string, string, ModelMetadata<T>>)' [/home/ooples/AiDotNet/src/AiDotNet.csproj::TargetFramework=net6.0]
/home/ooples/AiDotNet/src/NeuralNetworks/TokenizerAdapter.cs(19,40): error CS0738: 'TokenizerAdapter<T>' does not implement interface member 'IModel<string, string, ModelMetadata<T>>.GetModelMetaData()'. 'TokenizerAdapter<T>.GetModelMetaData()' cannot implement 'IModel<string, string, ModelMetadata<T>>.GetModelMetaData()' because it does not have the matching return type of 'ModelMetadata<T>'. [/home/ooples/AiDotNet/src/AiDotNet.csproj::TargetFramework=net6.0]
/home/ooples/AiDotNet/src/Regression/NonLinearRegressionBase.cs(28,57): error CS0535: 'NonLinearRegressionModelBase<T>' does not implement interface member 'IInterpretableModel<T, Matrix<T>, Vector<T>>.SetBaseModel(IModel<Matrix<T>, Vector<T>, ModelMetadata<T>>)' [/home/ooples/AiDotNet/src/AiDotNet.csproj::TargetFramework=net6.0]
/home/ooples/AiDotNet/src/Regression/NonLinearRegressionBase.cs(28,57): error CS0738: 'NonLinearRegressionModelBase<T>' does not implement interface member 'IModel<Matrix<T>, Vector<T>, ModelMetadata<T>>.GetModelMetaData()'. 'NonLinearRegressionModelBase<T>.GetModelMetaData()' cannot implement 'IModel<Matrix<T>, Vector<T>, ModelMetadata<T>>.GetModelMetaData()' because it does not have the matching return type of 'ModelMetadata<T>'. [/home/ooples/AiDotNet/src/AiDotNet.csproj::TargetFramework=net6.0]
/home/ooples/AiDotNet/src/Regression/RegressionModelBase.cs(32,48): error CS0535: 'RegressionModelBase<T>' does not implement interface member 'IInterpretableModel<T, Matrix<T>, Vector<T>>.SetBaseModel(IModel<Matrix<T>, Vector<T>, ModelMetadata<T>>)' [/home/ooples/AiDotNet/src/AiDotNet.csproj::TargetFramework=net6.0]
/home/ooples/AiDotNet/src/Regression/RegressionModelBase.cs(32,48): error CS0738: 'RegressionModelBase<T>' does not implement interface member 'IModel<Matrix<T>, Vector<T>, ModelMetadata<T>>.GetModelMetaData()'. 'RegressionModelBase<T>.GetModelMetaData()' cannot implement 'IModel<Matrix<T>, Vector<T>, ModelMetadata<T>>.GetModelMetaData()' because it does not have the matching return type of 'ModelMetadata<T>'. [/home/ooples/AiDotNet/src/AiDotNet.csproj::TargetFramework=net6.0]
/home/ooples/AiDotNet/src/Interfaces/IInterpretableModel.cs(15,88): error CS0246: The type or namespace name 'ModelMetadata<>' could not be found (are you missing a using directive or an assembly reference?) [/home/ooples/AiDotNet/src/AiDotNet.csproj::TargetFramework=net8.0]
/home/ooples/AiDotNet/src/Ensemble/VotingEnsemble.cs(416,21): error CS0246: The type or namespace name 'ModelMetadata<>' could not be found (are you missing a using directive or an assembly reference?) [/home/ooples/AiDotNet/src/AiDotNet.csproj::TargetFramework=net8.0]
/home/ooples/AiDotNet/src/Ensemble/VotingEnsemble.cs(454,43): error CS0246: The type or namespace name 'ModelMetadata<>' could not be found (are you missing a using directive or an assembly reference?) [/home/ooples/AiDotNet/src/AiDotNet.csproj::TargetFramework=net8.0]
/home/ooples/AiDotNet/src/Compression/Hardware/InferenceOptimizer.cs(239,57): error CS0104: 'IQuantizedModel<,,>' is an ambiguous reference between 'AiDotNet.Interfaces.IQuantizedModel<T, TInput, TOutput>' and 'AiDotNet.Compression.Quantization.IQuantizedModel<T, TInput, TOutput>' [/home/ooples/AiDotNet/src/AiDotNet.csproj::TargetFramework=net8.0]
/home/ooples/AiDotNet/src/Compression/Hardware/InferenceOptimizer.cs(304,54): error CS0104: 'IPrunedModel<,,>' is an ambiguous reference between 'AiDotNet.Interfaces.IPrunedModel<T, TInput, TOutput>' and 'AiDotNet.Compression.Pruning.IPrunedModel<T, TInput, TOutput>' [/home/ooples/AiDotNet/src/AiDotNet.csproj::TargetFramework=net8.0]
/home/ooples/AiDotNet/src/Compression/Hardware/InferenceOptimizer.cs(640,53): error CS0104: 'IPrunedModel<,,>' is an ambiguous reference between 'AiDotNet.Interfaces.IPrunedModel<T, TInput, TOutput>' and 'AiDotNet.Compression.Pruning.IPrunedModel<T, TInput, TOutput>' [/home/ooples/AiDotNet/src/AiDotNet.csproj::TargetFramework=net8.0]
/home/ooples/AiDotNet/src/Interfaces/IInterpretableModel.cs(104,51): error CS0246: The type or namespace name 'ModelMetadata<>' could not be found (are you missing a using directive or an assembly reference?) [/home/ooples/AiDotNet/src/AiDotNet.csproj::TargetFramework=net8.0]
/home/ooples/AiDotNet/src/Ensemble/VotingEnsemble.cs(1340,63): error CS0246: The type or namespace name 'ModelMetadata<>' could not be found (are you missing a using directive or an assembly reference?) [/home/ooples/AiDotNet/src/AiDotNet.csproj::TargetFramework=net8.0]
/home/ooples/AiDotNet/src/Interpretability/InterpretableModelBase.cs(18,72): error CS0535: 'InterpretableModelBase<T, TInput, TOutput>' does not implement interface member 'IInterpretableModel<T, TInput, TOutput>.SetBaseModel(IModel<TInput, TOutput, ModelMetadata<T>>)' [/home/ooples/AiDotNet/src/AiDotNet.csproj::TargetFramework=net8.0]
/home/ooples/AiDotNet/src/Interpretability/InterpretableModelBase.cs(18,72): error CS0738: 'InterpretableModelBase<T, TInput, TOutput>' does not implement interface member 'IModel<TInput, TOutput, ModelMetadata<T>>.GetModelMetaData()'. 'InterpretableModelBase<T, TInput, TOutput>.GetModelMetaData()' cannot implement 'IModel<TInput, TOutput, ModelMetadata<T>>.GetModelMetaData()' because it does not have the matching return type of 'ModelMetadata<T>'. [/home/ooples/AiDotNet/src/AiDotNet.csproj::TargetFramework=net8.0]
/home/ooples/AiDotNet/src/Interpretability/InterpretableModelBase.cs(21,43): error CS0246: The type or namespace name 'ModelMetadata<>' could not be found (are you missing a using directive or an assembly reference?) [/home/ooples/AiDotNet/src/AiDotNet.csproj::TargetFramework=net8.0]
/home/ooples/AiDotNet/src/Genetics/ModelIndividual.cs(33,5): error CS0738: 'ModelIndividual<T, TInput, TOutput, TGene>' does not implement interface member 'IModel<TInput, TOutput, ModelMetadata<T>>.GetModelMetaData()'. 'ModelIndividual<T, TInput, TOutput, TGene>.GetModelMetaData()' cannot implement 'IModel<TInput, TOutput, ModelMetadata<T>>.GetModelMetaData()' because it does not have the matching return type of 'ModelMetadata<T>'. [/home/ooples/AiDotNet/src/AiDotNet.csproj::TargetFramework=net8.0]
/home/ooples/AiDotNet/src/Ensemble/VotingEnsemble.cs(36,14): error CS0534: 'VotingEnsemble<T, TInput, TOutput>' does not implement inherited abstract member 'InterpretableModelBase<T, TInput, TOutput>.SetModelMetaData(ModelMetaData<T>)' [/home/ooples/AiDotNet/src/AiDotNet.csproj::TargetFramework=net8.0]
/home/ooples/AiDotNet/src/Ensemble/EnsembleModelBase.cs(26,107): error CS0738: 'EnsembleModelBase<T, TInput, TOutput>' does not implement interface member 'IModel<TInput, TOutput, ModelMetadata<T>>.GetModelMetaData()'. 'EnsembleModelBase<T, TInput, TOutput>.GetModelMetaData()' cannot implement 'IModel<TInput, TOutput, ModelMetadata<T>>.GetModelMetaData()' because it does not have the matching return type of 'ModelMetadata<T>'. [/home/ooples/AiDotNet/src/AiDotNet.csproj::TargetFramework=net8.0]
/home/ooples/AiDotNet/src/FoundationModels/FoundationModelAdapter.cs(21,112): error CS0738: 'FoundationModelAdapter<T>' does not implement interface member 'IModel<Matrix<T>, Vector<T>, ModelMetadata<T>>.GetModelMetaData()'. 'FoundationModelAdapter<T>.GetModelMetaData()' cannot implement 'IModel<Matrix<T>, Vector<T>, ModelMetadata<T>>.GetModelMetaData()' because it does not have the matching return type of 'ModelMetadata<T>'. [/home/ooples/AiDotNet/src/AiDotNet.csproj::TargetFramework=net8.0]
/home/ooples/AiDotNet/src/FoundationModels/FoundationModelBase.cs(23,108): error CS0738: 'FoundationModelBase<T>' does not implement interface member 'IModel<string, string, ModelMetadata<T>>.GetModelMetaData()'. 'FoundationModelBase<T>.GetModelMetaData()' cannot implement 'IModel<string, string, ModelMetadata<T>>.GetModelMetaData()' because it does not have the matching return type of 'ModelMetadata<T>'. [/home/ooples/AiDotNet/src/AiDotNet.csproj::TargetFramework=net8.0]
/home/ooples/AiDotNet/src/MultimodalAI/MultimodalModelBase.cs(21,52): error CS0535: 'MultimodalModelBase<T>' does not implement interface member 'IInterpretableModel<T, Dictionary<string, object>, Vector<T>>.SetBaseModel(IModel<Dictionary<string, object>, Vector<T>, ModelMetadata<T>>)' [/home/ooples/AiDotNet/src/AiDotNet.csproj::TargetFramework=net8.0]
/home/ooples/AiDotNet/src/MultimodalAI/MultimodalModelBase.cs(21,52): error CS0738: 'MultimodalModelBase<T>' does not implement interface member 'IModel<Dictionary<string, object>, Vector<T>, ModelMetadata<T>>.GetModelMetaData()'. 'MultimodalModelBase<T>.GetModelMetaData()' cannot implement 'IModel<Dictionary<string, object>, Vector<T>, ModelMetadata<T>>.GetModelMetaData()' because it does not have the matching return type of 'ModelMetadata<T>'. [/home/ooples/AiDotNet/src/AiDotNet.csproj::TargetFramework=net8.0]
/home/ooples/AiDotNet/src/Reasoning/ReasoningModelBase.cs(40,51): error CS0535: 'ReasoningModelBase<T>' does not implement interface member 'IInterpretableModel<T, Tensor<T>, Tensor<T>>.SetBaseModel(IModel<Tensor<T>, Tensor<T>, ModelMetadata<T>>)' [/home/ooples/AiDotNet/src/AiDotNet.csproj::TargetFramework=net8.0]
/home/ooples/AiDotNet/src/Reasoning/ReasoningModelBase.cs(40,51): error CS0738: 'ReasoningModelBase<T>' does not implement interface member 'IModel<Tensor<T>, Tensor<T>, ModelMetadata<T>>.GetModelMetaData()'. 'ReasoningModelBase<T>.GetModelMetaData()' cannot implement 'IModel<Tensor<T>, Tensor<T>, ModelMetadata<T>>.GetModelMetaData()' because it does not have the matching return type of 'ModelMetadata<T>'. [/home/ooples/AiDotNet/src/AiDotNet.csproj::TargetFramework=net8.0]
/home/ooples/AiDotNet/src/OnlineLearning/OnlineModelBase.cs(22,61): error CS0535: 'OnlineModelBase<T, TInput, TOutput>' does not implement interface member 'IInterpretableModel<T, TInput, TOutput>.SetBaseModel(IModel<TInput, TOutput, ModelMetadata<T>>)' [/home/ooples/AiDotNet/src/AiDotNet.csproj::TargetFramework=net8.0]
/home/ooples/AiDotNet/src/OnlineLearning/OnlineModelBase.cs(22,61): error CS0738: 'OnlineModelBase<T, TInput, TOutput>' does not implement interface member 'IModel<TInput, TOutput, ModelMetadata<T>>.GetModelMetaData()'. 'OnlineModelBase<T, TInput, TOutput>.GetModelMetaData()' cannot implement 'IModel<TInput, TOutput, ModelMetadata<T>>.GetModelMetaData()' because it does not have the matching return type of 'ModelMetadata<T>'. [/home/ooples/AiDotNet/src/AiDotNet.csproj::TargetFramework=net8.0]
/home/ooples/AiDotNet/src/Deployment/CachedModel.cs(28,16): error CS0246: The type or namespace name 'ModelMetadata<>' could not be found (are you missing a using directive or an assembly reference?) [/home/ooples/AiDotNet/src/AiDotNet.csproj::TargetFramework=net8.0]
/home/ooples/AiDotNet/src/OnlineLearning/AdaptiveOnlineModelBase.cs(14,42): error CS0738: 'AdaptiveOnlineModelBase<T, TInput, TOutput>' does not implement interface member 'IModel<TInput, TOutput, ModelMetadata<T>>.GetModelMetaData()'. 'OnlineModelBase<T, TInput, TOutput>.GetModelMetaData()' cannot implement 'IModel<TInput, TOutput, ModelMetadata<T>>.GetModelMetaData()' because it does not have the matching return type of 'ModelMetadata<T>'. [/home/ooples/AiDotNet/src/AiDotNet.csproj::TargetFramework=net8.0]
/home/ooples/AiDotNet/src/Deployment/CachedModel.cs(129,25): error CS0246: The type or namespace name 'ModelMetadata<>' could not be found (are you missing a using directive or an assembly reference?) [/home/ooples/AiDotNet/src/AiDotNet.csproj::TargetFramework=net8.0]
/home/ooples/AiDotNet/src/Deployment/CachedModel.cs(134,47): error CS0246: The type or namespace name 'ModelMetadata<>' could not be found (are you missing a using directive or an assembly reference?) [/home/ooples/AiDotNet/src/AiDotNet.csproj::TargetFramework=net8.0]
/home/ooples/AiDotNet/src/Deployment/CachedModel.cs(241,72): error CS0246: The type or namespace name 'ModelMetadata<>' could not be found (are you missing a using directive or an assembly reference?) [/home/ooples/AiDotNet/src/AiDotNet.csproj::TargetFramework=net8.0]
/home/ooples/AiDotNet/src/Deployment/CachedModel.cs(129,42): error CS0115: 'CachedModel<T>.GetModelMetadata()': no suitable method found to override [/home/ooples/AiDotNet/src/AiDotNet.csproj::TargetFramework=net8.0]
/home/ooples/AiDotNet/src/Deployment/CachedModel.cs(15,20): error CS0534: 'CachedModel<T>' does not implement inherited abstract member 'InterpretableModelBase<T, Tensor<T>, Tensor<T>>.SetModelMetaData(ModelMetaData<T>)' [/home/ooples/AiDotNet/src/AiDotNet.csproj::TargetFramework=net8.0]
/home/ooples/AiDotNet/src/Deployment/CachedModel.cs(15,20): error CS0534: 'CachedModel<T>' does not implement inherited abstract member 'InterpretableModelBase<T, Tensor<T>, Tensor<T>>.GetModelMetaData()' [/home/ooples/AiDotNet/src/AiDotNet.csproj::TargetFramework=net8.0]
/home/ooples/AiDotNet/src/Deployment/CachedModel.cs(15,86): error CS0738: 'CachedModel<T>' does not implement interface member 'IModel<Tensor<T>, Tensor<T>, ModelMetadata<T>>.GetModelMetaData()'. 'InterpretableModelBase<T, Tensor<T>, Tensor<T>>.GetModelMetaData()' cannot implement 'IModel<Tensor<T>, Tensor<T>, ModelMetadata<T>>.GetModelMetaData()' because it does not have the matching return type of 'ModelMetadata<T>'. [/home/ooples/AiDotNet/src/AiDotNet.csproj::TargetFramework=net8.0]
/home/ooples/AiDotNet/src/NeuralNetworks/NeuralNetworkBase.cs(16,46): error CS0535: 'NeuralNetworkBase<T>' does not implement interface member 'IInterpretableModel<T, Tensor<T>, Tensor<T>>.SetBaseModel(IModel<Tensor<T>, Tensor<T>, ModelMetadata<T>>)' [/home/ooples/AiDotNet/src/AiDotNet.csproj::TargetFramework=net8.0]
/home/ooples/AiDotNet/src/NeuralNetworks/NeuralNetworkBase.cs(16,46): error CS0738: 'NeuralNetworkBase<T>' does not implement interface member 'IModel<Tensor<T>, Tensor<T>, ModelMetadata<T>>.GetModelMetaData()'. 'NeuralNetworkBase<T>.GetModelMetaData()' cannot implement 'IModel<Tensor<T>, Tensor<T>, ModelMetadata<T>>.GetModelMetaData()' because it does not have the matching return type of 'ModelMetadata<T>'. [/home/ooples/AiDotNet/src/AiDotNet.csproj::TargetFramework=net8.0]
/home/ooples/AiDotNet/src/NeuralNetworks/ConditionalUNet.cs(21,63): error CS0738: 'ConditionalUNet' does not implement interface member 'IModel<Tensor<double>, Tensor<double>, ModelMetadata<double>>.GetModelMetaData()'. 'ConditionalUNet.GetModelMetaData()' cannot implement 'IModel<Tensor<double>, Tensor<double>, ModelMetadata<double>>.GetModelMetaData()' because it does not have the matching return type of 'ModelMetadata<double>'. [/home/ooples/AiDotNet/src/AiDotNet.csproj::TargetFramework=net8.0]
/home/ooples/AiDotNet/src/Models/NeuralNetworkModel.cs(28,38): error CS0535: 'NeuralNetworkModel<T>' does not implement interface member 'IInterpretableModel<T, Tensor<T>, Tensor<T>>.SetBaseModel(IModel<Tensor<T>, Tensor<T>, ModelMetadata<T>>)' [/home/ooples/AiDotNet/src/AiDotNet.csproj::TargetFramework=net8.0]
/home/ooples/AiDotNet/src/Models/NeuralNetworkModel.cs(28,38): error CS0738: 'NeuralNetworkModel<T>' does not implement interface member 'IModel<Tensor<T>, Tensor<T>, ModelMetadata<T>>.GetModelMetaData()'. 'NeuralNetworkModel<T>.GetModelMetaData()' cannot implement 'IModel<Tensor<T>, Tensor<T>, ModelMetadata<T>>.GetModelMetaData()' because it does not have the matching return type of 'ModelMetadata<T>'. [/home/ooples/AiDotNet/src/AiDotNet.csproj::TargetFramework=net8.0]
/home/ooples/AiDotNet/src/Regression/DecisionTreeAsyncRegressionBase.cs(40,65): error CS0535: 'AsyncDecisionTreeRegressionModelBase<T>' does not implement interface member 'IInterpretableModel<T, Matrix<T>, Vector<T>>.SetBaseModel(IModel<Matrix<T>, Vector<T>, ModelMetadata<T>>)' [/home/ooples/AiDotNet/src/AiDotNet.csproj::TargetFramework=net8.0]
/home/ooples/AiDotNet/src/Regression/DecisionTreeAsyncRegressionBase.cs(40,65): error CS0738: 'AsyncDecisionTreeRegressionModelBase<T>' does not implement interface member 'IModel<Matrix<T>, Vector<T>, ModelMetadata<T>>.GetModelMetaData()'. 'AsyncDecisionTreeRegressionModelBase<T>.GetModelMetaData()' cannot implement 'IModel<Matrix<T>, Vector<T>, ModelMetadata<T>>.GetModelMetaData()' because it does not have the matching return type of 'ModelMetadata<T>'. [/home/ooples/AiDotNet/src/AiDotNet.csproj::TargetFramework=net8.0]
/home/ooples/AiDotNet/src/Models/ParameterPlaceholderModel.cs(31,62): error CS0535: 'ParameterPlaceholderModel<T, TInput, TOutput>' does not implement interface member 'IInterpretableModel<T, TInput, TOutput>.SetBaseModel(IModel<TInput, TOutput, ModelMetadata<T>>)' [/home/ooples/AiDotNet/src/AiDotNet.csproj::TargetFramework=net8.0]
/home/ooples/AiDotNet/src/Models/ParameterPlaceholderModel.cs(31,62): error CS0738: 'ParameterPlaceholderModel<T, TInput, TOutput>' does not implement interface member 'IModel<TInput, TOutput, ModelMetadata<T>>.GetModelMetaData()'. 'ParameterPlaceholderModel<T, TInput, TOutput>.GetModelMetaData()' cannot implement 'IModel<TInput, TOutput, ModelMetadata<T>>.GetModelMetaData()' because it does not have the matching return type of 'ModelMetadata<T>'. [/home/ooples/AiDotNet/src/AiDotNet.csproj::TargetFramework=net8.0]
/home/ooples/AiDotNet/src/Regression/DecisionTreeRegressionBase.cs(31,60): error CS0535: 'DecisionTreeRegressionModelBase<T>' does not implement interface member 'IInterpretableModel<T, Matrix<T>, Vector<T>>.SetBaseModel(IModel<Matrix<T>, Vector<T>, ModelMetadata<T>>)' [/home/ooples/AiDotNet/src/AiDotNet.csproj::TargetFramework=net8.0]
/home/ooples/AiDotNet/src/Regression/DecisionTreeRegressionBase.cs(31,60): error CS0738: 'DecisionTreeRegressionModelBase<T>' does not implement interface member 'IModel<Matrix<T>, Vector<T>, ModelMetadata<T>>.GetModelMetaData()'. 'DecisionTreeRegressionModelBase<T>.GetModelMetaData()' cannot implement 'IModel<Matrix<T>, Vector<T>, ModelMetadata<T>>.GetModelMetaData()' because it does not have the matching return type of 'ModelMetadata<T>'. [/home/ooples/AiDotNet/src/AiDotNet.csproj::TargetFramework=net8.0]
/home/ooples/AiDotNet/src/TransferLearning/TransferLearningModelBase.cs(20,71): error CS0535: 'TransferLearningModelBase<T, TInput, TOutput>' does not implement interface member 'IInterpretableModel<T, TInput, TOutput>.SetBaseModel(IModel<TInput, TOutput, ModelMetadata<T>>)' [/home/ooples/AiDotNet/src/AiDotNet.csproj::TargetFramework=net8.0]
/home/ooples/AiDotNet/src/TransferLearning/TransferLearningModelBase.cs(20,71): error CS0738: 'TransferLearningModelBase<T, TInput, TOutput>' does not implement interface member 'IModel<TInput, TOutput, ModelMetadata<T>>.GetModelMetaData()'. 'TransferLearningModelBase<T, TInput, TOutput>.GetModelMetaData()' cannot implement 'IModel<TInput, TOutput, ModelMetadata<T>>.GetModelMetaData()' because it does not have the matching return type of 'ModelMetadata<T>'. [/home/ooples/AiDotNet/src/AiDotNet.csproj::TargetFramework=net8.0]
/home/ooples/AiDotNet/src/Regression/NonLinearRegressionBase.cs(28,57): error CS0535: 'NonLinearRegressionModelBase<T>' does not implement interface member 'IInterpretableModel<T, Matrix<T>, Vector<T>>.SetBaseModel(IModel<Matrix<T>, Vector<T>, ModelMetadata<T>>)' [/home/ooples/AiDotNet/src/AiDotNet.csproj::TargetFramework=net8.0]
/home/ooples/AiDotNet/src/Regression/NonLinearRegressionBase.cs(28,57): error CS0738: 'NonLinearRegressionModelBase<T>' does not implement interface member 'IModel<Matrix<T>, Vector<T>, ModelMetadata<T>>.GetModelMetaData()'. 'NonLinearRegressionModelBase<T>.GetModelMetaData()' cannot implement 'IModel<Matrix<T>, Vector<T>, ModelMetadata<T>>.GetModelMetaData()' because it does not have the matching return type of 'ModelMetadata<T>'. [/home/ooples/AiDotNet/src/AiDotNet.csproj::TargetFramework=net8.0]
/home/ooples/AiDotNet/src/AutoML/AutoMLModelBase.cs(21,65): error CS0535: 'AutoMLModelBase<T, TInput, TOutput>' does not implement interface member 'IInterpretableModel<T, TInput, TOutput>.SetBaseModel(IModel<TInput, TOutput, ModelMetadata<T>>)' [/home/ooples/AiDotNet/src/AiDotNet.csproj::TargetFramework=net8.0]
/home/ooples/AiDotNet/src/AutoML/AutoMLModelBase.cs(21,65): error CS0738: 'AutoMLModelBase<T, TInput, TOutput>' does not implement interface member 'IModel<TInput, TOutput, ModelMetadata<T>>.GetModelMetaData()'. 'AutoMLModelBase<T, TInput, TOutput>.GetModelMetaData()' cannot implement 'IModel<TInput, TOutput, ModelMetadata<T>>.GetModelMetaData()' because it does not have the matching return type of 'ModelMetadata<T>'. [/home/ooples/AiDotNet/src/AiDotNet.csproj::TargetFramework=net8.0]
/home/ooples/AiDotNet/src/LinearAlgebra/ExpressionTree.cs(15,51): error CS0535: 'ExpressionTree<T, TInput, TOutput>' does not implement interface member 'IInterpretableModel<T, TInput, TOutput>.SetBaseModel(IModel<TInput, TOutput, ModelMetadata<T>>)' [/home/ooples/AiDotNet/src/AiDotNet.csproj::TargetFramework=net8.0]
/home/ooples/AiDotNet/src/LinearAlgebra/ExpressionTree.cs(15,51): error CS0738: 'ExpressionTree<T, TInput, TOutput>' does not implement interface member 'IModel<TInput, TOutput, ModelMetadata<T>>.GetModelMetaData()'. 'ExpressionTree<T, TInput, TOutput>.GetModelMetaData()' cannot implement 'IModel<TInput, TOutput, ModelMetadata<T>>.GetModelMetaData()' because it does not have the matching return type of 'ModelMetadata<T>'. [/home/ooples/AiDotNet/src/AiDotNet.csproj::TargetFramework=net8.0]
/home/ooples/AiDotNet/src/Regression/RegressionModelBase.cs(32,48): error CS0535: 'RegressionModelBase<T>' does not implement interface member 'IInterpretableModel<T, Matrix<T>, Vector<T>>.SetBaseModel(IModel<Matrix<T>, Vector<T>, ModelMetadata<T>>)' [/home/ooples/AiDotNet/src/AiDotNet.csproj::TargetFramework=net8.0]
/home/ooples/AiDotNet/src/Regression/RegressionModelBase.cs(32,48): error CS0738: 'RegressionModelBase<T>' does not implement interface member 'IModel<Matrix<T>, Vector<T>, ModelMetadata<T>>.GetModelMetaData()'. 'RegressionModelBase<T>.GetModelMetaData()' cannot implement 'IModel<Matrix<T>, Vector<T>, ModelMetadata<T>>.GetModelMetaData()' because it does not have the matching return type of 'ModelMetadata<T>'. [/home/ooples/AiDotNet/src/AiDotNet.csproj::TargetFramework=net8.0]
/home/ooples/AiDotNet/src/Deployment/Techniques/ModelQuantizer.cs(157,28): error CS0305: Using the generic type 'CalibrationData<T>' requires 1 type arguments [/home/ooples/AiDotNet/src/AiDotNet.csproj::TargetFramework=net8.0]
/home/ooples/AiDotNet/src/Deployment/Techniques/ModelQuantizer.cs(22,88): error CS0453: The type 'T' must be a non-nullable value type in order to use it as parameter 'T' in the generic type or method 'IQuantizationStrategy<T, TInput, TOutput>' [/home/ooples/AiDotNet/src/AiDotNet.csproj::TargetFramework=net8.0]
/home/ooples/AiDotNet/src/Deployment/Techniques/ModelQuantizer.cs(30,79): error CS0453: The type 'T' must be a non-nullable value type in order to use it as parameter 'T' in the generic type or method 'IQuantizationStrategy<T, TInput, TOutput>' [/home/ooples/AiDotNet/src/AiDotNet.csproj::TargetFramework=net8.0]
/home/ooples/AiDotNet/src/Deployment/Techniques/QuantizedNeuralNetwork.cs(154,25): error CS0246: The type or namespace name 'ModelMetadata<>' could not be found (are you missing a using directive or an assembly reference?) [/home/ooples/AiDotNet/src/AiDotNet.csproj::TargetFramework=net8.0]
/home/ooples/AiDotNet/src/ProductionMonitoring/MonitoredModelWrapper.cs(17,62): error CS0535: 'MonitoredModelWrapper<T, TInput, TOutput>' does not implement interface member 'IInterpretableModel<T, TInput, TOutput>.SetBaseModel(IModel<TInput, TOutput, ModelMetadata<T>>)' [/home/ooples/AiDotNet/src/AiDotNet.csproj::TargetFramework=net8.0]
/home/ooples/AiDotNet/src/ProductionMonitoring/MonitoredModelWrapper.cs(17,62): error CS0738: 'MonitoredModelWrapper<T, TInput, TOutput>' does not implement interface member 'IModel<TInput, TOutput, ModelMetadata<T>>.GetModelMetaData()'. 'MonitoredModelWrapper<T, TInput, TOutput>.GetModelMetaData()' cannot implement 'IModel<TInput, TOutput, ModelMetadata<T>>.GetModelMetaData()' because it does not have the matching return type of 'ModelMetadata<T>'. [/home/ooples/AiDotNet/src/AiDotNet.csproj::TargetFramework=net8.0]
/home/ooples/AiDotNet/src/Deployment/Techniques/QuantizedNeuralNetwork.cs(154,42): error CS0115: 'QuantizedNeuralNetwork<T>.GetModelMetadata()': no suitable method found to override [/home/ooples/AiDotNet/src/AiDotNet.csproj::TargetFramework=net8.0]
/home/ooples/AiDotNet/src/Deployment/Techniques/QuantizedNeuralNetwork.cs(19,18): error CS0534: 'QuantizedNeuralNetwork<T>' does not implement inherited abstract member 'NeuralNetworkBase<T>.GetModelMetaData()' [/home/ooples/AiDotNet/src/AiDotNet.csproj::TargetFramework=net8.0]
/home/ooples/AiDotNet/src/Deployment/Techniques/QuantizedNeuralNetwork.cs(19,68): error CS0738: 'QuantizedNeuralNetwork<T>' does not implement interface member 'IModel<Tensor<T>, Tensor<T>, ModelMetadata<T>>.GetModelMetaData()'. 'NeuralNetworkBase<T>.GetModelMetaData()' cannot implement 'IModel<Tensor<T>, Tensor<T>, ModelMetadata<T>>.GetModelMetaData()' because it does not have the matching return type of 'ModelMetadata<T>'. [/home/ooples/AiDotNet/src/AiDotNet.csproj::TargetFramework=net8.0]
/home/ooples/AiDotNet/src/Models/VectorModel.cs(40,31): error CS0535: 'VectorModel<T>' does not implement interface member 'IInterpretableModel<T, Matrix<T>, Vector<T>>.SetBaseModel(IModel<Matrix<T>, Vector<T>, ModelMetadata<T>>)' [/home/ooples/AiDotNet/src/AiDotNet.csproj::TargetFramework=net8.0]
/home/ooples/AiDotNet/src/Models/VectorModel.cs(40,31): error CS0738: 'VectorModel<T>' does not implement interface member 'IModel<Matrix<T>, Vector<T>, ModelMetadata<T>>.GetModelMetaData()'. 'VectorModel<T>.GetModelMetaData()' cannot implement 'IModel<Matrix<T>, Vector<T>, ModelMetadata<T>>.GetModelMetaData()' because it does not have the matching return type of 'ModelMetadata<T>'. [/home/ooples/AiDotNet/src/AiDotNet.csproj::TargetFramework=net8.0]
/home/ooples/AiDotNet/src/ReinforcementLearning/Agents/DQNAgent.cs(654,29): error CS0535: 'DQNAgent<TState, T>.QNetwork' does not implement interface member 'IInterpretableModel<T, Tensor<T>, Tensor<T>>.SetBaseModel(IModel<Tensor<T>, Tensor<T>, ModelMetadata<T>>)' [/home/ooples/AiDotNet/src/AiDotNet.csproj::TargetFramework=net8.0]
/home/ooples/AiDotNet/src/ReinforcementLearning/Agents/DQNAgent.cs(654,29): error CS0738: 'DQNAgent<TState, T>.QNetwork' does not implement interface member 'IModel<Tensor<T>, Tensor<T>, ModelMetadata<T>>.GetModelMetaData()'. 'DQNAgent<TState, T>.QNetwork.GetModelMetaData()' cannot implement 'IModel<Tensor<T>, Tensor<T>, ModelMetadata<T>>.GetModelMetaData()' because it does not have the matching return type of 'ModelMetadata<T>'. [/home/ooples/AiDotNet/src/AiDotNet.csproj::TargetFramework=net8.0]
/home/ooples/AiDotNet/src/AutoML/SimpleAutoMLModel.cs(21,41): error CS0535: 'SimpleAutoMLModel<T>' does not implement interface member 'IInterpretableModel<T, Matrix<T>, Vector<T>>.SetBaseModel(IModel<Matrix<T>, Vector<T>, ModelMetadata<T>>)' [/home/ooples/AiDotNet/src/AiDotNet.csproj::TargetFramework=net8.0]
/home/ooples/AiDotNet/src/AutoML/SimpleAutoMLModel.cs(21,41): error CS0738: 'SimpleAutoMLModel<T>' does not implement interface member 'IModel<Matrix<T>, Vector<T>, ModelMetadata<T>>.GetModelMetaData()'. 'SimpleAutoMLModel<T>.GetModelMetaData()' cannot implement 'IModel<Matrix<T>, Vector<T>, ModelMetadata<T>>.GetModelMetaData()' because it does not have the matching return type of 'ModelMetadata<T>'. [/home/ooples/AiDotNet/src/AiDotNet.csproj::TargetFramework=net8.0]
/home/ooples/AiDotNet/src/TimeSeries/TimeSeriesModelBase.cs(43,48): error CS0535: 'TimeSeriesModelBase<T>' does not implement interface member 'IInterpretableModel<T, Matrix<T>, Vector<T>>.SetBaseModel(IModel<Matrix<T>, Vector<T>, ModelMetadata<T>>)' [/home/ooples/AiDotNet/src/AiDotNet.csproj::TargetFramework=net8.0]
/home/ooples/AiDotNet/src/TimeSeries/TimeSeriesModelBase.cs(43,48): error CS0738: 'TimeSeriesModelBase<T>' does not implement interface member 'IModel<Matrix<T>, Vector<T>, ModelMetadata<T>>.GetModelMetaData()'. 'TimeSeriesModelBase<T>.GetModelMetaData()' cannot implement 'IModel<Matrix<T>, Vector<T>, ModelMetadata<T>>.GetModelMetaData()' because it does not have the matching return type of 'ModelMetadata<T>'. [/home/ooples/AiDotNet/src/AiDotNet.csproj::TargetFramework=net8.0]
/home/ooples/AiDotNet/src/NeuralNetworks/TokenizerAdapter.cs(19,40): error CS0535: 'TokenizerAdapter<T>' does not implement interface member 'IInterpretableModel<T, string, string>.SetBaseModel(IModel<string, string, ModelMetadata<T>>)' [/home/ooples/AiDotNet/src/AiDotNet.csproj::TargetFramework=net8.0]
/home/ooples/AiDotNet/src/NeuralNetworks/TokenizerAdapter.cs(19,40): error CS0738: 'TokenizerAdapter<T>' does not implement interface member 'IModel<string, string, ModelMetadata<T>>.GetModelMetaData()'. 'TokenizerAdapter<T>.GetModelMetaData()' cannot implement 'IModel<string, string, ModelMetadata<T>>.GetModelMetaData()' because it does not have the matching return type of 'ModelMetadata<T>'. [/home/ooples/AiDotNet/src/AiDotNet.csproj::TargetFramework=net8.0]
/home/ooples/AiDotNet/src/ReinforcementLearning/Models/ReinforcementLearningModelBase.cs(57,59): error CS0535: 'ReinforcementLearningModelBase<T>' does not implement interface member 'IInterpretableModel<T, Tensor<T>, Tensor<T>>.SetBaseModel(IModel<Tensor<T>, Tensor<T>, ModelMetadata<T>>)' [/home/ooples/AiDotNet/src/AiDotNet.csproj::TargetFramework=net8.0]
/home/ooples/AiDotNet/src/ReinforcementLearning/Models/ReinforcementLearningModelBase.cs(57,59): error CS0738: 'ReinforcementLearningModelBase<T>' does not implement interface member 'IModel<Tensor<T>, Tensor<T>, ModelMetadata<T>>.GetModelMetaData()'. 'ReinforcementLearningModelBase<T>.GetModelMetaData()' cannot implement 'IModel<Tensor<T>, Tensor<T>, ModelMetadata<T>>.GetModelMetaData()' because it does not have the matching return type of 'ModelMetadata<T>'. [/home/ooples/AiDotNet/src/AiDotNet.csproj::TargetFramework=net8.0]
    0 Warning(s)
    219 Error(s)

Time Elapsed 00:00:50.44
